Change Component Designator: OldDesignator=Date NewDesignator=Date1
Change Component Designator: OldDesignator=Serial NewDesignator=Serial1
Add Component: Footprint Not Found RES_1206
Add Component: Footprint Not Found RES_1206
Add Component: Footprint Not Found RES_1206
Add Component: Footprint Not Found RES_1206
Add Component: Footprint Not Found RES_1206
Add Component: Footprint Not Found RES_1206
Add Component: Footprint Not Found CAPC1608X07N
Add Component: Footprint Not Found CAPC1608X07N
Add Component: Footprint Not Found CAPC1608X07N
Add Component: Footprint Not Found CAPC1608X07N
Add Component: Footprint Not Found CAPC1608X07N
Add Component: Footprint Not Found CAPC1608X07N
Add Component: Footprint Not Found CAPC1608X07N
Add Component: Footprint Not Found CAPC1608X07N
Add Component: Footprint Not Found CAPC1608X07N
Add Component: Footprint Not Found CAPC1608X07N
Add Component: Footprint Not Found CAPC1608X07N
Add Component: Footprint Not Found CAPC1608X07N
Add Component: Footprint Not Found CAPC1608X07N
Add Component: Footprint Not Found CAPC1608X07N
Add Component: Footprint Not Found CAPC1608X07N
Add Component: Footprint Not Found CAPC1608X07N
Add Component: Footprint Not Found CAPC1608X07N
Add Component: Footprint Not Found CAPC1608X07N
Add Component: Footprint Not Found CAPC1608X07N
Add Component: Footprint Not Found CAPC1608X07N
Add Component: Footprint Not Found CAPC1608X07N
Add Component: Footprint Not Found CAPC1608X07N
Add Component: Footprint Not Found CAPC1608X07N
Add Component: Footprint Not Found CAPC1608X07N
Add Component: Footprint Not Found CAPC1608X07N
Add Component: Footprint Not Found CAPC1608X07N
Add Component: Footprint Not Found CAPC1608X07N
Add Component: Footprint Not Found CAPC1608X07N
Add Component: Footprint Not Found CAPC1608X07N
Add Component: Footprint Not Found CAPC1608X07N
Add Component: Footprint Not Found RES_1206
Add Component: Footprint Not Found RES_1206
Add Component: Footprint Not Found RES_1206
Add Component: Footprint Not Found CAPC1608X07N
Add Component: Footprint Not Found CAPC1608X07N
Add Component: Footprint Not Found CAPC1608X07N
Add Component: Footprint Not Found RES_1206
Add Component: Footprint Not Found RES_1206
Add Component: Footprint Not Found RES_1206
Add Component: Footprint Not Found CAPC1608X07N
Add Component: Footprint Not Found CAPC1608X07N
Add Component: Footprint Not Found CAPC1608X07N
Add Component: Footprint Not Found CAPC1608X07N
Add Component: Footprint Not Found CAPC1608X07N
Add Component: Footprint Not Found CAPC1608X07N
Add Component: Footprint Not Found CAPC1608X07N
Add Component: Footprint Not Found CAPC1608X07N
Add Component: Footprint Not Found CAPC1608X07N
Add Component: Footprint Not Found CAPC1608X07N
Add Component: Footprint Not Found CAPC1608X07N
Add Component: Footprint Not Found CAPC1608X07N
Add Component: Footprint Not Found CAPC1608X07N
Add Component: Footprint Not Found CAPC1608X07N
Add Component: Footprint Not Found CAPC1608X07N
Add Component: Footprint Not Found CAPC1608X07N
Add Component: Footprint Not Found CAPC1608X07N
Add Component: Footprint Not Found CAPC1608X07N
Add Component: Footprint Not Found CAPC1608X07N
Add Component: Footprint Not Found CAPC1608X07N
Add Component: Footprint Not Found CAPC1608X07N
Add Component: Footprint Not Found CAPC1608X07N
Add Component: Footprint Not Found CAPC1608X07N
Add Component: Footprint Not Found CAPC1608X07N
Add Component: Footprint Not Found CAPC1608X07N
Add Component: Footprint Not Found CAPC1608X07N
Add Component: Footprint Not Found CAPC1608X07N
Add Component: Footprint Not Found CAPC1608X07N
Add Component: Footprint Not Found CAPC1608X07N
Add Component: Footprint Not Found CAPC1608X07N
Add Component: Footprint Not Found CAPC1608X07N
Add Component: Footprint Not Found CAPC1608X07N
Add Component: Footprint Not Found CAPC1608X07N
Add Component: Footprint Not Found CAPC1608X07N
Add Component: Footprint Not Found CAPC1608X07N
Add Component: Footprint Not Found CAPC1608X07N
Add Component: Footprint Not Found CAPC1608X07N
Add Component: Footprint Not Found CAPC1608X07N
Add Component: Footprint Not Found CAPC1608X07N
Add Component: Footprint Not Found CAPC1608X07N
Add Component: Footprint Not Found CAPC1608X07N
Add Component: Footprint Not Found CAPC1608X07N
Add Component: Footprint Not Found CAPC1608X07N
Add Component: Footprint Not Found CAPC1608X07N
Add Component: Footprint Not Found CAPC1608X07N
Add Component: Footprint Not Found SOT-23
Add Component: Footprint Not Found SOT-23
Add Component: Footprint Not Found SOT-23
Add Component: Footprint Not Found SOT-23
Add Component: Footprint Not Found SOT-23
Add Component: Footprint Not Found SOT-23
Add Component: Footprint Not Found SOT-23
Add Component: Footprint Not Found SOT-23
Add Component: Footprint Not Found SOT-23
Add Component: Footprint Not Found SOT-23
Add Component: Footprint Not Found SOT-23
Add Component: Footprint Not Found SOT-23
Add Component: Footprint Not Found SOT-23
Add Component: Footprint Not Found SOT-23
Add Component: Footprint Not Found SOT-23
Add Component: Footprint Not Found SOT-23
Add Component: Footprint Not Found SOT-23
Add Component: Footprint Not Found SOT-23
Added Component: Designator=F1(1812_PTC_Polyfuse_Littelfuse)
Add component (AddParameter): Name = "Component Type"; Value = "Littelfuse_PTC_1812"; VariantName = "[No Variations]"
Add component (AddParameter): Name = "ComponentLink1Description"; Value = "Datasheet"; VariantName = "[No Variations]"
Add component (AddParameter): Name = "ComponentLink1URL"; Value = "https://www.littelfuse.com/~/media/electronics/datasheets/resettable_ptcs/littelfuse_ptc_surface_mount_catalog_datasheet.pdf.pdf"; VariantName = "[No Variations]"
Add component (AddParameter): Name = "Created"; Value = "2019_02_10_AGeiger"; VariantName = "[No Variations]"
Add component (AddParameter): Name = "Created from"; Value = "MHlatky"; VariantName = "[No Variations]"
Add component (AddParameter): Name = "Created On"; Value = "07.05.2021 06:50:33"; VariantName = "[No Variations]"
Add component (AddParameter): Name = "Hold Current"; Value = "1.1A"; VariantName = "[No Variations]"
Add component (AddParameter): Name = "Last Updated"; Value = "27.05.2022 15:06:17"; VariantName = "[No Variations]"
Add component (AddParameter): Name = "LCSC Part Number"; Value = "C70119"; VariantName = "[No Variations]"
Add component (AddParameter): Name = "Live Cycle Status"; Value = "1"; VariantName = "[No Variations]"
Add component (AddParameter): Name = "Manufacturer"; Value = "Littelfuse"; VariantName = "[No Variations]"
Add component (AddParameter): Name = "Manufacturer Part Number"; Value = "Littelfuse_PTC_1812"; VariantName = "[No Variations]"
Add component (AddParameter): Name = "MF"; Value = "Littelfuse"; VariantName = "[No Variations]"
Add component (AddParameter): Name = "Mounting Type"; Value = "SMD"; VariantName = "[No Variations]"
Add component (AddParameter): Name = "MPN"; Value = "miniASMDC110F/24"; VariantName = "[No Variations]"
Add component (AddParameter): Name = "Nominal current"; Value = "1 A"; VariantName = "[No Variations]"
Add component (AddParameter): Name = "Operating Temperature"; Value = "-40 - 85 °C"; VariantName = "[No Variations]"
Add component (AddParameter): Name = "Package"; Value = "1812"; VariantName = "[No Variations]"
Add component (AddParameter): Name = "PartID"; Value = "5"; VariantName = "[No Variations]"
Add component (AddParameter): Name = "Resistance"; Value = "0.18 Ohm"; VariantName = "[No Variations]"
Add component (AddParameter): Name = "Supplier 1"; Value = "Mouser"; VariantName = "[No Variations]"
Add component (AddParameter): Name = "Supplier Part Number 1"; Value = "530-0ZCG0150BF2C"; VariantName = "[No Variations]"
Add component (AddParameter): Name = "Trip Current"; Value = "2.2A"; VariantName = "[No Variations]"
Add component (AddParameter): Name = "Type"; Value = "Fuse"; VariantName = "[No Variations]"
Add component (AddParameter): Name = "Value"; Value = "PTC, 1.1 A, 24V"; VariantName = "[No Variations]"
Add component (AddParameter): Name = "Voltage"; Value = "24V"; VariantName = "[No Variations]"
Added Component: Designator=F2(1812_PTC_Polyfuse_Littelfuse)
Add component (AddParameter): Name = "Component Type"; Value = "Littelfuse_PTC_1812"; VariantName = "[No Variations]"
Add component (AddParameter): Name = "ComponentLink1Description"; Value = "Datasheet"; VariantName = "[No Variations]"
Add component (AddParameter): Name = "ComponentLink1URL"; Value = "https://www.littelfuse.com/~/media/electronics/datasheets/resettable_ptcs/littelfuse_ptc_surface_mount_catalog_datasheet.pdf.pdf"; VariantName = "[No Variations]"
Add component (AddParameter): Name = "Created"; Value = "2019_02_10_AGeiger"; VariantName = "[No Variations]"
Add component (AddParameter): Name = "Created from"; Value = "MHlatky"; VariantName = "[No Variations]"
Add component (AddParameter): Name = "Created On"; Value = "07.05.2021 06:50:33"; VariantName = "[No Variations]"
Add component (AddParameter): Name = "Hold Current"; Value = "1.1A"; VariantName = "[No Variations]"
Add component (AddParameter): Name = "Last Updated"; Value = "27.05.2022 15:06:17"; VariantName = "[No Variations]"
Add component (AddParameter): Name = "LCSC Part Number"; Value = "C70119"; VariantName = "[No Variations]"
Add component (AddParameter): Name = "Live Cycle Status"; Value = "1"; VariantName = "[No Variations]"
Add component (AddParameter): Name = "Manufacturer"; Value = "Littelfuse"; VariantName = "[No Variations]"
Add component (AddParameter): Name = "Manufacturer Part Number"; Value = "Littelfuse_PTC_1812"; VariantName = "[No Variations]"
Add component (AddParameter): Name = "MF"; Value = "Littelfuse"; VariantName = "[No Variations]"
Add component (AddParameter): Name = "Mounting Type"; Value = "SMD"; VariantName = "[No Variations]"
Add component (AddParameter): Name = "MPN"; Value = "miniASMDC110F/24"; VariantName = "[No Variations]"
Add component (AddParameter): Name = "Nominal current"; Value = "1 A"; VariantName = "[No Variations]"
Add component (AddParameter): Name = "Operating Temperature"; Value = "-40 - 85 °C"; VariantName = "[No Variations]"
Add component (AddParameter): Name = "Package"; Value = "1812"; VariantName = "[No Variations]"
Add component (AddParameter): Name = "PartID"; Value = "5"; VariantName = "[No Variations]"
Add component (AddParameter): Name = "Resistance"; Value = "0.18 Ohm"; VariantName = "[No Variations]"
Add component (AddParameter): Name = "Supplier 1"; Value = "Mouser"; VariantName = "[No Variations]"
Add component (AddParameter): Name = "Supplier Part Number 1"; Value = "530-0ZCG0150BF2C"; VariantName = "[No Variations]"
Add component (AddParameter): Name = "Trip Current"; Value = "2.2A"; VariantName = "[No Variations]"
Add component (AddParameter): Name = "Type"; Value = "Fuse"; VariantName = "[No Variations]"
Add component (AddParameter): Name = "Value"; Value = "PTC, 1.1 A, 24V"; VariantName = "[No Variations]"
Add component (AddParameter): Name = "Voltage"; Value = "24V"; VariantName = "[No Variations]"
Added Component: Designator=F3(1812_PTC_Polyfuse_Littelfuse)
Add component (AddParameter): Name = "Component Type"; Value = "Littelfuse_PTC_1812"; VariantName = "[No Variations]"
Add component (AddParameter): Name = "ComponentLink1Description"; Value = "Datasheet"; VariantName = "[No Variations]"
Add component (AddParameter): Name = "ComponentLink1URL"; Value = "https://www.littelfuse.com/~/media/electronics/datasheets/resettable_ptcs/littelfuse_ptc_surface_mount_catalog_datasheet.pdf.pdf"; VariantName = "[No Variations]"
Add component (AddParameter): Name = "Created"; Value = "2019_02_10_AGeiger"; VariantName = "[No Variations]"
Add component (AddParameter): Name = "Created from"; Value = "MHlatky"; VariantName = "[No Variations]"
Add component (AddParameter): Name = "Created On"; Value = "07.05.2021 06:50:33"; VariantName = "[No Variations]"
Add component (AddParameter): Name = "Hold Current"; Value = "1.1A"; VariantName = "[No Variations]"
Add component (AddParameter): Name = "Last Updated"; Value = "27.05.2022 15:06:17"; VariantName = "[No Variations]"
Add component (AddParameter): Name = "LCSC Part Number"; Value = "C70119"; VariantName = "[No Variations]"
Add component (AddParameter): Name = "Live Cycle Status"; Value = "1"; VariantName = "[No Variations]"
Add component (AddParameter): Name = "Manufacturer"; Value = "Littelfuse"; VariantName = "[No Variations]"
Add component (AddParameter): Name = "Manufacturer Part Number"; Value = "Littelfuse_PTC_1812"; VariantName = "[No Variations]"
Add component (AddParameter): Name = "MF"; Value = "Littelfuse"; VariantName = "[No Variations]"
Add component (AddParameter): Name = "Mounting Type"; Value = "SMD"; VariantName = "[No Variations]"
Add component (AddParameter): Name = "MPN"; Value = "miniASMDC110F/24"; VariantName = "[No Variations]"
Add component (AddParameter): Name = "Nominal current"; Value = "1 A"; VariantName = "[No Variations]"
Add component (AddParameter): Name = "Operating Temperature"; Value = "-40 - 85 °C"; VariantName = "[No Variations]"
Add component (AddParameter): Name = "Package"; Value = "1812"; VariantName = "[No Variations]"
Add component (AddParameter): Name = "PartID"; Value = "5"; VariantName = "[No Variations]"
Add component (AddParameter): Name = "Resistance"; Value = "0.18 Ohm"; VariantName = "[No Variations]"
Add component (AddParameter): Name = "Supplier 1"; Value = "Mouser"; VariantName = "[No Variations]"
Add component (AddParameter): Name = "Supplier Part Number 1"; Value = "530-0ZCG0150BF2C"; VariantName = "[No Variations]"
Add component (AddParameter): Name = "Trip Current"; Value = "2.2A"; VariantName = "[No Variations]"
Add component (AddParameter): Name = "Type"; Value = "Fuse"; VariantName = "[No Variations]"
Add component (AddParameter): Name = "Value"; Value = "PTC, 1.1 A, 24V"; VariantName = "[No Variations]"
Add component (AddParameter): Name = "Voltage"; Value = "24V"; VariantName = "[No Variations]"
Add Component: Footprint Not Found WL-SMCW_0603
Add Component: Footprint Not Found WL-SMCW_0603
Add Component: Footprint Not Found WL-SMCW_0603
Add Component: Footprint Not Found SOT-23
Add Component: Footprint Not Found SOT-23
Add Component: Footprint Not Found SOT-23
Add Component: Footprint Not Found SOT-23
Add Component: Footprint Not Found SOT-23
Add Component: Footprint Not Found SOT-23
Add Component: Footprint Not Found SOT-23
Add Component: Footprint Not Found SOT-23
Add Component: Footprint Not Found SOT-23
Add Component: Footprint Not Found SOT-23
Add Component: Footprint Not Found SOT-23
Add Component: Footprint Not Found SOT-23
Add Component: Footprint Not Found RESC1608X06N
Add Component: Footprint Not Found RESC1608X06N
Add Component: Footprint Not Found RESC1608X06N
Add Component: Footprint Not Found RESC1608X06N
Add Component: Footprint Not Found RESC1608X06N
Add Component: Footprint Not Found RESC1608X06N
Add Component: Footprint Not Found RESC1608X06N
Add Component: Footprint Not Found RESC1608X06N
Add Component: Footprint Not Found RESC1608X06N
Add Component: Footprint Not Found RESC1608X06N
Add Component: Footprint Not Found RESC1608X06N
Add Component: Footprint Not Found RESC1608X06N
Add Component: Footprint Not Found RESC1608X06N
Add Component: Footprint Not Found RESC1608X06N
Add Component: Footprint Not Found RESC1608X06N
Add Component: Footprint Not Found RESC1608X06N
Add Component: Footprint Not Found RESC1608X06N
Add Component: Footprint Not Found RESC1608X06N
Add Component: Footprint Not Found RESC1608X06N
Add Component: Footprint Not Found RESC1608X06N
Add Component: Footprint Not Found RESC1608X06N
Add Component: Footprint Not Found RESC1608X06N
Add Component: Footprint Not Found RESC1608X06N
Add Component: Footprint Not Found RESC1608X06N
Add Component: Footprint Not Found RESC1608X06N
Add Component: Footprint Not Found RESC1608X06N
Add Component: Footprint Not Found RESC1608X06N
Add Component: Footprint Not Found RESC1608X06N
Add Component: Footprint Not Found RESC1608X06N
Add Component: Footprint Not Found RESC1608X06N
Add Component: Footprint Not Found RESC1608X06N
Add Component: Footprint Not Found RESC1608X06N
Add Component: Footprint Not Found RESC1608X06N
Add Component: Footprint Not Found RESC1608X06N
Add Component: Footprint Not Found RESC1608X06N
Add Component: Footprint Not Found RESC1608X06N
Add Component: Footprint Not Found RESC1608X06N
Add Component: Footprint Not Found RESC1608X06N
Add Component: Footprint Not Found RESC1608X06N
Add Component: Footprint Not Found RESC1608X06N
Add Component: Footprint Not Found RESC1608X06N
Add Component: Footprint Not Found RESC1608X06N
Add Component: Footprint Not Found RESC1608X06N
Add Component: Footprint Not Found RESC1608X06N
Add Component: Footprint Not Found RESC1608X06N
Add Component: Footprint Not Found RESC1608X06N
Add Component: Footprint Not Found RESC1608X06N
Add Component: Footprint Not Found RESC1608X06N
Add Component: Footprint Not Found RESC1608X06N
Add Component: Footprint Not Found RESC1608X06N
Add Component: Footprint Not Found RESC1608X06N
Add Component: Footprint Not Found RESC1608X06N
Add Component: Footprint Not Found RESC1608X06N
Add Component: Footprint Not Found RESC1608X06N
Add Component: Footprint Not Found RESC1608X06N
Add Component: Footprint Not Found RESC1608X06N
Add Component: Footprint Not Found RESC1608X06N
Add Component: Footprint Not Found RESC1608X06N
Add Component: Footprint Not Found RESC1608X06N
Add Component: Footprint Not Found RESC1608X06N
Add Component: Footprint Not Found RESC1608X06N
Add Component: Footprint Not Found RESC1608X06N
Add Component: Footprint Not Found RESC1608X06N
Add Component: Footprint Not Found RESC1608X06N
Add Component: Footprint Not Found RESC1608X06N
Add Component: Footprint Not Found RESC1608X06N
Add Component: Footprint Not Found RESC1608X06N
Add Component: Footprint Not Found RESC1608X06N
Add Component: Footprint Not Found RESC1608X06N
Add Component: Footprint Not Found RESC1608X06N
Add Component: Footprint Not Found RESC1608X06N
Add Component: Footprint Not Found RESC1608X06N
Add Component: Footprint Not Found RESC1608X06N
Add Component: Footprint Not Found RESC1608X06N
Add Component: Footprint Not Found RESC1608X06N
Add Component: Footprint Not Found RESC1608X06N
Add Component: Footprint Not Found RESC1608X06N
Add Component: Footprint Not Found RESC1608X06N
Add Component: Footprint Not Found RESC1608X06N
Add Component: Footprint Not Found RESC1608X06N
Add Component: Footprint Not Found RESC1608X06N
Add Component: Footprint Not Found RESC1608X06N
Add Component: Footprint Not Found RESC1608X06N
Add Component: Footprint Not Found RESC1608X06N
Add Component: Footprint Not Found RESC1608X06N
Add Component: Footprint Not Found RESC1608X06N
Add Component: Footprint Not Found RESC1608X06N
Add Component: Footprint Not Found RESC1608X06N
Add Component: Footprint Not Found RESC1608X06N
Add Component: Footprint Not Found RESC1608X06N
Add Component: Footprint Not Found RESC1608X06N
Add Component: Footprint Not Found RESC1608X06N
Add Component: Footprint Not Found RESC1608X06N
Add Component: Footprint Not Found RESC1608X06N
Add Component: Footprint Not Found RESC1608X06N
Add Component: Footprint Not Found RESC1608X06N
Add Component: Footprint Not Found RESC1608X06N
Add Component: Footprint Not Found RESC1608X06N
Add Component: Footprint Not Found RESC1608X06N
Add Component: Footprint Not Found RESC1608X06N
Add Component: Footprint Not Found RESC1608X06N
Add Component: Footprint Not Found RESC1608X06N
Add Component: Footprint Not Found RESC1608X06N
Add Component: Footprint Not Found RESC1608X06N
Add Component: Footprint Not Found RESC1608X06N
Add Component: Footprint Not Found RESC1608X06N
Add Component: Footprint Not Found RESC1608X06N
Add Component: Footprint Not Found RESC1608X06N
Add Component: Footprint Not Found RESC1608X06N
Add Component: Footprint Not Found RESC1608X06N
Add Component: Footprint Not Found RESC1608X06N
Add Component: Footprint Not Found RESC1608X06N
Add Component: Footprint Not Found RESC1608X06N
Add Component: Footprint Not Found RESC1608X06N
Add Component: Footprint Not Found RESC1608X06N
Add Component: Footprint Not Found RESC1608X06N
Add Component: Footprint Not Found RESC1608X06N
Add Component: Footprint Not Found RESC1608X06N
Add Component: Footprint Not Found RESC1608X06N
Add Component: Footprint Not Found RESC1608X06N
Add Component: Footprint Not Found RESC1608X06N
Add Component: Footprint Not Found RESC1608X06N
Add Component: Footprint Not Found RESC1608X06N
Add Component: Footprint Not Found RESC1608X06N
Add Component: Footprint Not Found RESC1608X06N
Add Component: Footprint Not Found RESC1608X06N
Added Component: Designator=TP1A(TP_1mm)
Add component (AddParameter): Name = "Created"; Value = "2018_06_25_AGeiger"; VariantName = "[No Variations]"
Add component (AddParameter): Name = "Value"; Value = "Testpoint 1mm"; VariantName = "[No Variations]"
Added Component: Designator=TP1B(TP_1mm)
Add component (AddParameter): Name = "Created"; Value = "2018_06_25_AGeiger"; VariantName = "[No Variations]"
Add component (AddParameter): Name = "Value"; Value = "Testpoint 1mm"; VariantName = "[No Variations]"
Added Component: Designator=TP1C(TP_1mm)
Add component (AddParameter): Name = "Created"; Value = "2018_06_25_AGeiger"; VariantName = "[No Variations]"
Add component (AddParameter): Name = "Value"; Value = "Testpoint 1mm"; VariantName = "[No Variations]"
Added Component: Designator=TP2A(TP_1mm)
Add component (AddParameter): Name = "Created"; Value = "2018_06_25_AGeiger"; VariantName = "[No Variations]"
Add component (AddParameter): Name = "Value"; Value = "Testpoint 1mm"; VariantName = "[No Variations]"
Added Component: Designator=TP2B(TP_1mm)
Add component (AddParameter): Name = "Created"; Value = "2018_06_25_AGeiger"; VariantName = "[No Variations]"
Add component (AddParameter): Name = "Value"; Value = "Testpoint 1mm"; VariantName = "[No Variations]"
Added Component: Designator=TP2C(TP_1mm)
Add component (AddParameter): Name = "Created"; Value = "2018_06_25_AGeiger"; VariantName = "[No Variations]"
Add component (AddParameter): Name = "Value"; Value = "Testpoint 1mm"; VariantName = "[No Variations]"
Added Component: Designator=TP3A(TP_1mm)
Add component (AddParameter): Name = "Created"; Value = "2018_06_25_AGeiger"; VariantName = "[No Variations]"
Add component (AddParameter): Name = "Value"; Value = "Testpoint 1mm"; VariantName = "[No Variations]"
Added Component: Designator=TP3B(TP_1mm)
Add component (AddParameter): Name = "Created"; Value = "2018_06_25_AGeiger"; VariantName = "[No Variations]"
Add component (AddParameter): Name = "Value"; Value = "Testpoint 1mm"; VariantName = "[No Variations]"
Added Component: Designator=TP3C(TP_1mm)
Add component (AddParameter): Name = "Created"; Value = "2018_06_25_AGeiger"; VariantName = "[No Variations]"
Add component (AddParameter): Name = "Value"; Value = "Testpoint 1mm"; VariantName = "[No Variations]"
Added Component: Designator=TP4A(TP_1mm)
Add component (AddParameter): Name = "Created"; Value = "2018_06_25_AGeiger"; VariantName = "[No Variations]"
Add component (AddParameter): Name = "Value"; Value = "Testpoint 1mm"; VariantName = "[No Variations]"
Added Component: Designator=TP4B(TP_1mm)
Add component (AddParameter): Name = "Created"; Value = "2018_06_25_AGeiger"; VariantName = "[No Variations]"
Add component (AddParameter): Name = "Value"; Value = "Testpoint 1mm"; VariantName = "[No Variations]"
Added Component: Designator=TP4C(TP_1mm)
Add component (AddParameter): Name = "Created"; Value = "2018_06_25_AGeiger"; VariantName = "[No Variations]"
Add component (AddParameter): Name = "Value"; Value = "Testpoint 1mm"; VariantName = "[No Variations]"
Added Component: Designator=TP5A(TP_1mm)
Add component (AddParameter): Name = "Created"; Value = "2018_06_25_AGeiger"; VariantName = "[No Variations]"
Add component (AddParameter): Name = "Value"; Value = "Testpoint 1mm"; VariantName = "[No Variations]"
Added Component: Designator=TP5B(TP_1mm)
Add component (AddParameter): Name = "Created"; Value = "2018_06_25_AGeiger"; VariantName = "[No Variations]"
Add component (AddParameter): Name = "Value"; Value = "Testpoint 1mm"; VariantName = "[No Variations]"
Added Component: Designator=TP5C(TP_1mm)
Add component (AddParameter): Name = "Created"; Value = "2018_06_25_AGeiger"; VariantName = "[No Variations]"
Add component (AddParameter): Name = "Value"; Value = "Testpoint 1mm"; VariantName = "[No Variations]"
Added Component: Designator=TP6A(TP_1mm)
Add component (AddParameter): Name = "Created"; Value = "2018_06_25_AGeiger"; VariantName = "[No Variations]"
Add component (AddParameter): Name = "Value"; Value = "Testpoint 1mm"; VariantName = "[No Variations]"
Added Component: Designator=TP6B(TP_1mm)
Add component (AddParameter): Name = "Created"; Value = "2018_06_25_AGeiger"; VariantName = "[No Variations]"
Add component (AddParameter): Name = "Value"; Value = "Testpoint 1mm"; VariantName = "[No Variations]"
Added Component: Designator=TP6C(TP_1mm)
Add component (AddParameter): Name = "Created"; Value = "2018_06_25_AGeiger"; VariantName = "[No Variations]"
Add component (AddParameter): Name = "Value"; Value = "Testpoint 1mm"; VariantName = "[No Variations]"
Added Component: Designator=TP7A(TP_1mm)
Add component (AddParameter): Name = "Created"; Value = "2018_06_25_AGeiger"; VariantName = "[No Variations]"
Add component (AddParameter): Name = "Value"; Value = "Testpoint 1mm"; VariantName = "[No Variations]"
Added Component: Designator=TP7B(TP_1mm)
Add component (AddParameter): Name = "Created"; Value = "2018_06_25_AGeiger"; VariantName = "[No Variations]"
Add component (AddParameter): Name = "Value"; Value = "Testpoint 1mm"; VariantName = "[No Variations]"
Added Component: Designator=TP7C(TP_1mm)
Add component (AddParameter): Name = "Created"; Value = "2018_06_25_AGeiger"; VariantName = "[No Variations]"
Add component (AddParameter): Name = "Value"; Value = "Testpoint 1mm"; VariantName = "[No Variations]"
Added Component: Designator=TP8A(TP_1mm)
Add component (AddParameter): Name = "Created"; Value = "2018_06_25_AGeiger"; VariantName = "[No Variations]"
Add component (AddParameter): Name = "Value"; Value = "Testpoint 1mm"; VariantName = "[No Variations]"
Added Component: Designator=TP8B(TP_1mm)
Add component (AddParameter): Name = "Created"; Value = "2018_06_25_AGeiger"; VariantName = "[No Variations]"
Add component (AddParameter): Name = "Value"; Value = "Testpoint 1mm"; VariantName = "[No Variations]"
Added Component: Designator=TP8C(TP_1mm)
Add component (AddParameter): Name = "Created"; Value = "2018_06_25_AGeiger"; VariantName = "[No Variations]"
Add component (AddParameter): Name = "Value"; Value = "Testpoint 1mm"; VariantName = "[No Variations]"
Added Component: Designator=TP9A(TP_1mm)
Add component (AddParameter): Name = "Created"; Value = "2018_06_25_AGeiger"; VariantName = "[No Variations]"
Add component (AddParameter): Name = "Value"; Value = "Testpoint 1mm"; VariantName = "[No Variations]"
Added Component: Designator=TP9B(TP_1mm)
Add component (AddParameter): Name = "Created"; Value = "2018_06_25_AGeiger"; VariantName = "[No Variations]"
Add component (AddParameter): Name = "Value"; Value = "Testpoint 1mm"; VariantName = "[No Variations]"
Added Component: Designator=TP9C(TP_1mm)
Add component (AddParameter): Name = "Created"; Value = "2018_06_25_AGeiger"; VariantName = "[No Variations]"
Add component (AddParameter): Name = "Value"; Value = "Testpoint 1mm"; VariantName = "[No Variations]"
Added Component: Designator=TP10A(TP_1mm)
Add component (AddParameter): Name = "Created"; Value = "2018_06_25_AGeiger"; VariantName = "[No Variations]"
Add component (AddParameter): Name = "Value"; Value = "Testpoint 1mm"; VariantName = "[No Variations]"
Added Component: Designator=TP10B(TP_1mm)
Add component (AddParameter): Name = "Created"; Value = "2018_06_25_AGeiger"; VariantName = "[No Variations]"
Add component (AddParameter): Name = "Value"; Value = "Testpoint 1mm"; VariantName = "[No Variations]"
Added Component: Designator=TP10C(TP_1mm)
Add component (AddParameter): Name = "Created"; Value = "2018_06_25_AGeiger"; VariantName = "[No Variations]"
Add component (AddParameter): Name = "Value"; Value = "Testpoint 1mm"; VariantName = "[No Variations]"
Added Component: Designator=TP11A(TP_1mm)
Add component (AddParameter): Name = "Created"; Value = "2018_06_25_AGeiger"; VariantName = "[No Variations]"
Add component (AddParameter): Name = "Value"; Value = "Testpoint 1mm"; VariantName = "[No Variations]"
Added Component: Designator=TP11B(TP_1mm)
Add component (AddParameter): Name = "Created"; Value = "2018_06_25_AGeiger"; VariantName = "[No Variations]"
Add component (AddParameter): Name = "Value"; Value = "Testpoint 1mm"; VariantName = "[No Variations]"
Added Component: Designator=TP11C(TP_1mm)
Add component (AddParameter): Name = "Created"; Value = "2018_06_25_AGeiger"; VariantName = "[No Variations]"
Add component (AddParameter): Name = "Value"; Value = "Testpoint 1mm"; VariantName = "[No Variations]"
Add Component: Footprint Not Found LQFP-48_L
Add Component: Footprint Not Found LQFP-48_L
Add Component: Footprint Not Found LQFP-48_L
Add Component: Footprint Not Found DC/DC 24V-->12V 1W Aislado
Add Component: Footprint Not Found DC/DC 24V-->12V 1W Aislado
Add Component: Footprint Not Found DC/DC 24V-->12V 1W Aislado
Add Component: Footprint Not Found SOIC8_N
Add Component: Footprint Not Found SOIC8_N
Add Component: Footprint Not Found SOIC8_N
Add Component: Footprint Not Found SOIC-14
Add Component: Footprint Not Found SOIC-14
Add Component: Footprint Not Found SOIC-14
Added Component: Designator=X2(HDR2X6)
Add component (AddParameter): Name = "LatestRevisionDate"; Value = "17-Jul-2002"; VariantName = "[No Variations]"
Add component (AddParameter): Name = "LatestRevisionNote"; Value = "Re-released for DXP Platform."; VariantName = "[No Variations]"
Add component (AddParameter): Name = "Publisher"; Value = "Altium Limited"; VariantName = "[No Variations]"
Add Component: Footprint Not Found Conector 3x2 TH Horizontal
Add Component: Footprint Not Found Conector 3x2 TH Horizontal
Add Component: Footprint Not Found Conector 3x2 TH Horizontal
Add Component: Footprint Not Found CRYSTALOSC
Add Component: Footprint Not Found CRYSTALOSC
Add Component: Footprint Not Found CRYSTALOSC
Add Pin To Net: Unknown Pin: Pin BS1A-2
Add Pin To Net: Unknown Pin: Pin BS1B-2
Add Pin To Net: Unknown Pin: Pin BS1C-2
Add Pin To Net: Unknown Pin: Pin C1A-1
Add Pin To Net: Unknown Pin: Pin C1B-1
Add Pin To Net: Unknown Pin: Pin C1C-1
Add Pin To Net: Unknown Pin: Pin C2A-1
Add Pin To Net: Unknown Pin: Pin C2B-1
Add Pin To Net: Unknown Pin: Pin C2C-1
Add Pin To Net: Unknown Pin: Pin C3A-2
Add Pin To Net: Unknown Pin: Pin C3B-2
Add Pin To Net: Unknown Pin: Pin C3C-2
Add Pin To Net: Unknown Pin: Pin C4A-2
Add Pin To Net: Unknown Pin: Pin C4B-2
Add Pin To Net: Unknown Pin: Pin C4C-2
Add Pin To Net: Unknown Pin: Pin C7A-1
Add Pin To Net: Unknown Pin: Pin C7B-1
Add Pin To Net: Unknown Pin: Pin C7C-1
Add Pin To Net: Unknown Pin: Pin C10A-1
Add Pin To Net: Unknown Pin: Pin C10B-1
Add Pin To Net: Unknown Pin: Pin C10C-1
Add Pin To Net: Unknown Pin: Pin C11A-2
Add Pin To Net: Unknown Pin: Pin C11B-2
Add Pin To Net: Unknown Pin: Pin C11C-2
Add Pin To Net: Unknown Pin: Pin C12A-2
Add Pin To Net: Unknown Pin: Pin C12B-2
Add Pin To Net: Unknown Pin: Pin C12C-2
Add Pin To Net: Unknown Pin: Pin C13A-2
Add Pin To Net: Unknown Pin: Pin C13B-2
Add Pin To Net: Unknown Pin: Pin C13C-2
Add Pin To Net: Unknown Pin: Pin C16A-2
Add Pin To Net: Unknown Pin: Pin C16B-2
Add Pin To Net: Unknown Pin: Pin C16C-2
Add Pin To Net: Unknown Pin: Pin C17A-2
Add Pin To Net: Unknown Pin: Pin C17B-2
Add Pin To Net: Unknown Pin: Pin C17C-2
Add Pin To Net: Unknown Pin: Pin C18A-2
Add Pin To Net: Unknown Pin: Pin C18B-2
Add Pin To Net: Unknown Pin: Pin C18C-2
Add Pin To Net: Unknown Pin: Pin C19A-2
Add Pin To Net: Unknown Pin: Pin C19B-2
Add Pin To Net: Unknown Pin: Pin C19C-2
Add Pin To Net: Unknown Pin: Pin C20A-2
Add Pin To Net: Unknown Pin: Pin C20B-2
Add Pin To Net: Unknown Pin: Pin C20C-2
Add Pin To Net: Unknown Pin: Pin C21A-2
Add Pin To Net: Unknown Pin: Pin C21B-2
Add Pin To Net: Unknown Pin: Pin C21C-2
Add Pin To Net: Unknown Pin: Pin C22A-2
Add Pin To Net: Unknown Pin: Pin C22B-2
Add Pin To Net: Unknown Pin: Pin C22C-2
Add Pin To Net: Unknown Pin: Pin C23A-2
Add Pin To Net: Unknown Pin: Pin C23B-2
Add Pin To Net: Unknown Pin: Pin C23C-2
Add Pin To Net: Unknown Pin: Pin C24A-2
Add Pin To Net: Unknown Pin: Pin C24B-2
Add Pin To Net: Unknown Pin: Pin C24C-2
Add Pin To Net: Unknown Pin: Pin C25A-2
Add Pin To Net: Unknown Pin: Pin C25B-2
Add Pin To Net: Unknown Pin: Pin C25C-2
Add Pin To Net: Unknown Pin: Pin C26A-2
Add Pin To Net: Unknown Pin: Pin C26B-2
Add Pin To Net: Unknown Pin: Pin C26C-2
Add Pin To Net: Unknown Pin: Pin C27A-2
Add Pin To Net: Unknown Pin: Pin C27B-2
Add Pin To Net: Unknown Pin: Pin C27C-2
Add Pin To Net: Unknown Pin: Pin C28A-2
Add Pin To Net: Unknown Pin: Pin C28B-2
Add Pin To Net: Unknown Pin: Pin C28C-2
Add Pin To Net: Unknown Pin: Pin D3A-1
Add Pin To Net: Unknown Pin: Pin D3B-1
Add Pin To Net: Unknown Pin: Pin D3C-1
Add Pin To Net: Unknown Pin: Pin D4A-1
Add Pin To Net: Unknown Pin: Pin D4B-1
Add Pin To Net: Unknown Pin: Pin D4C-1
Add Pin To Net: Unknown Pin: Pin D5A-1
Add Pin To Net: Unknown Pin: Pin D5B-1
Add Pin To Net: Unknown Pin: Pin D5C-1
Add Pin To Net: Unknown Pin: Pin D6A-1
Add Pin To Net: Unknown Pin: Pin D6B-1
Add Pin To Net: Unknown Pin: Pin D6C-1
Added Pin To Net: NetName=VIN Pin=F1-1
Added Pin To Net: NetName=5V_PER Pin=F2-1
Added Pin To Net: NetName=3V3_PER Pin=F3-1
Add Pin To Net: Unknown Pin: Pin LED1-1
Add Pin To Net: Unknown Pin: Pin LED2-1
Add Pin To Net: Unknown Pin: Pin LED3-1
Add Pin To Net: Unknown Pin: Pin Q2A-3
Add Pin To Net: Unknown Pin: Pin Q2B-3
Add Pin To Net: Unknown Pin: Pin Q2C-3
Add Pin To Net: Unknown Pin: Pin Q4A-3
Add Pin To Net: Unknown Pin: Pin Q4B-3
Add Pin To Net: Unknown Pin: Pin Q4C-3
Add Pin To Net: Unknown Pin: Pin R6A-1
Add Pin To Net: Unknown Pin: Pin R6B-1
Add Pin To Net: Unknown Pin: Pin R6C-1
Add Pin To Net: Unknown Pin: Pin R8A-2
Add Pin To Net: Unknown Pin: Pin R8B-2
Add Pin To Net: Unknown Pin: Pin R8C-2
Add Pin To Net: Unknown Pin: Pin R9A-1
Add Pin To Net: Unknown Pin: Pin R9B-1
Add Pin To Net: Unknown Pin: Pin R9C-1
Add Pin To Net: Unknown Pin: Pin R11A-1
Add Pin To Net: Unknown Pin: Pin R11B-1
Add Pin To Net: Unknown Pin: Pin R11C-1
Add Pin To Net: Unknown Pin: Pin R13A-1
Add Pin To Net: Unknown Pin: Pin R13B-1
Add Pin To Net: Unknown Pin: Pin R13C-1
Add Pin To Net: Unknown Pin: Pin R14A-1
Add Pin To Net: Unknown Pin: Pin R14B-1
Add Pin To Net: Unknown Pin: Pin R14C-1
Add Pin To Net: Unknown Pin: Pin R16A-1
Add Pin To Net: Unknown Pin: Pin R16B-1
Add Pin To Net: Unknown Pin: Pin R16C-1
Add Pin To Net: Unknown Pin: Pin R17A-1
Add Pin To Net: Unknown Pin: Pin R17A-2
Add Pin To Net: Unknown Pin: Pin R17B-1
Add Pin To Net: Unknown Pin: Pin R17B-2
Add Pin To Net: Unknown Pin: Pin R17C-1
Add Pin To Net: Unknown Pin: Pin R17C-2
Add Pin To Net: Unknown Pin: Pin R18A-1
Add Pin To Net: Unknown Pin: Pin R18B-1
Add Pin To Net: Unknown Pin: Pin R18C-1
Add Pin To Net: Unknown Pin: Pin R19A-1
Add Pin To Net: Unknown Pin: Pin R19A-2
Add Pin To Net: Unknown Pin: Pin R19B-1
Add Pin To Net: Unknown Pin: Pin R19B-2
Add Pin To Net: Unknown Pin: Pin R19C-1
Add Pin To Net: Unknown Pin: Pin R19C-2
Add Pin To Net: Unknown Pin: Pin R20A-2
Add Pin To Net: Unknown Pin: Pin R20B-2
Add Pin To Net: Unknown Pin: Pin R20C-2
Add Pin To Net: Unknown Pin: Pin R22A-1
Add Pin To Net: Unknown Pin: Pin R22B-1
Add Pin To Net: Unknown Pin: Pin R22C-1
Add Pin To Net: Unknown Pin: Pin R30A-2
Add Pin To Net: Unknown Pin: Pin R30B-2
Add Pin To Net: Unknown Pin: Pin R30C-2
Add Pin To Net: Unknown Pin: Pin R34A-2
Add Pin To Net: Unknown Pin: Pin R34B-2
Add Pin To Net: Unknown Pin: Pin R34C-2
Added Pin To Net: NetName=DIG_IO_06 Pin=TP3A-1
Added Pin To Net: NetName=DIG_IO_15 Pin=TP3B-1
Added Pin To Net: NetName=DIG_IO_24 Pin=TP3C-1
Added Pin To Net: NetName=DIG_IO_05 Pin=TP4A-1
Added Pin To Net: NetName=DIG_IO_14 Pin=TP4B-1
Added Pin To Net: NetName=DIG_IO_23 Pin=TP4C-1
Add Pin To Net: Unknown Pin: Pin U1A-4
Add Pin To Net: Unknown Pin: Pin U1A-5
Add Pin To Net: Unknown Pin: Pin U1A-10
Add Pin To Net: Unknown Pin: Pin U1A-11
Add Pin To Net: Unknown Pin: Pin U1A-12
Add Pin To Net: Unknown Pin: Pin U1A-13
Add Pin To Net: Unknown Pin: Pin U1A-19
Add Pin To Net: Unknown Pin: Pin U1A-36
Add Pin To Net: Unknown Pin: Pin U1A-37
Add Pin To Net: Unknown Pin: Pin U1B-4
Add Pin To Net: Unknown Pin: Pin U1B-5
Add Pin To Net: Unknown Pin: Pin U1B-10
Add Pin To Net: Unknown Pin: Pin U1B-11
Add Pin To Net: Unknown Pin: Pin U1B-12
Add Pin To Net: Unknown Pin: Pin U1B-13
Add Pin To Net: Unknown Pin: Pin U1B-19
Add Pin To Net: Unknown Pin: Pin U1B-36
Add Pin To Net: Unknown Pin: Pin U1B-37
Add Pin To Net: Unknown Pin: Pin U1C-4
Add Pin To Net: Unknown Pin: Pin U1C-5
Add Pin To Net: Unknown Pin: Pin U1C-10
Add Pin To Net: Unknown Pin: Pin U1C-11
Add Pin To Net: Unknown Pin: Pin U1C-12
Add Pin To Net: Unknown Pin: Pin U1C-13
Add Pin To Net: Unknown Pin: Pin U1C-19
Add Pin To Net: Unknown Pin: Pin U1C-36
Add Pin To Net: Unknown Pin: Pin U1C-37
Add Pin To Net: Unknown Pin: Pin U2A-1
Add Pin To Net: Unknown Pin: Pin U2A-4
Add Pin To Net: Unknown Pin: Pin U2B-1
Add Pin To Net: Unknown Pin: Pin U2B-4
Add Pin To Net: Unknown Pin: Pin U2C-1
Add Pin To Net: Unknown Pin: Pin U2C-4
Add Pin To Net: Unknown Pin: Pin U3A-4
Add Pin To Net: Unknown Pin: Pin U3B-4
Add Pin To Net: Unknown Pin: Pin U3C-4
Add Pin To Net: Unknown Pin: Pin U4A-11
Add Pin To Net: Unknown Pin: Pin U4B-11
Add Pin To Net: Unknown Pin: Pin U4C-11
Added Pin To Net: NetName=GND Pin=X2-3
Added Pin To Net: NetName=GND Pin=X2-4
Added Pin To Net: NetName=GND Pin=X2-7
Added Pin To Net: NetName=GND Pin=X2-8
Added Pin To Net: NetName=GND Pin=X2-11
Added Pin To Net: NetName=GND Pin=X2-12
Add Pin To Net: Unknown Pin: Pin XT1A-2
Add Pin To Net: Unknown Pin: Pin XT1A-4
Add Pin To Net: Unknown Pin: Pin XT1B-2
Add Pin To Net: Unknown Pin: Pin XT1B-4
Add Pin To Net: Unknown Pin: Pin XT1C-2
Add Pin To Net: Unknown Pin: Pin XT1C-4
Added Net: Name=+5V_Resolver
Added Pin To Net: NetName=+12V Pin=TP11A-1
Added Pin To Net: NetName=+12V Pin=TP11B-1
Added Pin To Net: NetName=+12V Pin=TP11C-1
Added Net: Name=+12V
Added Pin To Net: NetName=3V3_PER_fused Pin=F3-2
Added Pin To Net: NetName=3V3_PER_fused Pin=X2-9
Added Pin To Net: NetName=3V3_PER_fused Pin=X2-10
Added Net: Name=3V3_PER_fused
Added Pin To Net: NetName=5V_PER_fused Pin=F2-2
Added Pin To Net: NetName=5V_PER_fused Pin=X2-5
Added Pin To Net: NetName=5V_PER_fused Pin=X2-6
Added Net: Name=5V_PER_fused
Added Pin To Net: NetName=\Reset_ResolverA Pin=X1-25
Added Net: Name=\Reset_ResolverA
Added Pin To Net: NetName=\Reset_ResolverB Pin=X1-42
Added Net: Name=\Reset_ResolverB
Added Pin To Net: NetName=\Reset_ResolverC Pin=X1-61
Added Net: Name=\Reset_ResolverC
Added Pin To Net: NetName=\Resolver_CSA Pin=X1-30
Added Net: Name=\Resolver_CSA
Added Pin To Net: NetName=\Resolver_CSB Pin=X1-49
Added Net: Name=\Resolver_CSB
Added Pin To Net: NetName=\Resolver_CSC Pin=X1-66
Added Net: Name=\Resolver_CSC
Added Net: Name=AGND_RESOLVER
Added Pin To Net: NetName=CLK_INA Pin=TP1A-1
Added Net: Name=CLK_INA
Added Pin To Net: NetName=CLK_INB Pin=TP1B-1
Added Net: Name=CLK_INB
Added Pin To Net: NetName=CLK_INC Pin=TP1C-1
Added Net: Name=CLK_INC
Added Pin To Net: NetName=CLK_OUTA Pin=TP2A-1
Added Net: Name=CLK_OUTA
Added Pin To Net: NetName=CLK_OUTB Pin=TP2B-1
Added Net: Name=CLK_OUTB
Added Pin To Net: NetName=CLK_OUTC Pin=TP2C-1
Added Net: Name=CLK_OUTC
Added Pin To Net: NetName=COS_LOA Pin=TP6A-1
Added Net: Name=COS_LOA
Added Pin To Net: NetName=COS_LOB Pin=TP6B-1
Added Net: Name=COS_LOB
Added Pin To Net: NetName=COS_LOC Pin=TP6C-1
Added Net: Name=COS_LOC
Added Pin To Net: NetName=COSA Pin=TP5A-1
Added Net: Name=COSA
Added Pin To Net: NetName=COSB Pin=TP5B-1
Added Net: Name=COSB
Added Pin To Net: NetName=COSC Pin=TP5C-1
Added Net: Name=COSC
Added Pin To Net: NetName=EXCA Pin=TP9A-1
Added Net: Name=EXCA
Added Pin To Net: NetName=EXCB Pin=TP9B-1
Added Net: Name=EXCB
Added Pin To Net: NetName=EXCC Pin=TP9C-1
Added Net: Name=EXCC
Added Pin To Net: NetName=N_EXCA Pin=TP10A-1
Added Net: Name=N_EXCA
Added Pin To Net: NetName=N_EXCB Pin=TP10B-1
Added Net: Name=N_EXCB
Added Pin To Net: NetName=N_EXCC Pin=TP10C-1
Added Net: Name=N_EXCC
Added Net: Name=NetC5A_2
Added Net: Name=NetC5B_2
Added Net: Name=NetC5C_2
Added Net: Name=NetC14A_1
Added Net: Name=NetC14A_2
Added Net: Name=NetC14B_1
Added Net: Name=NetC14B_2
Added Net: Name=NetC14C_1
Added Net: Name=NetC14C_2
Added Net: Name=NetC15A_1
Added Net: Name=NetC15A_2
Added Net: Name=NetC15B_1
Added Net: Name=NetC15B_2
Added Net: Name=NetC15C_1
Added Net: Name=NetC15C_2
Added Net: Name=NetC16A_1
Added Net: Name=NetC16B_1
Added Net: Name=NetC16C_1
Added Net: Name=NetC17A_1
Added Net: Name=NetC17B_1
Added Net: Name=NetC17C_1
Added Net: Name=NetC18A_1
Added Net: Name=NetC18B_1
Added Net: Name=NetC18C_1
Added Net: Name=NetC19A_1
Added Net: Name=NetC19B_1
Added Net: Name=NetC19C_1
Added Net: Name=NetC20A_1
Added Net: Name=NetC20B_1
Added Net: Name=NetC20C_1
Added Net: Name=NetC21A_1
Added Net: Name=NetC21B_1
Added Net: Name=NetC21C_1
Added Net: Name=NetC22A_1
Added Net: Name=NetC22B_1
Added Net: Name=NetC22C_1
Added Net: Name=NetC23A_1
Added Net: Name=NetC23B_1
Added Net: Name=NetC23C_1
Added Net: Name=NetD1A_1
Added Net: Name=NetD1A_2
Added Net: Name=NetD1A_3
Added Net: Name=NetD1B_1
Added Net: Name=NetD1B_2
Added Net: Name=NetD1B_3
Added Net: Name=NetD1C_1
Added Net: Name=NetD1C_2
Added Net: Name=NetD1C_3
Added Net: Name=NetD2A_1
Added Net: Name=NetD2A_2
Added Net: Name=NetD2A_3
Added Net: Name=NetD2B_1
Added Net: Name=NetD2B_2
Added Net: Name=NetD2B_3
Added Net: Name=NetD2C_1
Added Net: Name=NetD2C_2
Added Net: Name=NetD2C_3
Added Net: Name=NetLED1_2
Added Net: Name=NetLED2_2
Added Net: Name=NetLED3_2
Added Net: Name=NetQ1A_1
Added Net: Name=NetQ1A_2
Added Net: Name=NetQ1B_1
Added Net: Name=NetQ1B_2
Added Net: Name=NetQ1C_1
Added Net: Name=NetQ1C_2
Added Net: Name=NetQ2A_1
Added Net: Name=NetQ2A_2
Added Net: Name=NetQ2B_1
Added Net: Name=NetQ2B_2
Added Net: Name=NetQ2C_1
Added Net: Name=NetQ2C_2
Added Net: Name=NetQ3A_1
Added Net: Name=NetQ3A_2
Added Net: Name=NetQ3B_1
Added Net: Name=NetQ3B_2
Added Net: Name=NetQ3C_1
Added Net: Name=NetQ3C_2
Added Net: Name=NetQ4A_1
Added Net: Name=NetQ4A_2
Added Net: Name=NetQ4B_1
Added Net: Name=NetQ4B_2
Added Net: Name=NetQ4C_1
Added Net: Name=NetQ4C_2
Added Net: Name=NetR6A_2
Added Net: Name=NetR6B_2
Added Net: Name=NetR6C_2
Added Net: Name=NetR9A_2
Added Net: Name=NetR9B_2
Added Net: Name=NetR9C_2
Added Net: Name=NetR10A_1
Added Net: Name=NetR10B_1
Added Net: Name=NetR10C_1
Added Net: Name=NetR14A_2
Added Net: Name=NetR14B_2
Added Net: Name=NetR14C_2
Added Net: Name=NetR43A_1
Added Net: Name=NetR43B_1
Added Net: Name=NetR43C_1
Added Net: Name=NetR44A_1
Added Net: Name=NetR44B_1
Added Net: Name=NetR44C_1
Added Net: Name=NetR45A_1
Added Net: Name=NetR45B_1
Added Net: Name=NetR45C_1
Added Net: Name=NetR46A_1
Added Net: Name=NetR46B_1
Added Net: Name=NetR46C_1
Added Pin To Net: NetName=SIN_LOA Pin=TP8A-1
Added Net: Name=SIN_LOA
Added Pin To Net: NetName=SIN_LOB Pin=TP8B-1
Added Net: Name=SIN_LOB
Added Pin To Net: NetName=SIN_LOC Pin=TP8C-1
Added Net: Name=SIN_LOC
Added Pin To Net: NetName=SINA Pin=TP7A-1
Added Net: Name=SINA
Added Pin To Net: NetName=SINB Pin=TP7B-1
Added Net: Name=SINB
Added Pin To Net: NetName=SINC Pin=TP7C-1
Added Net: Name=SINC
Added Pin To Net: NetName=VIN_fused Pin=F1-2
Added Pin To Net: NetName=VIN_fused Pin=X2-1
Added Pin To Net: NetName=VIN_fused Pin=X2-2
Added Net: Name=VIN_fused
Added Net: Name=VREF_Resolver
Added Class: Name=Buffer_EXCA
Added Class: Name=Buffer_EXCB
Added Class: Name=Buffer_EXCC
Added Class: Name=Impedance ConverterA
Added Class: Name=Impedance ConverterB
Added Class: Name=Impedance ConverterC
Added Class: Name=U_ResolverA
Added Class: Name=U_ResolverB
Added Class: Name=U_ResolverC
Added Class: Name=Buffer_EXC
Added Class: Name=Impedance converter
Added Class: Name=Resolver
Added Member To Class: ClassName=X1 Member=Component F1 Littelfuse_PTC_1812
Added Member To Class: ClassName=X1 Member=Component F2 Littelfuse_PTC_1812
Added Member To Class: ClassName=X1 Member=Component F3 Littelfuse_PTC_1812
Add Class Member: Failed to add class member : Component LED1 150060BS75000
Add Class Member: Failed to add class member : Component LED2 150060RS75000
Add Class Member: Failed to add class member : Component LED3 150060GS75000
Add Class Member: Failed to add class member : Component R3 24.9k
Add Class Member: Failed to add class member : Component R4 3.01k
Add Class Member: Failed to add class member : Component R5 1.3k
Added Member To Class: ClassName=X1 Member=Component X2 Header 6X2
Added Room: Name=Buffer_EXCA
Added Room: Name=Buffer_EXCB
Added Room: Name=Buffer_EXCC
Added Room: Name=Impedance ConverterA
Added Room: Name=Impedance ConverterB
Added Room: Name=Impedance ConverterC
Added Room: Name=U_ResolverA
Added Room: Name=U_ResolverB
Added Room: Name=U_ResolverC
