Change component parameters: Designator = "U4A" ("U4"); Footprint = "SOIC-14"; UniqueID = "\1GCDQYXZE\KDNBOLQT\DOOJWTWT" ("\1GCDQYXZE\KDNBOLQT\DOOJWTWT")
Change component parameters (AddParameter): Name = "MF"; Value = "Analog Devices"; VariantName = "[No Variations]"
Change component parameters (AddParameter): Name = "MPN"; Value = "LT1639CS#PBF"; VariantName = "[No Variations]"
Change component parameters (AddParameter): Name = "Package"; Value = "SO-14"; VariantName = "[No Variations]"
Change component parameters (AddParameter): Name = "Supplier 1"; Value = "Mouser"; VariantName = "[No Variations]"
Change component parameters (AddParameter): Name = "Supplier 2"; Value = "Digikey"; VariantName = "[No Variations]"
Change component parameters (AddParameter): Name = "Supplier Part Number 1"; Value = "584-LT1639CS#PBF"; VariantName = "[No Variations]"
Change component parameters (AddParameter): Name = "Supplier Part Number 2"; Value = "LT1639CS#PBF-ND"; VariantName = "[No Variations]"
Change component parameters: Designator = "U4B" ("U4"); Footprint = "SOIC-14"; UniqueID = "\2GCDQYXZE\KDNBOLQT\DOOJWTWT" ("\2GCDQYXZE\KDNBOLQT\DOOJWTWT")
Change component parameters (AddParameter): Name = "MF"; Value = "Analog Devices"; VariantName = "[No Variations]"
Change component parameters (AddParameter): Name = "MPN"; Value = "LT1639CS#PBF"; VariantName = "[No Variations]"
Change component parameters (AddParameter): Name = "Package"; Value = "SO-14"; VariantName = "[No Variations]"
Change component parameters (AddParameter): Name = "Supplier 1"; Value = "Mouser"; VariantName = "[No Variations]"
Change component parameters (AddParameter): Name = "Supplier 2"; Value = "Digikey"; VariantName = "[No Variations]"
Change component parameters (AddParameter): Name = "Supplier Part Number 1"; Value = "584-LT1639CS#PBF"; VariantName = "[No Variations]"
Change component parameters (AddParameter): Name = "Supplier Part Number 2"; Value = "LT1639CS#PBF-ND"; VariantName = "[No Variations]"
Change component parameters: Designator = "U4C" ("U4"); Footprint = "SOIC-14"; UniqueID = "\3GCDQYXZE\KDNBOLQT\DOOJWTWT" ("\3GCDQYXZE\KDNBOLQT\DOOJWTWT")
Change component parameters (AddParameter): Name = "MF"; Value = "Analog Devices"; VariantName = "[No Variations]"
Change component parameters (AddParameter): Name = "MPN"; Value = "LT1639CS#PBF"; VariantName = "[No Variations]"
Change component parameters (AddParameter): Name = "Package"; Value = "SO-14"; VariantName = "[No Variations]"
Change component parameters (AddParameter): Name = "Supplier 1"; Value = "Mouser"; VariantName = "[No Variations]"
Change component parameters (AddParameter): Name = "Supplier 2"; Value = "Digikey"; VariantName = "[No Variations]"
Change component parameters (AddParameter): Name = "Supplier Part Number 1"; Value = "584-LT1639CS#PBF"; VariantName = "[No Variations]"
Change component parameters (AddParameter): Name = "Supplier Part Number 2"; Value = "LT1639CS#PBF-ND"; VariantName = "[No Variations]"
Added Component: Designator=J1A(DSUB1.385-2H9)
Add component (AddParameter): Name = "Component Type"; Value = "DSUB Connector"; VariantName = "[No Variations]"
Add component (AddParameter): Name = "ComponentLink1Description"; Value = "Datasheet"; VariantName = "[No Variations]"
Add component (AddParameter): Name = "ComponentLink1URL"; Value = "https://www.mouser.de/datasheet/2/418/7/ENG_CD_2311765_D-2072985.pdf"; VariantName = "[No Variations]"
Add component (AddParameter): Name = "Created from"; Value = "MHlatky"; VariantName = "[No Variations]"
Add component (AddParameter): Name = "Created On"; Value = "26.01.2021 09:19:51"; VariantName = "[No Variations]"
Add component (AddParameter): Name = "DatasheetDocument"; Value = "1-Sep-1999"; VariantName = "[No Variations]"
Add component (AddParameter): Name = "Device Package"; Value = "-"; VariantName = "[No Variations]"
Add component (AddParameter): Name = "Gender"; Value = "Receptacle"; VariantName = "[No Variations]"
Add component (AddParameter): Name = "Last Updated"; Value = "27.05.2022 15:54:50"; VariantName = "[No Variations]"
Add component (AddParameter): Name = "LatestRevisionDate"; Value = "17-Jul-2002"; VariantName = "[No Variations]"
Add component (AddParameter): Name = "LatestRevisionNote"; Value = "Re-released for DXP Platform."; VariantName = "[No Variations]"
Add component (AddParameter): Name = "LCSC Part Number"; Value = "C141882"; VariantName = "[No Variations]"
Add component (AddParameter): Name = "Live Cycle Status"; Value = "1"; VariantName = "[No Variations]"
Add component (AddParameter): Name = "Manufacturer"; Value = "TE Connectivity"; VariantName = "[No Variations]"
Add component (AddParameter): Name = "Manufacturer Part Number"; Value = "DSUB1.385-2H9"; VariantName = "[No Variations]"
Add component (AddParameter): Name = "Orientation"; Value = "Right Angle"; VariantName = "[No Variations]"
Add component (AddParameter): Name = "PackageDocument"; Value = "O"; VariantName = "[No Variations]"
Add component (AddParameter): Name = "PackageReference"; Value = "788750"; VariantName = "[No Variations]"
Add component (AddParameter): Name = "PartID"; Value = "5"; VariantName = "[No Variations]"
Add component (AddParameter): Name = "Positions"; Value = "9"; VariantName = "[No Variations]"
Add component (AddParameter): Name = "Published"; Value = "15-Jun-2001"; VariantName = "[No Variations]"
Add component (AddParameter): Name = "Publisher"; Value = "Altium Limited"; VariantName = "[No Variations]"
Add component (AddParameter): Name = "Stock number"; Value = "not stored"; VariantName = "[No Variations]"
Add component (AddParameter): Name = "Supplier 1"; Value = "Mouser"; VariantName = "[No Variations]"
Add component (AddParameter): Name = "Supplier Part Number 1"; Value = "571-2311765-1"; VariantName = "[No Variations]"
Add component (AddParameter): Name = "Type"; Value = "DSUB Connector"; VariantName = "[No Variations]"
Added Component: Designator=J1B(DSUB1.385-2H9)
Add component (AddParameter): Name = "Component Type"; Value = "DSUB Connector"; VariantName = "[No Variations]"
Add component (AddParameter): Name = "ComponentLink1Description"; Value = "Datasheet"; VariantName = "[No Variations]"
Add component (AddParameter): Name = "ComponentLink1URL"; Value = "https://www.mouser.de/datasheet/2/418/7/ENG_CD_2311765_D-2072985.pdf"; VariantName = "[No Variations]"
Add component (AddParameter): Name = "Created from"; Value = "MHlatky"; VariantName = "[No Variations]"
Add component (AddParameter): Name = "Created On"; Value = "26.01.2021 09:19:51"; VariantName = "[No Variations]"
Add component (AddParameter): Name = "DatasheetDocument"; Value = "1-Sep-1999"; VariantName = "[No Variations]"
Add component (AddParameter): Name = "Device Package"; Value = "-"; VariantName = "[No Variations]"
Add component (AddParameter): Name = "Gender"; Value = "Receptacle"; VariantName = "[No Variations]"
Add component (AddParameter): Name = "Last Updated"; Value = "27.05.2022 15:54:50"; VariantName = "[No Variations]"
Add component (AddParameter): Name = "LatestRevisionDate"; Value = "17-Jul-2002"; VariantName = "[No Variations]"
Add component (AddParameter): Name = "LatestRevisionNote"; Value = "Re-released for DXP Platform."; VariantName = "[No Variations]"
Add component (AddParameter): Name = "LCSC Part Number"; Value = "C141882"; VariantName = "[No Variations]"
Add component (AddParameter): Name = "Live Cycle Status"; Value = "1"; VariantName = "[No Variations]"
Add component (AddParameter): Name = "Manufacturer"; Value = "TE Connectivity"; VariantName = "[No Variations]"
Add component (AddParameter): Name = "Manufacturer Part Number"; Value = "DSUB1.385-2H9"; VariantName = "[No Variations]"
Add component (AddParameter): Name = "Orientation"; Value = "Right Angle"; VariantName = "[No Variations]"
Add component (AddParameter): Name = "PackageDocument"; Value = "O"; VariantName = "[No Variations]"
Add component (AddParameter): Name = "PackageReference"; Value = "788750"; VariantName = "[No Variations]"
Add component (AddParameter): Name = "PartID"; Value = "5"; VariantName = "[No Variations]"
Add component (AddParameter): Name = "Positions"; Value = "9"; VariantName = "[No Variations]"
Add component (AddParameter): Name = "Published"; Value = "15-Jun-2001"; VariantName = "[No Variations]"
Add component (AddParameter): Name = "Publisher"; Value = "Altium Limited"; VariantName = "[No Variations]"
Add component (AddParameter): Name = "Stock number"; Value = "not stored"; VariantName = "[No Variations]"
Add component (AddParameter): Name = "Supplier 1"; Value = "Mouser"; VariantName = "[No Variations]"
Add component (AddParameter): Name = "Supplier Part Number 1"; Value = "571-2311765-1"; VariantName = "[No Variations]"
Add component (AddParameter): Name = "Type"; Value = "DSUB Connector"; VariantName = "[No Variations]"
Added Component: Designator=J1C(DSUB1.385-2H9)
Add component (AddParameter): Name = "Component Type"; Value = "DSUB Connector"; VariantName = "[No Variations]"
Add component (AddParameter): Name = "ComponentLink1Description"; Value = "Datasheet"; VariantName = "[No Variations]"
Add component (AddParameter): Name = "ComponentLink1URL"; Value = "https://www.mouser.de/datasheet/2/418/7/ENG_CD_2311765_D-2072985.pdf"; VariantName = "[No Variations]"
Add component (AddParameter): Name = "Created from"; Value = "MHlatky"; VariantName = "[No Variations]"
Add component (AddParameter): Name = "Created On"; Value = "26.01.2021 09:19:51"; VariantName = "[No Variations]"
Add component (AddParameter): Name = "DatasheetDocument"; Value = "1-Sep-1999"; VariantName = "[No Variations]"
Add component (AddParameter): Name = "Device Package"; Value = "-"; VariantName = "[No Variations]"
Add component (AddParameter): Name = "Gender"; Value = "Receptacle"; VariantName = "[No Variations]"
Add component (AddParameter): Name = "Last Updated"; Value = "27.05.2022 15:54:50"; VariantName = "[No Variations]"
Add component (AddParameter): Name = "LatestRevisionDate"; Value = "17-Jul-2002"; VariantName = "[No Variations]"
Add component (AddParameter): Name = "LatestRevisionNote"; Value = "Re-released for DXP Platform."; VariantName = "[No Variations]"
Add component (AddParameter): Name = "LCSC Part Number"; Value = "C141882"; VariantName = "[No Variations]"
Add component (AddParameter): Name = "Live Cycle Status"; Value = "1"; VariantName = "[No Variations]"
Add component (AddParameter): Name = "Manufacturer"; Value = "TE Connectivity"; VariantName = "[No Variations]"
Add component (AddParameter): Name = "Manufacturer Part Number"; Value = "DSUB1.385-2H9"; VariantName = "[No Variations]"
Add component (AddParameter): Name = "Orientation"; Value = "Right Angle"; VariantName = "[No Variations]"
Add component (AddParameter): Name = "PackageDocument"; Value = "O"; VariantName = "[No Variations]"
Add component (AddParameter): Name = "PackageReference"; Value = "788750"; VariantName = "[No Variations]"
Add component (AddParameter): Name = "PartID"; Value = "5"; VariantName = "[No Variations]"
Add component (AddParameter): Name = "Positions"; Value = "9"; VariantName = "[No Variations]"
Add component (AddParameter): Name = "Published"; Value = "15-Jun-2001"; VariantName = "[No Variations]"
Add component (AddParameter): Name = "Publisher"; Value = "Altium Limited"; VariantName = "[No Variations]"
Add component (AddParameter): Name = "Stock number"; Value = "not stored"; VariantName = "[No Variations]"
Add component (AddParameter): Name = "Supplier 1"; Value = "Mouser"; VariantName = "[No Variations]"
Add component (AddParameter): Name = "Supplier Part Number 1"; Value = "571-2311765-1"; VariantName = "[No Variations]"
Add component (AddParameter): Name = "Type"; Value = "DSUB Connector"; VariantName = "[No Variations]"
Add Component: Footprint Not Found WL-SMCW_0603
Add Component: Footprint Not Found WL-SMCW_0603
Add Component: Footprint Not Found WL-SMCW_0603
Added Pin To Net: NetName=NetC16A_1 Pin=J1A-1
Added Pin To Net: NetName=NetC17A_1 Pin=J1A-2
Added Pin To Net: NetName=NetC18A_1 Pin=J1A-3
Added Pin To Net: NetName=NetC19A_1 Pin=J1A-4
Added Pin To Net: NetName=NetC15A_2 Pin=J1A-5
Added Pin To Net: NetName=NetC14A_2 Pin=J1A-6
Added Pin To Net: NetName=NetC16B_1 Pin=J1B-1
Added Pin To Net: NetName=NetC17B_1 Pin=J1B-2
Added Pin To Net: NetName=NetC18B_1 Pin=J1B-3
Added Pin To Net: NetName=NetC19B_1 Pin=J1B-4
Added Pin To Net: NetName=NetC15B_2 Pin=J1B-5
Added Pin To Net: NetName=NetC14B_2 Pin=J1B-6
Added Pin To Net: NetName=NetC16C_1 Pin=J1C-1
Added Pin To Net: NetName=NetC17C_1 Pin=J1C-2
Added Pin To Net: NetName=NetC18C_1 Pin=J1C-3
Added Pin To Net: NetName=NetC19C_1 Pin=J1C-4
Added Pin To Net: NetName=NetC15C_2 Pin=J1C-5
Added Pin To Net: NetName=NetC14C_2 Pin=J1C-6
Add Pin To Net: Unknown Pin: Pin LED1-1
Add Pin To Net: Unknown Pin: Pin LED1-2
Add Pin To Net: Unknown Pin: Pin LED2-1
Add Pin To Net: Unknown Pin: Pin LED2-2
Add Pin To Net: Unknown Pin: Pin LED3-1
Add Pin To Net: Unknown Pin: Pin LED3-2
Change Net Name : Old Net Name=\Reset_ResolverB New Net Name=\Reset_Resolver2
Change Net Name : Old Net Name=DIG_IO_00 New Net Name=N_SAMPLE1
Change Net Name : Old Net Name=DIG_IO_05 New Net Name=A1_Resolver1
Change Net Name : Old Net Name=DIG_IO_06 New Net Name=A0_Resolver1
Change Net Name : Old Net Name=DIG_IO_14 New Net Name=A1_Resolver2
Change Net Name : Old Net Name=DIG_IO_15 New Net Name=A0_Resolver2
Change Net Name : Old Net Name=DIG_IO_23 New Net Name=A1_Resolver3
Change Net Name : Old Net Name=DIG_IO_24 New Net Name=A0_Resolver3
Change Net Name : Old Net Name=DIG_IO_26 New Net Name=Resolver_SDO3
Change Net Name : Old Net Name=GND New Net Name=GND_EXC1
Added Pin To Net: NetName=\Reset_Resolver1 Pin=R20A-1
Added Pin To Net: NetName=\Reset_Resolver1 Pin=U1A-33
Added Pin To Net: NetName=\Reset_Resolver1 Pin=X1-41
Added Net: Name=\Reset_Resolver1
Added Pin To Net: NetName=\Reset_Resolver3 Pin=R20C-1
Added Pin To Net: NetName=\Reset_Resolver3 Pin=U1C-33
Added Pin To Net: NetName=\Reset_Resolver3 Pin=X1-53
Added Net: Name=\Reset_Resolver3
Added Pin To Net: NetName=\Resolver_CS1 Pin=R8A-1
Added Pin To Net: NetName=\Resolver_CS1 Pin=U1A-2
Added Pin To Net: NetName=\Resolver_CS1 Pin=X1-58
Added Net: Name=\Resolver_CS1
Added Pin To Net: NetName=\Resolver_CS2 Pin=R8B-1
Added Pin To Net: NetName=\Resolver_CS2 Pin=U1B-2
Added Pin To Net: NetName=\Resolver_CS2 Pin=X1-61
Added Net: Name=\Resolver_CS2
Added Pin To Net: NetName=\Resolver_CS3 Pin=R8C-1
Added Pin To Net: NetName=\Resolver_CS3 Pin=U1C-2
Added Pin To Net: NetName=\Resolver_CS3 Pin=X1-54
Added Net: Name=\Resolver_CS3
Added Pin To Net: NetName=FSYNC1 Pin=U1A-4
Added Pin To Net: NetName=FSYNC1 Pin=X1-50
Added Net: Name=FSYNC1
Added Pin To Net: NetName=FSYNC2 Pin=U1B-4
Added Pin To Net: NetName=FSYNC2 Pin=X1-30
Added Net: Name=FSYNC2
Added Pin To Net: NetName=FSYNC3 Pin=U1C-4
Added Pin To Net: NetName=FSYNC3 Pin=X1-33
Added Net: Name=FSYNC3
Added Pin To Net: NetName=N_SAMPLE2 Pin=R13B-1
Added Pin To Net: NetName=N_SAMPLE2 Pin=U1B-10
Added Pin To Net: NetName=N_SAMPLE2 Pin=X1-18
Added Net: Name=N_SAMPLE2
Added Pin To Net: NetName=N_SAMPLE3 Pin=R13C-1
Added Pin To Net: NetName=N_SAMPLE3 Pin=U1C-10
Added Pin To Net: NetName=N_SAMPLE3 Pin=X1-21
Added Net: Name=N_SAMPLE3
Added Pin To Net: NetName=Resolver_SCLK1 Pin=U1A-13
Added Pin To Net: NetName=Resolver_SCLK1 Pin=X1-34
Added Net: Name=Resolver_SCLK1
Added Pin To Net: NetName=Resolver_SCLK2 Pin=U1B-13
Added Pin To Net: NetName=Resolver_SCLK2 Pin=X1-37
Added Net: Name=Resolver_SCLK2
Added Pin To Net: NetName=Resolver_SCLK3 Pin=U1C-13
Added Pin To Net: NetName=Resolver_SCLK3 Pin=X1-38
Added Net: Name=Resolver_SCLK3
Added Pin To Net: NetName=Resolver_SDI1 Pin=U1A-12
Added Pin To Net: NetName=Resolver_SDI1 Pin=X1-22
Added Net: Name=Resolver_SDI1
Added Pin To Net: NetName=Resolver_SDI2 Pin=U1B-12
Added Pin To Net: NetName=Resolver_SDI2 Pin=X1-25
Added Net: Name=Resolver_SDI2
Added Pin To Net: NetName=Resolver_SDI3 Pin=U1C-12
Added Pin To Net: NetName=Resolver_SDI3 Pin=X1-49
Added Net: Name=Resolver_SDI3
Added Pin To Net: NetName=Resolver_SDO1 Pin=U1A-11
Added Pin To Net: NetName=Resolver_SDO1 Pin=X1-57
Added Net: Name=Resolver_SDO1
Added Pin To Net: NetName=Resolver_SDO2 Pin=U1B-11
Added Pin To Net: NetName=Resolver_SDO2 Pin=X1-66
Added Net: Name=Resolver_SDO2
Change Class Name : Old Net Name=X1 New Net Name=DigitalCarrierJack
Added Class: Name=\Reset_Resolver[1..3]
Added Class: Name=\Resolver_CS[1..3]
Added Class: Name=A0_Resolver[1..3]
Added Class: Name=A1_Resolver[1..3]
Added Class: Name=FSYNC[1..3]
Added Class: Name=GND_EXC[1..3]
Added Class: Name=N_SAMPLE[1..3]
Added Class: Name=Resolver_SCLK[1..3]
Added Class: Name=Resolver_SDI[1..3]
Added Class: Name=Resolver_SDO[1..3]
Added Member To Class: ClassName=U_ResolverA Member=Component J1A (J1) DSUB1.385-2H9
Added Member To Class: ClassName=U_ResolverB Member=Component J1B (J1) DSUB1.385-2H9
Added Member To Class: ClassName=U_ResolverC Member=Component J1C (J1) DSUB1.385-2H9
Add Class Member: Failed to add class member : Component LED1 150060BS75000
Add Class Member: Failed to add class member : Component LED2 150060RS75000
Add Class Member: Failed to add class member : Component LED3 150060GS75000
