Removed Pin From Net: NetName=GND Pin=X2-3
Removed Pin From Net: NetName=GND Pin=X2-7
Removed Pin From Net: NetName=GND Pin=X2-11
Removed Pin From Net: NetName=N_SAMPLE2 Pin=X?-18
Removed Pin From Net: NetName=N_SAMPLE3 Pin=X?-21
Removed Pin From Net: NetName=Resolver_SDI1 Pin=X?-22
Removed Pin From Net: NetName=Resolver_SDI2 Pin=X?-25
Removed Pin From Net: NetName=Resolver_SDI3 Pin=X?-26
Removed Pin From Net: NetName=FSYNC1 Pin=X?-29
Removed Pin From Net: NetName=FSYNC2 Pin=X?-30
Removed Pin From Net: NetName=FSYNC3 Pin=X?-33
Removed Pin From Net: NetName=Resolver_SCLK1 Pin=X?-34
Removed Pin From Net: NetName=Resolver_SCLK2 Pin=X?-37
Removed Pin From Net: NetName=Resolver_SCLK3 Pin=X?-38
Removed Pin From Net: NetName=\Reset_Resolver1 Pin=X?-41
Removed Pin From Net: NetName=\Reset_Resolver3 Pin=X?-45
Removed Pin From Net: NetName=A1_Resolver1 Pin=X?-46
Removed Pin From Net: NetName=A1_Resolver2 Pin=X?-49
Removed Pin From Net: NetName=A1_Resolver3 Pin=X?-50
Removed Pin From Net: NetName=A0_Resolver1 Pin=X?-53
Removed Pin From Net: NetName=A0_Resolver2 Pin=X?-54
Removed Pin From Net: NetName=A0_Resolver3 Pin=X?-57
Removed Pin From Net: NetName=\Resolver_CS1 Pin=X?-58
Removed Pin From Net: NetName=\Resolver_CS2 Pin=X?-61
Removed Pin From Net: NetName=\Resolver_CS3 Pin=X?-62
Removed Pin From Net: NetName=Resolver_SDO1 Pin=X?-65
Removed Pin From Net: NetName=Resolver_SDO2 Pin=X?-66
Removed Member From Class: ClassName=Buffer_EXCB Member=D7B
Removed Member From Class: ClassName=Buffer_EXCA Member=D8A
Removed Member From Class: ClassName=Buffer_EXCC Member=D8C
Removed Member From Class: ClassName=U_ResolverB Member=R24B
Removed Member From Class: ClassName=U_ResolverA Member=R25A
Removed Member From Class: ClassName=U_ResolverC Member=R25C
Removed Member From Class: ClassName=U_ResolverB Member=R26B
Removed Member From Class: ClassName=Buffer_EXCA Member=R42A
Removed Member From Class: ClassName=Buffer_EXCC Member=R42C
Removed Member From Class: ClassName=Buffer_EXCB Member=R43B
Removed Member From Class: ClassName=Buffer_EXCA Member=R44A
Removed Member From Class: ClassName=Buffer_EXCC Member=R44C
Change Component Designator: OldDesignator=X? NewDesignator=X1
Change Component Designator: OldDesignator=XT?A NewDesignator=XT1A
Change Component Designator: OldDesignator=XT?B NewDesignator=XT1B
Change Component Designator: OldDesignator=XT?C NewDesignator=XT1C
Added Pin To Net: NetName=Resolver_SDI1 Pin=X1-18
Added Pin To Net: NetName=FSYNC1 Pin=X1-21
Added Pin To Net: NetName=Resolver_SCLK1 Pin=X1-22
Added Pin To Net: NetName=\Reset_Resolver1 Pin=X1-25
Added Pin To Net: NetName=A1_Resolver1 Pin=X1-26
Added Pin To Net: NetName=A0_Resolver1 Pin=X1-29
Added Pin To Net: NetName=\Resolver_CS1 Pin=X1-30
Added Pin To Net: NetName=Resolver_SDO1 Pin=X1-33
Added Pin To Net: NetName=N_SAMPLE2 Pin=X1-34
Added Pin To Net: NetName=Resolver_SDI2 Pin=X1-37
Added Pin To Net: NetName=FSYNC2 Pin=X1-38
Added Pin To Net: NetName=Resolver_SCLK2 Pin=X1-41
Added Pin To Net: NetName=A1_Resolver2 Pin=X1-45
Added Pin To Net: NetName=A0_Resolver2 Pin=X1-46
Added Pin To Net: NetName=\Resolver_CS2 Pin=X1-49
Added Pin To Net: NetName=Resolver_SDO2 Pin=X1-50
Added Pin To Net: NetName=N_SAMPLE3 Pin=X1-53
Added Pin To Net: NetName=Resolver_SDI3 Pin=X1-54
Added Pin To Net: NetName=FSYNC3 Pin=X1-57
Added Pin To Net: NetName=Resolver_SCLK3 Pin=X1-58
Added Pin To Net: NetName=\Reset_Resolver3 Pin=X1-61
Added Pin To Net: NetName=A1_Resolver3 Pin=X1-62
Added Pin To Net: NetName=A0_Resolver3 Pin=X1-65
Added Pin To Net: NetName=\Resolver_CS3 Pin=X1-66
Added Pin To Net: NetName=DIG_IO_29 Pin=X2-3
Added Pin To Net: NetName=DIG_IO_28 Pin=X2-7
Added Pin To Net: NetName=DIG_IO_27 Pin=X2-11
Added Member To Class: ClassName=Buffer_EXCB Member=Component D4B (D4) BAV99,235
Added Member To Class: ClassName=Buffer_EXCA Member=Component D5A (D5) BAV99,235
Added Member To Class: ClassName=Buffer_EXCC Member=Component D5C (D5) BAV99,235
Added Member To Class: ClassName=Impedance ConverterB Member=Component D6B (D6) SBAS70-04LT1G
Added Member To Class: ClassName=DigitalCarrierJack Member=Component R4 0R
Added Member To Class: ClassName=DigitalCarrierJack Member=Component R5 0R
Added Member To Class: ClassName=U_ResolverA Member=Component R9A (R9) 10k
Added Member To Class: ClassName=U_ResolverC Member=Component R9C (R9) 10k
Added Member To Class: ClassName=U_ResolverB Member=Component R10B (R10) 10k
Added Member To Class: ClassName=U_ResolverA Member=Component R11A (R11) 15k
Added Member To Class: ClassName=U_ResolverC Member=Component R11C (R11) 15k
Added Member To Class: ClassName=U_ResolverB Member=Component R12B (R12) 10k
Added Member To Class: ClassName=U_ResolverA Member=Component R13A (R13) 10k
Added Member To Class: ClassName=U_ResolverC Member=Component R13C (R13) 10k
Added Member To Class: ClassName=U_ResolverB Member=Component R14B (R14) 10k
Added Member To Class: ClassName=U_ResolverA Member=Component R18A (R18) 10k
Added Member To Class: ClassName=U_ResolverC Member=Component R18C (R18) 10k
Added Member To Class: ClassName=U_ResolverB Member=Component R19B (R19) 10k
Added Member To Class: ClassName=U_ResolverA Member=Component R20A (R20) 10k
Added Member To Class: ClassName=U_ResolverC Member=Component R20C (R20) 10k
Added Member To Class: ClassName=U_ResolverB Member=Component R21B (R21) 10k
Added Member To Class: ClassName=U_ResolverA Member=Component R22A (R22) 10k
Added Member To Class: ClassName=U_ResolverC Member=Component R22C (R22) 10k
Added Member To Class: ClassName=U_ResolverB Member=Component R23B (R23) 7.5k
Added Member To Class: ClassName=Buffer_EXCA Member=Component R24A (R24) 22k
Added Member To Class: ClassName=Buffer_EXCC Member=Component R24C (R24) 22k
Added Member To Class: ClassName=Buffer_EXCB Member=Component R25B (R25) 10k
Added Member To Class: ClassName=Buffer_EXCA Member=Component R26A (R26) 10k
Added Member To Class: ClassName=Buffer_EXCC Member=Component R26C (R26) 10k
Added Member To Class: ClassName=Buffer_EXCB Member=Component R27B (R27) 10k
Added Member To Class: ClassName=Buffer_EXCA Member=Component R28A (R28) 15.4k
Added Member To Class: ClassName=Buffer_EXCC Member=Component R28C (R28) 15.4k
Added Member To Class: ClassName=Buffer_EXCB Member=Component R29B (R29) 15.4k
Added Member To Class: ClassName=Buffer_EXCA Member=Component R30A (R30) 2.2k
Added Member To Class: ClassName=Buffer_EXCC Member=Component R30C (R30) 2.2k
Added Member To Class: ClassName=Buffer_EXCB Member=Component R31B (R31) 3.3
Added Member To Class: ClassName=Buffer_EXCA Member=Component R32A (R32) 3.3
Added Member To Class: ClassName=Buffer_EXCC Member=Component R32C (R32) 3.3
Added Member To Class: ClassName=Buffer_EXCB Member=Component R33B (R33) 2.2k
Added Member To Class: ClassName=Buffer_EXCA Member=Component R34A (R34) 2.2k
Added Member To Class: ClassName=Buffer_EXCC Member=Component R34C (R34) 2.2k
Added Member To Class: ClassName=Buffer_EXCB Member=Component R35B (R35) 3.3
Added Member To Class: ClassName=Buffer_EXCA Member=Component R36A (R36) 3.3
Added Member To Class: ClassName=Buffer_EXCB Member=Component R36B (R36) 3.3
Added Member To Class: ClassName=Buffer_EXCC Member=Component R36C (R36) 3.3
Added Member To Class: ClassName=Buffer_EXCA Member=Component R37A (R37) 2.2k
Added Member To Class: ClassName=Buffer_EXCB Member=Component R37B (R37) 2.2k
Added Member To Class: ClassName=Buffer_EXCC Member=Component R37C (R37) 2.2k
Added Member To Class: ClassName=Buffer_EXCA Member=Component R38A (R38) 4.7
Added Member To Class: ClassName=Buffer_EXCB Member=Component R38B (R38) 4.7
Added Member To Class: ClassName=Buffer_EXCC Member=Component R38C (R38) 4.7
Added Member To Class: ClassName=Buffer_EXCA Member=Component R39A (R39) 4.7
Added Member To Class: ClassName=Buffer_EXCC Member=Component R39C (R39) 4.7
Added Member To Class: ClassName=Buffer_EXCB Member=Component R40B (R40) 4.7
Added Member To Class: ClassName=Buffer_EXCA Member=Component R41A (R41) 4.7
Added Member To Class: ClassName=Buffer_EXCC Member=Component R41C (R41) 4.7
Added Member To Class: ClassName=Impedance ConverterB Member=Component R42B (R42) 100
Added Member To Class: ClassName=Impedance ConverterA Member=Component R43A (R43) 100
Added Member To Class: ClassName=Impedance ConverterC Member=Component R43C (R43) 100
Added Member To Class: ClassName=Impedance ConverterB Member=Component R44B (R44) 100
Added Member To Class: ClassName=Impedance ConverterA Member=Component R45A (R45) 100
Added Member To Class: ClassName=Impedance ConverterC Member=Component R45C (R45) 100
Added Member To Class: ClassName=Impedance ConverterB Member=Component R46B (R46) 4.7k
