Removed Pin From Net: NetName=GND Pin=BS1A-2
Removed Pin From Net: NetName=GND Pin=BS1B-2
Removed Pin From Net: NetName=GND Pin=BS1C-2
Removed Pin From Net: NetName=GND Pin=C12A-2
Removed Pin From Net: NetName=GND Pin=C12B-2
Removed Pin From Net: NetName=GND Pin=C12C-2
Removed Pin From Net: NetName=GND Pin=C13A-2
Removed Pin From Net: NetName=GND Pin=C13B-2
Removed Pin From Net: NetName=GND Pin=C13C-2
Removed Pin From Net: NetName=GND Pin=R22A-1
Removed Pin From Net: NetName=GND Pin=R22B-1
Removed Pin From Net: NetName=GND Pin=R22C-1
Removed Pin From Net: NetName=GND Pin=R47-1
Removed Pin From Net: NetName=GND_EXC1 Pin=R47-2
Removed Pin From Net: NetName=GND Pin=R48-1
Removed Pin From Net: NetName=GND_EXC2 Pin=R48-2
Removed Pin From Net: NetName=GND Pin=R49-1
Removed Pin From Net: NetName=GND_EXC3 Pin=R49-2
Removed Pin From Net: NetName=GND Pin=U2A-4
Removed Pin From Net: NetName=GND Pin=U2B-4
Removed Pin From Net: NetName=GND Pin=U2C-4
Removed Pin From Net: NetName=GND_EXC3 Pin=X2-3
Removed Pin From Net: NetName=GND_EXC2 Pin=X2-7
Removed Pin From Net: NetName=GND_EXC1 Pin=X2-11
Added Pin To Net: NetName=GND_EXC1 Pin=BS1A-2
Added Pin To Net: NetName=GND_EXC2 Pin=BS1B-2
Added Pin To Net: NetName=GND_EXC3 Pin=BS1C-2
Added Pin To Net: NetName=GND_EXC1 Pin=C12A-2
Added Pin To Net: NetName=GND_EXC2 Pin=C12B-2
Added Pin To Net: NetName=GND_EXC3 Pin=C12C-2
Added Pin To Net: NetName=GND_EXC1 Pin=C13A-2
Added Pin To Net: NetName=GND_EXC2 Pin=C13B-2
Added Pin To Net: NetName=GND_EXC3 Pin=C13C-2
Added Pin To Net: NetName=GND_EXC1 Pin=R22A-1
Added Pin To Net: NetName=GND_EXC2 Pin=R22B-1
Added Pin To Net: NetName=GND_EXC3 Pin=R22C-1
Added Pin To Net: NetName=GND_EXC1 Pin=R47-1
Added Pin To Net: NetName=GND Pin=R47-2
Added Pin To Net: NetName=GND_EXC2 Pin=R48-1
Added Pin To Net: NetName=GND Pin=R48-2
Added Pin To Net: NetName=GND_EXC3 Pin=R49-1
Added Pin To Net: NetName=GND Pin=R49-2
Added Pin To Net: NetName=GND_EXC1 Pin=U2A-4
Added Pin To Net: NetName=GND_EXC2 Pin=U2B-4
Added Pin To Net: NetName=GND_EXC3 Pin=U2C-4
Added Pin To Net: NetName=GND Pin=X2-3
Added Pin To Net: NetName=GND Pin=X2-7
Added Pin To Net: NetName=GND Pin=X2-11
