Removed Pin From Net: NetName=GND Pin=X1-1
Removed Pin From Net: NetName=GND Pin=X1-2
Removed Pin From Net: NetName=GND Pin=X1-3
Removed Pin From Net: NetName=GND Pin=X1-4
Removed Pin From Net: NetName=VIN Pin=X1-5
Removed Pin From Net: NetName=VIN Pin=X1-6
Removed Pin From Net: NetName=GND Pin=X1-7
Removed Pin From Net: NetName=GND Pin=X1-8
Removed Pin From Net: NetName=5V_PER Pin=X1-9
Removed Pin From Net: NetName=5V_PER Pin=X1-10
Removed Pin From Net: NetName=GND Pin=X1-11
Removed Pin From Net: NetName=GND Pin=X1-12
Removed Pin From Net: NetName=3V3_PER Pin=X1-13
Removed Pin From Net: NetName=3V3_PER Pin=X1-14
Removed Pin From Net: NetName=GND Pin=X1-15
Removed Pin From Net: NetName=GND Pin=X1-16
Removed Pin From Net: NetName=N_SAMPLE1 Pin=X1-17
Removed Pin From Net: NetName=N_SAMPLE2 Pin=X1-18
Removed Pin From Net: NetName=GND Pin=X1-19
Removed Pin From Net: NetName=GND Pin=X1-20
Removed Pin From Net: NetName=N_SAMPLE3 Pin=X1-21
Removed Pin From Net: NetName=Resolver_SDI1 Pin=X1-22
Removed Pin From Net: NetName=GND Pin=X1-23
Removed Pin From Net: NetName=GND Pin=X1-24
Removed Pin From Net: NetName=Resolver_SDI2 Pin=X1-25
Removed Pin From Net: NetName=A1_Resolver1 Pin=X1-26
Removed Pin From Net: NetName=GND Pin=X1-27
Removed Pin From Net: NetName=GND Pin=X1-28
Removed Pin From Net: NetName=A0_Resolver1 Pin=X1-29
Removed Pin From Net: NetName=FSYNC2 Pin=X1-30
Removed Pin From Net: NetName=GND Pin=X1-31
Removed Pin From Net: NetName=GND Pin=X1-32
Removed Pin From Net: NetName=FSYNC3 Pin=X1-33
Removed Pin From Net: NetName=Resolver_SCLK1 Pin=X1-34
Removed Pin From Net: NetName=GND Pin=X1-35
Removed Pin From Net: NetName=GND Pin=X1-36
Removed Pin From Net: NetName=Resolver_SCLK2 Pin=X1-37
Removed Pin From Net: NetName=Resolver_SCLK3 Pin=X1-38
Removed Pin From Net: NetName=GND Pin=X1-39
Removed Pin From Net: NetName=GND Pin=X1-40
Removed Pin From Net: NetName=\Reset_Resolver1 Pin=X1-41
Removed Pin From Net: NetName=\Reset_Resolver2 Pin=X1-42
Removed Pin From Net: NetName=GND Pin=X1-43
Removed Pin From Net: NetName=GND Pin=X1-44
Removed Pin From Net: NetName=A1_Resolver2 Pin=X1-45
Removed Pin From Net: NetName=A0_Resolver2 Pin=X1-46
Removed Pin From Net: NetName=GND Pin=X1-47
Removed Pin From Net: NetName=GND Pin=X1-48
Removed Pin From Net: NetName=Resolver_SDI3 Pin=X1-49
Removed Pin From Net: NetName=FSYNC1 Pin=X1-50
Removed Pin From Net: NetName=GND Pin=X1-51
Removed Pin From Net: NetName=GND Pin=X1-52
Removed Pin From Net: NetName=\Reset_Resolver3 Pin=X1-53
Removed Pin From Net: NetName=\Resolver_CS3 Pin=X1-54
Removed Pin From Net: NetName=GND Pin=X1-55
Removed Pin From Net: NetName=GND Pin=X1-56
Removed Pin From Net: NetName=Resolver_SDO1 Pin=X1-57
Removed Pin From Net: NetName=\Resolver_CS1 Pin=X1-58
Removed Pin From Net: NetName=GND Pin=X1-59
Removed Pin From Net: NetName=GND Pin=X1-60
Removed Pin From Net: NetName=\Resolver_CS2 Pin=X1-61
Removed Pin From Net: NetName=A1_Resolver3 Pin=X1-62
Removed Pin From Net: NetName=GND Pin=X1-63
Removed Pin From Net: NetName=GND Pin=X1-64
Removed Pin From Net: NetName=A0_Resolver3 Pin=X1-65
Removed Pin From Net: NetName=Resolver_SDO2 Pin=X1-66
Removed Pin From Net: NetName=GND Pin=X1-67
Removed Pin From Net: NetName=GND Pin=X1-68
Removed Pin From Net: NetName=Resolver_SDO3 Pin=X1-69
Removed Pin From Net: NetName=DIG_IO_27 Pin=X1-70
Removed Pin From Net: NetName=GND Pin=X1-71
Removed Pin From Net: NetName=GND Pin=X1-72
Removed Pin From Net: NetName=DIG_IO_28 Pin=X1-73
Removed Pin From Net: NetName=DIG_IO_29 Pin=X1-74
Removed Pin From Net: NetName=GND Pin=X1-75
Removed Pin From Net: NetName=GND Pin=X1-76
Removed Pin From Net: NetName=GND Pin=X1-81
Removed Pin From Net: NetName=GND Pin=X1-82
Removed Pin From Net: NetName=GND Pin=X1-87
Removed Pin From Net: NetName=GND Pin=X1-88
Removed Pin From Net: NetName=GND Pin=X1-97
Removed Pin From Net: NetName=GND Pin=X1-98
Removed Pin From Net: NetName=PILOT_OUT Pin=X1-99
Removed Pin From Net: NetName=PILOT_IN Pin=X1-100
Removed Member From Class: ClassName=DigitalCarrierJack Member=R47
Removed Member From Class: ClassName=DigitalCarrierJack Member=R48
Removed Member From Class: ClassName=DigitalCarrierJack Member=X1
Change Component Designator: OldDesignator=D1A NewDesignator=D4A
Change Component Designator: OldDesignator=D1B NewDesignator=D4B
Change Component Designator: OldDesignator=D1C NewDesignator=D4C
Change Component Designator: OldDesignator=D2A NewDesignator=D5A
Change Component Designator: OldDesignator=D2B NewDesignator=D5B
Change Component Designator: OldDesignator=D2C NewDesignator=D5C
Change Component Designator: OldDesignator=D3A NewDesignator=D6A
Change Component Designator: OldDesignator=D3B NewDesignator=D6B
Change Component Designator: OldDesignator=D3C NewDesignator=D6C
Change Component Designator: OldDesignator=D4A NewDesignator=D7A
Change Component Designator: OldDesignator=D4B NewDesignator=D7B
Change Component Designator: OldDesignator=D4C NewDesignator=D7C
Change Component Designator: OldDesignator=D5A NewDesignator=D8A
Change Component Designator: OldDesignator=D5B NewDesignator=D8B
Change Component Designator: OldDesignator=D5C NewDesignator=D8C
Change Component Designator: OldDesignator=D6A NewDesignator=D9A
Change Component Designator: OldDesignator=D6B NewDesignator=D9B
Change Component Designator: OldDesignator=D6C NewDesignator=D9C
Change Component Designator: OldDesignator=D7 NewDesignator=D1
Change Component Designator: OldDesignator=D8 NewDesignator=D2
Change Component Designator: OldDesignator=D9 NewDesignator=D3
Change Component Designator: OldDesignator=R4 NewDesignator=R7
Change Component Designator: OldDesignator=R5 NewDesignator=R8
Change Component Designator: OldDesignator=R6A NewDesignator=R9A
Change Component Designator: OldDesignator=R6B NewDesignator=R9B
Change Component Designator: OldDesignator=R6C NewDesignator=R9C
Change Component Designator: OldDesignator=R7A NewDesignator=R10A
Change Component Designator: OldDesignator=R7B NewDesignator=R10B
Change Component Designator: OldDesignator=R7C NewDesignator=R10C
Change Component Designator: OldDesignator=R8A NewDesignator=R11A
Change Component Designator: OldDesignator=R8B NewDesignator=R11B
Change Component Designator: OldDesignator=R8C NewDesignator=R11C
Change Component Designator: OldDesignator=R9A NewDesignator=R12A
Change Component Designator: OldDesignator=R9B NewDesignator=R12B
Change Component Designator: OldDesignator=R9C NewDesignator=R12C
Change Component Designator: OldDesignator=R10A NewDesignator=R13A
Change Component Designator: OldDesignator=R10B NewDesignator=R13B
Change Component Designator: OldDesignator=R10C NewDesignator=R13C
Change Component Designator: OldDesignator=R11A NewDesignator=R14A
Change Component Designator: OldDesignator=R11B NewDesignator=R14B
Change Component Designator: OldDesignator=R11C NewDesignator=R14C
Change Component Designator: OldDesignator=R12A NewDesignator=R15A
Change Component Designator: OldDesignator=R12B NewDesignator=R15B
Change Component Designator: OldDesignator=R12C NewDesignator=R15C
Change Component Designator: OldDesignator=R13A NewDesignator=R16A
Change Component Designator: OldDesignator=R13B NewDesignator=R16B
Change Component Designator: OldDesignator=R13C NewDesignator=R16C
Change Component Designator: OldDesignator=R14A NewDesignator=R17A
Change Component Designator: OldDesignator=R14B NewDesignator=R17B
Change Component Designator: OldDesignator=R14C NewDesignator=R17C
Change Component Designator: OldDesignator=R15A NewDesignator=R18A
Change Component Designator: OldDesignator=R15B NewDesignator=R18B
Change Component Designator: OldDesignator=R15C NewDesignator=R18C
Change Component Designator: OldDesignator=R16A NewDesignator=R19A
Change Component Designator: OldDesignator=R16B NewDesignator=R19B
Change Component Designator: OldDesignator=R16C NewDesignator=R19C
Change Component Designator: OldDesignator=R17A NewDesignator=R20A
Change Component Designator: OldDesignator=R17B NewDesignator=R20B
Change Component Designator: OldDesignator=R17C NewDesignator=R20C
Change Component Designator: OldDesignator=R18A NewDesignator=R21A
Change Component Designator: OldDesignator=R18B NewDesignator=R21B
Change Component Designator: OldDesignator=R18C NewDesignator=R21C
Change Component Designator: OldDesignator=R19A NewDesignator=R22A
Change Component Designator: OldDesignator=R19B NewDesignator=R22B
Change Component Designator: OldDesignator=R19C NewDesignator=R22C
Change Component Designator: OldDesignator=R20A NewDesignator=R23A
Change Component Designator: OldDesignator=R20B NewDesignator=R23B
Change Component Designator: OldDesignator=R20C NewDesignator=R23C
Change Component Designator: OldDesignator=R21A NewDesignator=R24A
Change Component Designator: OldDesignator=R21B NewDesignator=R24B
Change Component Designator: OldDesignator=R21C NewDesignator=R24C
Change Component Designator: OldDesignator=R22A NewDesignator=R25A
Change Component Designator: OldDesignator=R22B NewDesignator=R25B
Change Component Designator: OldDesignator=R22C NewDesignator=R25C
Change Component Designator: OldDesignator=R23A NewDesignator=R26A
Change Component Designator: OldDesignator=R23B NewDesignator=R26B
Change Component Designator: OldDesignator=R23C NewDesignator=R26C
Change Component Designator: OldDesignator=R24A NewDesignator=R27A
Change Component Designator: OldDesignator=R24B NewDesignator=R27B
Change Component Designator: OldDesignator=R24C NewDesignator=R27C
Change Component Designator: OldDesignator=R25A NewDesignator=R28A
Change Component Designator: OldDesignator=R25B NewDesignator=R28B
Change Component Designator: OldDesignator=R25C NewDesignator=R28C
Change Component Designator: OldDesignator=R26A NewDesignator=R29A
Change Component Designator: OldDesignator=R26B NewDesignator=R29B
Change Component Designator: OldDesignator=R26C NewDesignator=R29C
Change Component Designator: OldDesignator=R27A NewDesignator=R30A
Change Component Designator: OldDesignator=R27B NewDesignator=R30B
Change Component Designator: OldDesignator=R27C NewDesignator=R30C
Change Component Designator: OldDesignator=R28A NewDesignator=R31A
Change Component Designator: OldDesignator=R28B NewDesignator=R31B
Change Component Designator: OldDesignator=R28C NewDesignator=R31C
Change Component Designator: OldDesignator=R29A NewDesignator=R32A
Change Component Designator: OldDesignator=R29B NewDesignator=R32B
Change Component Designator: OldDesignator=R29C NewDesignator=R32C
Change Component Designator: OldDesignator=R30A NewDesignator=R33A
Change Component Designator: OldDesignator=R30B NewDesignator=R33B
Change Component Designator: OldDesignator=R30C NewDesignator=R33C
Change Component Designator: OldDesignator=R31A NewDesignator=R34A
Change Component Designator: OldDesignator=R31B NewDesignator=R34B
Change Component Designator: OldDesignator=R31C NewDesignator=R34C
Change Component Designator: OldDesignator=R32A NewDesignator=R35A
Change Component Designator: OldDesignator=R32B NewDesignator=R35B
Change Component Designator: OldDesignator=R32C NewDesignator=R35C
Change Component Designator: OldDesignator=R33A NewDesignator=R36A
Change Component Designator: OldDesignator=R33B NewDesignator=R36B
Change Component Designator: OldDesignator=R33C NewDesignator=R36C
Change Component Designator: OldDesignator=R34A NewDesignator=R37A
Change Component Designator: OldDesignator=R34B NewDesignator=R37B
Change Component Designator: OldDesignator=R34C NewDesignator=R37C
Change Component Designator: OldDesignator=R35A NewDesignator=R38A
Change Component Designator: OldDesignator=R35B NewDesignator=R38B
Change Component Designator: OldDesignator=R35C NewDesignator=R38C
Change Component Designator: OldDesignator=R36A NewDesignator=R39A
Change Component Designator: OldDesignator=R36B NewDesignator=R39B
Change Component Designator: OldDesignator=R36C NewDesignator=R39C
Change Component Designator: OldDesignator=R37A NewDesignator=R40A
Change Component Designator: OldDesignator=R37B NewDesignator=R40B
Change Component Designator: OldDesignator=R37C NewDesignator=R40C
Change Component Designator: OldDesignator=R38A NewDesignator=R41A
Change Component Designator: OldDesignator=R38B NewDesignator=R41B
Change Component Designator: OldDesignator=R38C NewDesignator=R41C
Change Component Designator: OldDesignator=R39A NewDesignator=R42A
Change Component Designator: OldDesignator=R39B NewDesignator=R42B
Change Component Designator: OldDesignator=R39C NewDesignator=R42C
Change Component Designator: OldDesignator=R40A NewDesignator=R43A
Change Component Designator: OldDesignator=R40B NewDesignator=R43B
Change Component Designator: OldDesignator=R40C NewDesignator=R43C
Change Component Designator: OldDesignator=R41A NewDesignator=R44A
Change Component Designator: OldDesignator=R41B NewDesignator=R44B
Change Component Designator: OldDesignator=R41C NewDesignator=R44C
Change Component Designator: OldDesignator=R42A NewDesignator=R45A
Change Component Designator: OldDesignator=R42B NewDesignator=R45B
Change Component Designator: OldDesignator=R42C NewDesignator=R45C
Change Component Designator: OldDesignator=R43A NewDesignator=R46A
Change Component Designator: OldDesignator=R43B NewDesignator=R46B
Change Component Designator: OldDesignator=R43C NewDesignator=R46C
Change Component Designator: OldDesignator=R44A NewDesignator=R47A
Change Component Designator: OldDesignator=R44B NewDesignator=R47B
Change Component Designator: OldDesignator=R44C NewDesignator=R47C
Change Component Designator: OldDesignator=R45A NewDesignator=R48A
Change Component Designator: OldDesignator=R45B NewDesignator=R48B
Change Component Designator: OldDesignator=R45C NewDesignator=R48C
Change Component Designator: OldDesignator=R46A NewDesignator=R49A
Change Component Designator: OldDesignator=R46B NewDesignator=R49B
Change Component Designator: OldDesignator=R46C NewDesignator=R49C
Change Component Designator: OldDesignator=R47 NewDesignator=R4
Change Component Designator: OldDesignator=R48 NewDesignator=R5
Change Component Designator: OldDesignator=R49 NewDesignator=R6
Change Component Designator: OldDesignator=XT1A NewDesignator=XT?A
Change Component Designator: OldDesignator=XT1B NewDesignator=XT?B
Change Component Designator: OldDesignator=XT1C NewDesignator=XT?C
Added Component: Designator=X?(HSEC8-150-01-XX-DV-A-BL-CARD)
Add component (AddParameter): Name = "Created"; Value = "2018_04_23_AGeiger"; VariantName = "[No Variations]"
Add component (AddParameter): Name = "Manufacturer"; Value = "SAMTEC"; VariantName = "[No Variations]"
Add component (AddParameter): Name = "Value"; Value = "HSEC8-150-01-XX-DV-A-BL-CARD"; VariantName = "[No Variations]"
Added Pin To Net: NetName=GND Pin=X?-1
Added Pin To Net: NetName=GND Pin=X?-2
Added Pin To Net: NetName=GND Pin=X?-3
Added Pin To Net: NetName=GND Pin=X?-4
Added Pin To Net: NetName=VIN Pin=X?-5
Added Pin To Net: NetName=VIN Pin=X?-6
Added Pin To Net: NetName=GND Pin=X?-7
Added Pin To Net: NetName=GND Pin=X?-8
Added Pin To Net: NetName=5V_PER Pin=X?-9
Added Pin To Net: NetName=5V_PER Pin=X?-10
Added Pin To Net: NetName=GND Pin=X?-11
Added Pin To Net: NetName=GND Pin=X?-12
Added Pin To Net: NetName=3V3_PER Pin=X?-13
Added Pin To Net: NetName=3V3_PER Pin=X?-14
Added Pin To Net: NetName=GND Pin=X?-15
Added Pin To Net: NetName=GND Pin=X?-16
Added Pin To Net: NetName=N_SAMPLE1 Pin=X?-17
Added Pin To Net: NetName=N_SAMPLE2 Pin=X?-18
Added Pin To Net: NetName=GND Pin=X?-19
Added Pin To Net: NetName=GND Pin=X?-20
Added Pin To Net: NetName=N_SAMPLE3 Pin=X?-21
Added Pin To Net: NetName=Resolver_SDI1 Pin=X?-22
Added Pin To Net: NetName=GND Pin=X?-23
Added Pin To Net: NetName=GND Pin=X?-24
Added Pin To Net: NetName=Resolver_SDI2 Pin=X?-25
Added Pin To Net: NetName=Resolver_SDI3 Pin=X?-26
Added Pin To Net: NetName=GND Pin=X?-27
Added Pin To Net: NetName=GND Pin=X?-28
Added Pin To Net: NetName=FSYNC1 Pin=X?-29
Added Pin To Net: NetName=FSYNC2 Pin=X?-30
Added Pin To Net: NetName=GND Pin=X?-31
Added Pin To Net: NetName=GND Pin=X?-32
Added Pin To Net: NetName=FSYNC3 Pin=X?-33
Added Pin To Net: NetName=Resolver_SCLK1 Pin=X?-34
Added Pin To Net: NetName=GND Pin=X?-35
Added Pin To Net: NetName=GND Pin=X?-36
Added Pin To Net: NetName=Resolver_SCLK2 Pin=X?-37
Added Pin To Net: NetName=Resolver_SCLK3 Pin=X?-38
Added Pin To Net: NetName=GND Pin=X?-39
Added Pin To Net: NetName=GND Pin=X?-40
Added Pin To Net: NetName=\Reset_Resolver1 Pin=X?-41
Added Pin To Net: NetName=\Reset_Resolver2 Pin=X?-42
Added Pin To Net: NetName=GND Pin=X?-43
Added Pin To Net: NetName=GND Pin=X?-44
Added Pin To Net: NetName=\Reset_Resolver3 Pin=X?-45
Added Pin To Net: NetName=A1_Resolver1 Pin=X?-46
Added Pin To Net: NetName=GND Pin=X?-47
Added Pin To Net: NetName=GND Pin=X?-48
Added Pin To Net: NetName=A1_Resolver2 Pin=X?-49
Added Pin To Net: NetName=A1_Resolver3 Pin=X?-50
Added Pin To Net: NetName=GND Pin=X?-51
Added Pin To Net: NetName=GND Pin=X?-52
Added Pin To Net: NetName=A0_Resolver1 Pin=X?-53
Added Pin To Net: NetName=A0_Resolver2 Pin=X?-54
Added Pin To Net: NetName=GND Pin=X?-55
Added Pin To Net: NetName=GND Pin=X?-56
Added Pin To Net: NetName=A0_Resolver3 Pin=X?-57
Added Pin To Net: NetName=\Resolver_CS1 Pin=X?-58
Added Pin To Net: NetName=GND Pin=X?-59
Added Pin To Net: NetName=GND Pin=X?-60
Added Pin To Net: NetName=\Resolver_CS2 Pin=X?-61
Added Pin To Net: NetName=\Resolver_CS3 Pin=X?-62
Added Pin To Net: NetName=GND Pin=X?-63
Added Pin To Net: NetName=GND Pin=X?-64
Added Pin To Net: NetName=Resolver_SDO1 Pin=X?-65
Added Pin To Net: NetName=Resolver_SDO2 Pin=X?-66
Added Pin To Net: NetName=GND Pin=X?-67
Added Pin To Net: NetName=GND Pin=X?-68
Added Pin To Net: NetName=Resolver_SDO3 Pin=X?-69
Added Pin To Net: NetName=DIG_IO_27 Pin=X?-70
Added Pin To Net: NetName=GND Pin=X?-71
Added Pin To Net: NetName=GND Pin=X?-72
Added Pin To Net: NetName=DIG_IO_28 Pin=X?-73
Added Pin To Net: NetName=DIG_IO_29 Pin=X?-74
Added Pin To Net: NetName=GND Pin=X?-75
Added Pin To Net: NetName=GND Pin=X?-76
Added Pin To Net: NetName=GND Pin=X?-81
Added Pin To Net: NetName=GND Pin=X?-82
Added Pin To Net: NetName=GND Pin=X?-87
Added Pin To Net: NetName=GND Pin=X?-88
Added Pin To Net: NetName=GND Pin=X?-97
Added Pin To Net: NetName=GND Pin=X?-98
Added Pin To Net: NetName=PILOT_OUT Pin=X?-99
Added Pin To Net: NetName=PILOT_IN Pin=X?-100
Change Net Name : Old Net Name=NetD1A_1 New Net Name=NetD4A_1
Change Net Name : Old Net Name=NetD1A_2 New Net Name=NetD4A_2
Change Net Name : Old Net Name=NetD1A_3 New Net Name=NetD4A_3
Change Net Name : Old Net Name=NetD1B_1 New Net Name=NetD4B_1
Change Net Name : Old Net Name=NetD1B_2 New Net Name=NetD4B_2
Change Net Name : Old Net Name=NetD1B_3 New Net Name=NetD4B_3
Change Net Name : Old Net Name=NetD1C_1 New Net Name=NetD4C_1
Change Net Name : Old Net Name=NetD1C_2 New Net Name=NetD4C_2
Change Net Name : Old Net Name=NetD1C_3 New Net Name=NetD4C_3
Change Net Name : Old Net Name=NetD2A_1 New Net Name=NetD5A_1
Change Net Name : Old Net Name=NetD2A_2 New Net Name=NetD5A_2
Change Net Name : Old Net Name=NetD2A_3 New Net Name=NetD5A_3
Change Net Name : Old Net Name=NetD2B_1 New Net Name=NetD5B_1
Change Net Name : Old Net Name=NetD2B_2 New Net Name=NetD5B_2
Change Net Name : Old Net Name=NetD2B_3 New Net Name=NetD5B_3
Change Net Name : Old Net Name=NetD2C_1 New Net Name=NetD5C_1
Change Net Name : Old Net Name=NetD2C_2 New Net Name=NetD5C_2
Change Net Name : Old Net Name=NetD2C_3 New Net Name=NetD5C_3
Change Net Name : Old Net Name=NetD7_2 New Net Name=NetD1_2
Change Net Name : Old Net Name=NetD8_2 New Net Name=NetD2_2
Change Net Name : Old Net Name=NetD9_2 New Net Name=NetD3_2
Change Net Name : Old Net Name=NetR6A_2 New Net Name=NetR9A_2
Change Net Name : Old Net Name=NetR6B_2 New Net Name=NetR9B_2
Change Net Name : Old Net Name=NetR6C_2 New Net Name=NetR9C_2
Change Net Name : Old Net Name=NetR9A_2 New Net Name=NetR12A_2
Change Net Name : Old Net Name=NetR9B_2 New Net Name=NetR12B_2
Change Net Name : Old Net Name=NetR9C_2 New Net Name=NetR12C_2
Change Net Name : Old Net Name=NetR10A_1 New Net Name=NetR13A_1
Change Net Name : Old Net Name=NetR10B_1 New Net Name=NetR13B_1
Change Net Name : Old Net Name=NetR10C_1 New Net Name=NetR13C_1
Change Net Name : Old Net Name=NetR14A_2 New Net Name=NetR17A_2
Change Net Name : Old Net Name=NetR14B_2 New Net Name=NetR17B_2
Change Net Name : Old Net Name=NetR14C_2 New Net Name=NetR17C_2
Change Net Name : Old Net Name=NetR43A_1 New Net Name=NetR46A_1
Change Net Name : Old Net Name=NetR43B_1 New Net Name=NetR46B_1
Change Net Name : Old Net Name=NetR43C_1 New Net Name=NetR46C_1
Change Net Name : Old Net Name=NetR44A_1 New Net Name=NetR47A_1
Change Net Name : Old Net Name=NetR44B_1 New Net Name=NetR47B_1
Change Net Name : Old Net Name=NetR44C_1 New Net Name=NetR47C_1
Change Net Name : Old Net Name=NetR45A_1 New Net Name=NetR48A_1
Change Net Name : Old Net Name=NetR45B_1 New Net Name=NetR48B_1
Change Net Name : Old Net Name=NetR45C_1 New Net Name=NetR48C_1
Change Net Name : Old Net Name=NetR46A_1 New Net Name=NetR49A_1
Change Net Name : Old Net Name=NetR46B_1 New Net Name=NetR49B_1
Change Net Name : Old Net Name=NetR46C_1 New Net Name=NetR49C_1
Added Member To Class: ClassName=DigitalCarrierJack Member=Component R7 3.01k
Added Member To Class: ClassName=DigitalCarrierJack Member=Component R8 1.3k
Added Member To Class: ClassName=DigitalCarrierJack Member=Component X? HSEC8-150-01-XX-DV-A-BL-CARD
