Change Component Designator: Old Designator=BS5 New Designator=BS2
Change Component Designator: Old Designator=BS? New Designator=BS1
Change Component Designator: Old Designator=C112 New Designator=C8
Change Component Designator: Old Designator=C113 New Designator=C9
Change Component Designator: Old Designator=C114 New Designator=C5
Change Component Designator: Old Designator=C115 New Designator=C6
Change Component Designator: Old Designator=C116 New Designator=C1
Change Component Designator: Old Designator=C117 New Designator=C2
Change Component Designator: Old Designator=C118 New Designator=C3
Change Component Designator: Old Designator=C119 New Designator=C4
Change Component Designator: Old Designator=C125 New Designator=C7
Change Component Designator: Old Designator=C126 New Designator=C10
Change Component Designator: Old Designator=R125 New Designator=R24
Change Component Designator: Old Designator=R126 New Designator=R25
Change Component Designator: Old Designator=R127 New Designator=R8
Change Component Designator: Old Designator=R128 New Designator=R7
Change Component Designator: Old Designator=R129 New Designator=R6
Change Component Designator: Old Designator=R130 New Designator=R26
Change Component Designator: Old Designator=R131 New Designator=R10
Change Component Designator: Old Designator=R132 New Designator=R11
Change Component Designator: Old Designator=R133 New Designator=R13
Change Component Designator: Old Designator=R161 New Designator=R16
Change Component Designator: Old Designator=R162 New Designator=R18
Change Component Designator: Old Designator=R163 New Designator=R17
Change Component Designator: Old Designator=R164 New Designator=R19
Change Component Designator: Old Designator=R167 New Designator=R20
Change Component Designator: Old Designator=R168 New Designator=R21
Change Component Designator: Old Designator=R169 New Designator=R22
Change Component Designator: Old Designator=R170 New Designator=R23
Change Component Designator: Old Designator=R171 New Designator=R12
Change Component Designator: Old Designator=R172 New Designator=R15
Change Component Designator: Old Designator=R173 New Designator=R9
Change Component Designator: Old Designator=R174 New Designator=R14
Change Component Designator: Old Designator=TP7 New Designator=TP5
Change Component Designator: Old Designator=TP8 New Designator=TP6
Change Component Designator: Old Designator=TP9 New Designator=TP7
Change Component Designator: Old Designator=TP10 New Designator=TP8
Change Component Designator: Old Designator=TP11 New Designator=TP9
Change Component Designator: Old Designator=TP12 New Designator=TP10
Change Component Designator: Old Designator=TP13 New Designator=TP1
Change Component Designator: Old Designator=TP15 New Designator=TP2
Change Component Designator: Old Designator=TP21 New Designator=TP3
Change Component Designator: Old Designator=TP22 New Designator=TP4
Change Component Designator: Old Designator=U15 New Designator=U1
Change Component Designator: Old Designator=X5 New Designator=X2
