Removed Pin From Net: NetName=GND_EXC1 Pin=Q2A-3
Removed Pin From Net: NetName=GND_EXC1 Pin=Q2B-3
Removed Pin From Net: NetName=GND_EXC1 Pin=Q2C-3
Removed Pin From Net: NetName=GND_EXC1 Pin=Q4A-3
Removed Pin From Net: NetName=GND_EXC1 Pin=Q4B-3
Removed Pin From Net: NetName=GND_EXC1 Pin=Q4C-3
Removed Pin From Net: NetName=GND_EXC1 Pin=R30A-2
Removed Pin From Net: NetName=GND_EXC1 Pin=R30B-2
Removed Pin From Net: NetName=GND_EXC1 Pin=R30C-2
Removed Pin From Net: NetName=GND_EXC1 Pin=R34A-2
Removed Pin From Net: NetName=GND_EXC1 Pin=R34B-2
Removed Pin From Net: NetName=GND_EXC1 Pin=R34C-2
Removed Pin From Net: NetName=GND_EXC1 Pin=U3A-4
Removed Pin From Net: NetName=GND_EXC1 Pin=U3B-4
Removed Pin From Net: NetName=GND_EXC1 Pin=U3C-4
Removed Pin From Net: NetName=GND_EXC1 Pin=X2-3
Removed Pin From Net: NetName=GND_EXC1 Pin=X2-7
Removed Pin From Net: NetName=GND_EXC1 Pin=X2-11
Change Net Name : Old Net Name=GND_EXC1 New Net Name=GND
Added Pin To Net: NetName=GND_EXC1 Pin=Q2A-3
Added Pin To Net: NetName=GND_EXC1 Pin=Q4A-3
Added Pin To Net: NetName=GND_EXC1 Pin=R30A-2
Added Pin To Net: NetName=GND_EXC1 Pin=R34A-2
Added Pin To Net: NetName=GND_EXC1 Pin=U3A-4
Added Pin To Net: NetName=GND_EXC1 Pin=X2-11
Added Net: Name=GND_EXC1
Added Pin To Net: NetName=GND_EXC2 Pin=Q2B-3
Added Pin To Net: NetName=GND_EXC2 Pin=Q4B-3
Added Pin To Net: NetName=GND_EXC2 Pin=R30B-2
Added Pin To Net: NetName=GND_EXC2 Pin=R34B-2
Added Pin To Net: NetName=GND_EXC2 Pin=U3B-4
Added Pin To Net: NetName=GND_EXC2 Pin=X2-7
Added Net: Name=GND_EXC2
Added Pin To Net: NetName=GND_EXC3 Pin=Q2C-3
Added Pin To Net: NetName=GND_EXC3 Pin=Q4C-3
Added Pin To Net: NetName=GND_EXC3 Pin=R30C-2
Added Pin To Net: NetName=GND_EXC3 Pin=R34C-2
Added Pin To Net: NetName=GND_EXC3 Pin=U3C-4
Added Pin To Net: NetName=GND_EXC3 Pin=X2-3
Added Net: Name=GND_EXC3
Added Member To Class: ClassName=GND_EXC[1..3] Member=Element[1]: GND_EXC
Added Member To Class: ClassName=GND_EXC[1..3] Member=Element[2]: GND_EXC
