Add Component: Footprint Not Found RES_1206
Add Component: Footprint Not Found RES_1206
Add Component: Footprint Not Found RES_1206
Add Component: Footprint Not Found RES_1206
Add Component: Footprint Not Found RES_1206
Add Component: Footprint Not Found RES_1206
Add Component: Footprint Not Found CAPC1608X07N
Add Component: Footprint Not Found CAPC1608X07N
Add Component: Footprint Not Found CAPC1608X07N
Add Component: Footprint Not Found CAPC1608X07N
Add Component: Footprint Not Found CAPC1608X07N
Add Component: Footprint Not Found CAPC1608X07N
Add Component: Footprint Not Found CAPC1608X07N
Add Component: Footprint Not Found CAPC1608X07N
Add Component: Footprint Not Found CAPC1608X07N
Add Component: Footprint Not Found CAPC1608X07N
Add Component: Footprint Not Found CAPC1608X07N
Add Component: Footprint Not Found CAPC1608X07N
Add Component: Footprint Not Found CAPC1608X07N
Add Component: Footprint Not Found CAPC1608X07N
Add Component: Footprint Not Found CAPC1608X07N
Add Component: Footprint Not Found CAPC1608X07N
Add Component: Footprint Not Found CAPC1608X07N
Add Component: Footprint Not Found CAPC1608X07N
Add Component: Footprint Not Found CAPC1608X07N
Add Component: Footprint Not Found CAPC1608X07N
Add Component: Footprint Not Found CAPC1608X07N
Add Component: Footprint Not Found CAPC1608X07N
Add Component: Footprint Not Found CAPC1608X07N
Add Component: Footprint Not Found CAPC1608X07N
Add Component: Footprint Not Found CAPC1608X07N
Add Component: Footprint Not Found CAPC1608X07N
Add Component: Footprint Not Found CAPC1608X07N
Add Component: Footprint Not Found CAPC1608X07N
Add Component: Footprint Not Found CAPC1608X07N
Add Component: Footprint Not Found CAPC1608X07N
Add Component: Footprint Not Found RES_1206
Add Component: Footprint Not Found RES_1206
Add Component: Footprint Not Found RES_1206
Add Component: Footprint Not Found CAPC1608X07N
Add Component: Footprint Not Found CAPC1608X07N
Add Component: Footprint Not Found CAPC1608X07N
Add Component: Footprint Not Found RES_1206
Add Component: Footprint Not Found RES_1206
Add Component: Footprint Not Found RES_1206
Add Component: Footprint Not Found CAPC1608X07N
Add Component: Footprint Not Found CAPC1608X07N
Add Component: Footprint Not Found CAPC1608X07N
Add Component: Footprint Not Found CAPC1608X07N
Add Component: Footprint Not Found CAPC1608X07N
Add Component: Footprint Not Found CAPC1608X07N
Add Component: Footprint Not Found CAPC1608X07N
Add Component: Footprint Not Found CAPC1608X07N
Add Component: Footprint Not Found CAPC1608X07N
Add Component: Footprint Not Found CAPC1608X07N
Add Component: Footprint Not Found CAPC1608X07N
Add Component: Footprint Not Found CAPC1608X07N
Add Component: Footprint Not Found CAPC1608X07N
Add Component: Footprint Not Found CAPC1608X07N
Add Component: Footprint Not Found CAPC1608X07N
Add Component: Footprint Not Found CAPC1608X07N
Add Component: Footprint Not Found CAPC1608X07N
Add Component: Footprint Not Found CAPC1608X07N
Add Component: Footprint Not Found CAPC1608X07N
Add Component: Footprint Not Found CAPC1608X07N
Add Component: Footprint Not Found CAPC1608X07N
Add Component: Footprint Not Found CAPC1608X07N
Add Component: Footprint Not Found CAPC1608X07N
Add Component: Footprint Not Found CAPC1608X07N
Add Component: Footprint Not Found CAPC1608X07N
Add Component: Footprint Not Found CAPC1608X07N
Add Component: Footprint Not Found CAPC1608X07N
Add Component: Footprint Not Found CAPC1608X07N
Add Component: Footprint Not Found CAPC1608X07N
Add Component: Footprint Not Found CAPC1608X07N
Add Component: Footprint Not Found CAPC1608X07N
Add Component: Footprint Not Found CAPC1608X07N
Add Component: Footprint Not Found CAPC1608X07N
Add Component: Footprint Not Found CAPC1608X07N
Add Component: Footprint Not Found CAPC1608X07N
Add Component: Footprint Not Found CAPC1608X07N
Add Component: Footprint Not Found CAPC1608X07N
Add Component: Footprint Not Found CAPC1608X07N
Add Component: Footprint Not Found CAPC1608X07N
Add Component: Footprint Not Found CAPC1608X07N
Add Component: Footprint Not Found CAPC1608X07N
Add Component: Footprint Not Found CAPC1608X07N
Add Component: Footprint Not Found CAPC1608X07N
Add Component: Footprint Not Found CAPC1608X07N
Add Component: Footprint Not Found CAPC1608X07N
Add Component: Footprint Not Found SOT-23
Add Component: Footprint Not Found SOT-23
Add Component: Footprint Not Found SOT-23
Add Component: Footprint Not Found SOT-23
Add Component: Footprint Not Found SOT-23
Add Component: Footprint Not Found SOT-23
Add Component: Footprint Not Found SOT-23
Add Component: Footprint Not Found SOT-23
Add Component: Footprint Not Found SOT-23
Add Component: Footprint Not Found SOT-23
Add Component: Footprint Not Found SOT-23
Add Component: Footprint Not Found SOT-23
Add Component: Footprint Not Found SOT-23
Add Component: Footprint Not Found SOT-23
Add Component: Footprint Not Found SOT-23
Add Component: Footprint Not Found SOT-23
Add Component: Footprint Not Found SOT-23
Add Component: Footprint Not Found SOT-23
Add Component: Footprint Not Found WL-SMCW_0603
Add Component: Footprint Not Found WL-SMCW_0603
Add Component: Footprint Not Found WL-SMCW_0603
Add Component: Footprint Not Found SOT-23
Add Component: Footprint Not Found SOT-23
Add Component: Footprint Not Found SOT-23
Add Component: Footprint Not Found SOT-23
Add Component: Footprint Not Found SOT-23
Add Component: Footprint Not Found SOT-23
Add Component: Footprint Not Found SOT-23
Add Component: Footprint Not Found SOT-23
Add Component: Footprint Not Found SOT-23
Add Component: Footprint Not Found SOT-23
Add Component: Footprint Not Found SOT-23
Add Component: Footprint Not Found SOT-23
Add Component: Footprint Not Found RESC1608X06N
Add Component: Footprint Not Found RESC1608X06N
Add Component: Footprint Not Found RESC1608X06N
Add Component: Footprint Not Found RESC1608X06N
Add Component: Footprint Not Found RESC1608X06N
Add Component: Footprint Not Found RESC1608X06N
Add Component: Footprint Not Found RESC1608X06N
Add Component: Footprint Not Found RESC1608X06N
Add Component: Footprint Not Found RESC1608X06N
Add Component: Footprint Not Found RESC1608X06N
Add Component: Footprint Not Found RESC1608X06N
Add Component: Footprint Not Found RESC1608X06N
Add Component: Footprint Not Found RESC1608X06N
Add Component: Footprint Not Found RESC1608X06N
Add Component: Footprint Not Found RESC1608X06N
Add Component: Footprint Not Found RESC1608X06N
Add Component: Footprint Not Found RESC1608X06N
Add Component: Footprint Not Found RESC1608X06N
Add Component: Footprint Not Found RESC1608X06N
Add Component: Footprint Not Found RESC1608X06N
Add Component: Footprint Not Found RESC1608X06N
Add Component: Footprint Not Found RESC1608X06N
Add Component: Footprint Not Found RESC1608X06N
Add Component: Footprint Not Found RESC1608X06N
Add Component: Footprint Not Found RESC1608X06N
Add Component: Footprint Not Found RESC1608X06N
Add Component: Footprint Not Found RESC1608X06N
Add Component: Footprint Not Found RESC1608X06N
Add Component: Footprint Not Found RESC1608X06N
Add Component: Footprint Not Found RESC1608X06N
Add Component: Footprint Not Found RESC1608X06N
Add Component: Footprint Not Found RESC1608X06N
Add Component: Footprint Not Found RESC1608X06N
Add Component: Footprint Not Found RESC1608X06N
Add Component: Footprint Not Found RESC1608X06N
Add Component: Footprint Not Found RESC1608X06N
Add Component: Footprint Not Found RESC1608X06N
Add Component: Footprint Not Found RESC1608X06N
Add Component: Footprint Not Found RESC1608X06N
Add Component: Footprint Not Found RESC1608X06N
Add Component: Footprint Not Found RESC1608X06N
Add Component: Footprint Not Found RESC1608X06N
Add Component: Footprint Not Found RESC1608X06N
Add Component: Footprint Not Found RESC1608X06N
Add Component: Footprint Not Found RESC1608X06N
Add Component: Footprint Not Found RESC1608X06N
Add Component: Footprint Not Found RESC1608X06N
Add Component: Footprint Not Found RESC1608X06N
Add Component: Footprint Not Found RESC1608X06N
Add Component: Footprint Not Found RESC1608X06N
Add Component: Footprint Not Found RESC1608X06N
Add Component: Footprint Not Found RESC1608X06N
Add Component: Footprint Not Found RESC1608X06N
Add Component: Footprint Not Found RESC1608X06N
Add Component: Footprint Not Found RESC1608X06N
Add Component: Footprint Not Found RESC1608X06N
Add Component: Footprint Not Found RESC1608X06N
Add Component: Footprint Not Found RESC1608X06N
Add Component: Footprint Not Found RESC1608X06N
Add Component: Footprint Not Found RESC1608X06N
Add Component: Footprint Not Found RESC1608X06N
Add Component: Footprint Not Found RESC1608X06N
Add Component: Footprint Not Found RESC1608X06N
Add Component: Footprint Not Found RESC1608X06N
Add Component: Footprint Not Found RESC1608X06N
Add Component: Footprint Not Found RESC1608X06N
Add Component: Footprint Not Found RESC1608X06N
Add Component: Footprint Not Found RESC1608X06N
Add Component: Footprint Not Found RESC1608X06N
Add Component: Footprint Not Found RESC1608X06N
Add Component: Footprint Not Found RESC1608X06N
Add Component: Footprint Not Found RESC1608X06N
Add Component: Footprint Not Found RESC1608X06N
Add Component: Footprint Not Found RESC1608X06N
Add Component: Footprint Not Found RESC1608X06N
Add Component: Footprint Not Found RESC1608X06N
Add Component: Footprint Not Found RESC1608X06N
Add Component: Footprint Not Found RESC1608X06N
Add Component: Footprint Not Found RESC1608X06N
Add Component: Footprint Not Found RESC1608X06N
Add Component: Footprint Not Found RESC1608X06N
Add Component: Footprint Not Found RESC1608X06N
Add Component: Footprint Not Found RESC1608X06N
Add Component: Footprint Not Found RESC1608X06N
Add Component: Footprint Not Found RESC1608X06N
Add Component: Footprint Not Found RESC1608X06N
Add Component: Footprint Not Found RESC1608X06N
Add Component: Footprint Not Found RESC1608X06N
Add Component: Footprint Not Found RESC1608X06N
Add Component: Footprint Not Found RESC1608X06N
Add Component: Footprint Not Found RESC1608X06N
Add Component: Footprint Not Found RESC1608X06N
Add Component: Footprint Not Found RESC1608X06N
Add Component: Footprint Not Found RESC1608X06N
Add Component: Footprint Not Found RESC1608X06N
Add Component: Footprint Not Found RESC1608X06N
Add Component: Footprint Not Found RESC1608X06N
Add Component: Footprint Not Found RESC1608X06N
Add Component: Footprint Not Found RESC1608X06N
Add Component: Footprint Not Found RESC1608X06N
Add Component: Footprint Not Found RESC1608X06N
Add Component: Footprint Not Found RESC1608X06N
Add Component: Footprint Not Found RESC1608X06N
Add Component: Footprint Not Found RESC1608X06N
Add Component: Footprint Not Found RESC1608X06N
Add Component: Footprint Not Found RESC1608X06N
Add Component: Footprint Not Found RESC1608X06N
Add Component: Footprint Not Found RESC1608X06N
Add Component: Footprint Not Found RESC1608X06N
Add Component: Footprint Not Found RESC1608X06N
Add Component: Footprint Not Found RESC1608X06N
Add Component: Footprint Not Found RESC1608X06N
Add Component: Footprint Not Found RESC1608X06N
Add Component: Footprint Not Found RESC1608X06N
Add Component: Footprint Not Found RESC1608X06N
Add Component: Footprint Not Found RESC1608X06N
Add Component: Footprint Not Found RESC1608X06N
Add Component: Footprint Not Found RESC1608X06N
Add Component: Footprint Not Found RESC1608X06N
Add Component: Footprint Not Found RESC1608X06N
Add Component: Footprint Not Found RESC1608X06N
Add Component: Footprint Not Found RESC1608X06N
Add Component: Footprint Not Found RESC1608X06N
Add Component: Footprint Not Found RESC1608X06N
Add Component: Footprint Not Found RESC1608X06N
Add Component: Footprint Not Found RESC1608X06N
Add Component: Footprint Not Found LQFP-48_L
Add Component: Footprint Not Found LQFP-48_L
Add Component: Footprint Not Found LQFP-48_L
Add Component: Footprint Not Found DC/DC 24V-->12V 1W Aislado
Add Component: Footprint Not Found DC/DC 24V-->12V 1W Aislado
Add Component: Footprint Not Found DC/DC 24V-->12V 1W Aislado
Add Component: Footprint Not Found SOIC8_N
Add Component: Footprint Not Found SOIC8_N
Add Component: Footprint Not Found SOIC8_N
Add Component: Footprint Not Found SOIC-14
Add Component: Footprint Not Found SOIC-14
Add Component: Footprint Not Found SOIC-14
Add Component: Footprint Not Found Conector 3x2 TH Horizontal
Add Component: Footprint Not Found Conector 3x2 TH Horizontal
Add Component: Footprint Not Found Conector 3x2 TH Horizontal
Add Component: Footprint Not Found CRYSTALOSC
Add Component: Footprint Not Found CRYSTALOSC
Add Component: Footprint Not Found CRYSTALOSC
Add Pin To Net: Unknown Pin: Pin BS1A-1
Add Pin To Net: Unknown Pin: Pin BS1A-2
Add Pin To Net: Unknown Pin: Pin BS1B-1
Add Pin To Net: Unknown Pin: Pin BS1B-2
Add Pin To Net: Unknown Pin: Pin BS1C-1
Add Pin To Net: Unknown Pin: Pin BS1C-2
Add Pin To Net: Unknown Pin: Pin BS2A-1
Add Pin To Net: Unknown Pin: Pin BS2A-2
Add Pin To Net: Unknown Pin: Pin BS2B-1
Add Pin To Net: Unknown Pin: Pin BS2B-2
Add Pin To Net: Unknown Pin: Pin BS2C-1
Add Pin To Net: Unknown Pin: Pin BS2C-2
Add Pin To Net: Unknown Pin: Pin C1A-1
Add Pin To Net: Unknown Pin: Pin C1A-2
Add Pin To Net: Unknown Pin: Pin C1B-1
Add Pin To Net: Unknown Pin: Pin C1B-2
Add Pin To Net: Unknown Pin: Pin C1C-1
Add Pin To Net: Unknown Pin: Pin C1C-2
Add Pin To Net: Unknown Pin: Pin C2A-1
Add Pin To Net: Unknown Pin: Pin C2A-2
Add Pin To Net: Unknown Pin: Pin C2B-1
Add Pin To Net: Unknown Pin: Pin C2B-2
Add Pin To Net: Unknown Pin: Pin C2C-1
Add Pin To Net: Unknown Pin: Pin C2C-2
Add Pin To Net: Unknown Pin: Pin C3A-1
Add Pin To Net: Unknown Pin: Pin C3A-2
Add Pin To Net: Unknown Pin: Pin C3B-1
Add Pin To Net: Unknown Pin: Pin C3B-2
Add Pin To Net: Unknown Pin: Pin C3C-1
Add Pin To Net: Unknown Pin: Pin C3C-2
Add Pin To Net: Unknown Pin: Pin C4A-1
Add Pin To Net: Unknown Pin: Pin C4A-2
Add Pin To Net: Unknown Pin: Pin C4B-1
Add Pin To Net: Unknown Pin: Pin C4B-2
Add Pin To Net: Unknown Pin: Pin C4C-1
Add Pin To Net: Unknown Pin: Pin C4C-2
Add Pin To Net: Unknown Pin: Pin C5A-1
Add Pin To Net: Unknown Pin: Pin C5A-2
Add Pin To Net: Unknown Pin: Pin C5B-1
Add Pin To Net: Unknown Pin: Pin C5B-2
Add Pin To Net: Unknown Pin: Pin C5C-1
Add Pin To Net: Unknown Pin: Pin C5C-2
Add Pin To Net: Unknown Pin: Pin C6A-1
Add Pin To Net: Unknown Pin: Pin C6A-2
Add Pin To Net: Unknown Pin: Pin C6B-1
Add Pin To Net: Unknown Pin: Pin C6B-2
Add Pin To Net: Unknown Pin: Pin C6C-1
Add Pin To Net: Unknown Pin: Pin C6C-2
Add Pin To Net: Unknown Pin: Pin C7A-1
Add Pin To Net: Unknown Pin: Pin C7A-2
Add Pin To Net: Unknown Pin: Pin C7B-1
Add Pin To Net: Unknown Pin: Pin C7B-2
Add Pin To Net: Unknown Pin: Pin C7C-1
Add Pin To Net: Unknown Pin: Pin C7C-2
Add Pin To Net: Unknown Pin: Pin C8A-1
Add Pin To Net: Unknown Pin: Pin C8A-2
Add Pin To Net: Unknown Pin: Pin C8B-1
Add Pin To Net: Unknown Pin: Pin C8B-2
Add Pin To Net: Unknown Pin: Pin C8C-1
Add Pin To Net: Unknown Pin: Pin C8C-2
Add Pin To Net: Unknown Pin: Pin C9A-1
Add Pin To Net: Unknown Pin: Pin C9A-2
Add Pin To Net: Unknown Pin: Pin C9B-1
Add Pin To Net: Unknown Pin: Pin C9B-2
Add Pin To Net: Unknown Pin: Pin C9C-1
Add Pin To Net: Unknown Pin: Pin C9C-2
Add Pin To Net: Unknown Pin: Pin C10A-1
Add Pin To Net: Unknown Pin: Pin C10A-2
Add Pin To Net: Unknown Pin: Pin C10B-1
Add Pin To Net: Unknown Pin: Pin C10B-2
Add Pin To Net: Unknown Pin: Pin C10C-1
Add Pin To Net: Unknown Pin: Pin C10C-2
Add Pin To Net: Unknown Pin: Pin C11A-1
Add Pin To Net: Unknown Pin: Pin C11A-2
Add Pin To Net: Unknown Pin: Pin C11B-1
Add Pin To Net: Unknown Pin: Pin C11B-2
Add Pin To Net: Unknown Pin: Pin C11C-1
Add Pin To Net: Unknown Pin: Pin C11C-2
Add Pin To Net: Unknown Pin: Pin C12A-1
Add Pin To Net: Unknown Pin: Pin C12A-2
Add Pin To Net: Unknown Pin: Pin C12B-1
Add Pin To Net: Unknown Pin: Pin C12B-2
Add Pin To Net: Unknown Pin: Pin C12C-1
Add Pin To Net: Unknown Pin: Pin C12C-2
Add Pin To Net: Unknown Pin: Pin C13A-1
Add Pin To Net: Unknown Pin: Pin C13A-2
Add Pin To Net: Unknown Pin: Pin C13B-1
Add Pin To Net: Unknown Pin: Pin C13B-2
Add Pin To Net: Unknown Pin: Pin C13C-1
Add Pin To Net: Unknown Pin: Pin C13C-2
Add Pin To Net: Unknown Pin: Pin C14A-1
Add Pin To Net: Unknown Pin: Pin C14A-2
Add Pin To Net: Unknown Pin: Pin C14B-1
Add Pin To Net: Unknown Pin: Pin C14B-2
Add Pin To Net: Unknown Pin: Pin C14C-1
Add Pin To Net: Unknown Pin: Pin C14C-2
Add Pin To Net: Unknown Pin: Pin C15A-1
Add Pin To Net: Unknown Pin: Pin C15A-2
Add Pin To Net: Unknown Pin: Pin C15B-1
Add Pin To Net: Unknown Pin: Pin C15B-2
Add Pin To Net: Unknown Pin: Pin C15C-1
Add Pin To Net: Unknown Pin: Pin C15C-2
Add Pin To Net: Unknown Pin: Pin C16A-1
Add Pin To Net: Unknown Pin: Pin C16A-2
Add Pin To Net: Unknown Pin: Pin C16B-1
Add Pin To Net: Unknown Pin: Pin C16B-2
Add Pin To Net: Unknown Pin: Pin C16C-1
Add Pin To Net: Unknown Pin: Pin C16C-2
Add Pin To Net: Unknown Pin: Pin C17A-1
Add Pin To Net: Unknown Pin: Pin C17A-2
Add Pin To Net: Unknown Pin: Pin C17B-1
Add Pin To Net: Unknown Pin: Pin C17B-2
Add Pin To Net: Unknown Pin: Pin C17C-1
Add Pin To Net: Unknown Pin: Pin C17C-2
Add Pin To Net: Unknown Pin: Pin C18A-1
Add Pin To Net: Unknown Pin: Pin C18A-2
Add Pin To Net: Unknown Pin: Pin C18B-1
Add Pin To Net: Unknown Pin: Pin C18B-2
Add Pin To Net: Unknown Pin: Pin C18C-1
Add Pin To Net: Unknown Pin: Pin C18C-2
Add Pin To Net: Unknown Pin: Pin C19A-1
Add Pin To Net: Unknown Pin: Pin C19A-2
Add Pin To Net: Unknown Pin: Pin C19B-1
Add Pin To Net: Unknown Pin: Pin C19B-2
Add Pin To Net: Unknown Pin: Pin C19C-1
Add Pin To Net: Unknown Pin: Pin C19C-2
Add Pin To Net: Unknown Pin: Pin C20A-1
Add Pin To Net: Unknown Pin: Pin C20A-2
Add Pin To Net: Unknown Pin: Pin C20B-1
Add Pin To Net: Unknown Pin: Pin C20B-2
Add Pin To Net: Unknown Pin: Pin C20C-1
Add Pin To Net: Unknown Pin: Pin C20C-2
Add Pin To Net: Unknown Pin: Pin C21A-1
Add Pin To Net: Unknown Pin: Pin C21A-2
Add Pin To Net: Unknown Pin: Pin C21B-1
Add Pin To Net: Unknown Pin: Pin C21B-2
Add Pin To Net: Unknown Pin: Pin C21C-1
Add Pin To Net: Unknown Pin: Pin C21C-2
Add Pin To Net: Unknown Pin: Pin C22A-1
Add Pin To Net: Unknown Pin: Pin C22A-2
Add Pin To Net: Unknown Pin: Pin C22B-1
Add Pin To Net: Unknown Pin: Pin C22B-2
Add Pin To Net: Unknown Pin: Pin C22C-1
Add Pin To Net: Unknown Pin: Pin C22C-2
Add Pin To Net: Unknown Pin: Pin C23A-1
Add Pin To Net: Unknown Pin: Pin C23A-2
Add Pin To Net: Unknown Pin: Pin C23B-1
Add Pin To Net: Unknown Pin: Pin C23B-2
Add Pin To Net: Unknown Pin: Pin C23C-1
Add Pin To Net: Unknown Pin: Pin C23C-2
Add Pin To Net: Unknown Pin: Pin C24A-1
Add Pin To Net: Unknown Pin: Pin C24A-2
Add Pin To Net: Unknown Pin: Pin C24B-1
Add Pin To Net: Unknown Pin: Pin C24B-2
Add Pin To Net: Unknown Pin: Pin C24C-1
Add Pin To Net: Unknown Pin: Pin C24C-2
Add Pin To Net: Unknown Pin: Pin C25A-1
Add Pin To Net: Unknown Pin: Pin C25A-2
Add Pin To Net: Unknown Pin: Pin C25B-1
Add Pin To Net: Unknown Pin: Pin C25B-2
Add Pin To Net: Unknown Pin: Pin C25C-1
Add Pin To Net: Unknown Pin: Pin C25C-2
Add Pin To Net: Unknown Pin: Pin C26A-1
Add Pin To Net: Unknown Pin: Pin C26A-2
Add Pin To Net: Unknown Pin: Pin C26B-1
Add Pin To Net: Unknown Pin: Pin C26B-2
Add Pin To Net: Unknown Pin: Pin C26C-1
Add Pin To Net: Unknown Pin: Pin C26C-2
Add Pin To Net: Unknown Pin: Pin C27A-1
Add Pin To Net: Unknown Pin: Pin C27A-2
Add Pin To Net: Unknown Pin: Pin C27B-1
Add Pin To Net: Unknown Pin: Pin C27B-2
Add Pin To Net: Unknown Pin: Pin C27C-1
Add Pin To Net: Unknown Pin: Pin C27C-2
Add Pin To Net: Unknown Pin: Pin C28A-1
Add Pin To Net: Unknown Pin: Pin C28A-2
Add Pin To Net: Unknown Pin: Pin C28B-1
Add Pin To Net: Unknown Pin: Pin C28B-2
Add Pin To Net: Unknown Pin: Pin C28C-1
Add Pin To Net: Unknown Pin: Pin C28C-2
Add Pin To Net: Unknown Pin: Pin D1A-1
Add Pin To Net: Unknown Pin: Pin D1A-2
Add Pin To Net: Unknown Pin: Pin D1A-3
Add Pin To Net: Unknown Pin: Pin D1B-1
Add Pin To Net: Unknown Pin: Pin D1B-2
Add Pin To Net: Unknown Pin: Pin D1B-3
Add Pin To Net: Unknown Pin: Pin D1C-1
Add Pin To Net: Unknown Pin: Pin D1C-2
Add Pin To Net: Unknown Pin: Pin D1C-3
Add Pin To Net: Unknown Pin: Pin D2A-1
Add Pin To Net: Unknown Pin: Pin D2A-2
Add Pin To Net: Unknown Pin: Pin D2A-3
Add Pin To Net: Unknown Pin: Pin D2B-1
Add Pin To Net: Unknown Pin: Pin D2B-2
Add Pin To Net: Unknown Pin: Pin D2B-3
Add Pin To Net: Unknown Pin: Pin D2C-1
Add Pin To Net: Unknown Pin: Pin D2C-2
Add Pin To Net: Unknown Pin: Pin D2C-3
Add Pin To Net: Unknown Pin: Pin D3A-1
Add Pin To Net: Unknown Pin: Pin D3A-2
Add Pin To Net: Unknown Pin: Pin D3A-3
Add Pin To Net: Unknown Pin: Pin D3B-1
Add Pin To Net: Unknown Pin: Pin D3B-2
Add Pin To Net: Unknown Pin: Pin D3B-3
Add Pin To Net: Unknown Pin: Pin D3C-1
Add Pin To Net: Unknown Pin: Pin D3C-2
Add Pin To Net: Unknown Pin: Pin D3C-3
Add Pin To Net: Unknown Pin: Pin D4A-1
Add Pin To Net: Unknown Pin: Pin D4A-2
Add Pin To Net: Unknown Pin: Pin D4A-3
Add Pin To Net: Unknown Pin: Pin D4B-1
Add Pin To Net: Unknown Pin: Pin D4B-2
Add Pin To Net: Unknown Pin: Pin D4B-3
Add Pin To Net: Unknown Pin: Pin D4C-1
Add Pin To Net: Unknown Pin: Pin D4C-2
Add Pin To Net: Unknown Pin: Pin D4C-3
Add Pin To Net: Unknown Pin: Pin D5A-1
Add Pin To Net: Unknown Pin: Pin D5A-2
Add Pin To Net: Unknown Pin: Pin D5A-3
Add Pin To Net: Unknown Pin: Pin D5B-1
Add Pin To Net: Unknown Pin: Pin D5B-2
Add Pin To Net: Unknown Pin: Pin D5B-3
Add Pin To Net: Unknown Pin: Pin D5C-1
Add Pin To Net: Unknown Pin: Pin D5C-2
Add Pin To Net: Unknown Pin: Pin D5C-3
Add Pin To Net: Unknown Pin: Pin D6A-1
Add Pin To Net: Unknown Pin: Pin D6A-2
Add Pin To Net: Unknown Pin: Pin D6A-3
Add Pin To Net: Unknown Pin: Pin D6B-1
Add Pin To Net: Unknown Pin: Pin D6B-2
Add Pin To Net: Unknown Pin: Pin D6B-3
Add Pin To Net: Unknown Pin: Pin D6C-1
Add Pin To Net: Unknown Pin: Pin D6C-2
Add Pin To Net: Unknown Pin: Pin D6C-3
Add Pin To Net: Unknown Pin: Pin LED1-1
Add Pin To Net: Unknown Pin: Pin LED1-2
Add Pin To Net: Unknown Pin: Pin LED2-1
Add Pin To Net: Unknown Pin: Pin LED2-2
Add Pin To Net: Unknown Pin: Pin LED3-1
Add Pin To Net: Unknown Pin: Pin LED3-2
Add Pin To Net: Unknown Pin: Pin Q1A-1
Add Pin To Net: Unknown Pin: Pin Q1A-2
Add Pin To Net: Unknown Pin: Pin Q1A-3
Add Pin To Net: Unknown Pin: Pin Q1B-1
Add Pin To Net: Unknown Pin: Pin Q1B-2
Add Pin To Net: Unknown Pin: Pin Q1B-3
Add Pin To Net: Unknown Pin: Pin Q1C-1
Add Pin To Net: Unknown Pin: Pin Q1C-2
Add Pin To Net: Unknown Pin: Pin Q1C-3
Add Pin To Net: Unknown Pin: Pin Q2A-1
Add Pin To Net: Unknown Pin: Pin Q2A-2
Add Pin To Net: Unknown Pin: Pin Q2A-3
Add Pin To Net: Unknown Pin: Pin Q2B-1
Add Pin To Net: Unknown Pin: Pin Q2B-2
Add Pin To Net: Unknown Pin: Pin Q2B-3
Add Pin To Net: Unknown Pin: Pin Q2C-1
Add Pin To Net: Unknown Pin: Pin Q2C-2
Add Pin To Net: Unknown Pin: Pin Q2C-3
Add Pin To Net: Unknown Pin: Pin Q3A-1
Add Pin To Net: Unknown Pin: Pin Q3A-2
Add Pin To Net: Unknown Pin: Pin Q3A-3
Add Pin To Net: Unknown Pin: Pin Q3B-1
Add Pin To Net: Unknown Pin: Pin Q3B-2
Add Pin To Net: Unknown Pin: Pin Q3B-3
Add Pin To Net: Unknown Pin: Pin Q3C-1
Add Pin To Net: Unknown Pin: Pin Q3C-2
Add Pin To Net: Unknown Pin: Pin Q3C-3
Add Pin To Net: Unknown Pin: Pin Q4A-1
Add Pin To Net: Unknown Pin: Pin Q4A-2
Add Pin To Net: Unknown Pin: Pin Q4A-3
Add Pin To Net: Unknown Pin: Pin Q4B-1
Add Pin To Net: Unknown Pin: Pin Q4B-2
Add Pin To Net: Unknown Pin: Pin Q4B-3
Add Pin To Net: Unknown Pin: Pin Q4C-1
Add Pin To Net: Unknown Pin: Pin Q4C-2
Add Pin To Net: Unknown Pin: Pin Q4C-3
Add Pin To Net: Unknown Pin: Pin R3-1
Add Pin To Net: Unknown Pin: Pin R3-2
Add Pin To Net: Unknown Pin: Pin R4-1
Add Pin To Net: Unknown Pin: Pin R4-2
Add Pin To Net: Unknown Pin: Pin R5-1
Add Pin To Net: Unknown Pin: Pin R5-2
Add Pin To Net: Unknown Pin: Pin R6A-1
Add Pin To Net: Unknown Pin: Pin R6A-2
Add Pin To Net: Unknown Pin: Pin R6B-1
Add Pin To Net: Unknown Pin: Pin R6B-2
Add Pin To Net: Unknown Pin: Pin R6C-1
Add Pin To Net: Unknown Pin: Pin R6C-2
Add Pin To Net: Unknown Pin: Pin R7A-1
Add Pin To Net: Unknown Pin: Pin R7A-2
Add Pin To Net: Unknown Pin: Pin R7B-1
Add Pin To Net: Unknown Pin: Pin R7B-2
Add Pin To Net: Unknown Pin: Pin R7C-1
Add Pin To Net: Unknown Pin: Pin R7C-2
Add Pin To Net: Unknown Pin: Pin R8A-1
Add Pin To Net: Unknown Pin: Pin R8A-2
Add Pin To Net: Unknown Pin: Pin R8B-1
Add Pin To Net: Unknown Pin: Pin R8B-2
Add Pin To Net: Unknown Pin: Pin R8C-1
Add Pin To Net: Unknown Pin: Pin R8C-2
Add Pin To Net: Unknown Pin: Pin R9A-1
Add Pin To Net: Unknown Pin: Pin R9A-2
Add Pin To Net: Unknown Pin: Pin R9B-1
Add Pin To Net: Unknown Pin: Pin R9B-2
Add Pin To Net: Unknown Pin: Pin R9C-1
Add Pin To Net: Unknown Pin: Pin R9C-2
Add Pin To Net: Unknown Pin: Pin R10A-1
Add Pin To Net: Unknown Pin: Pin R10A-2
Add Pin To Net: Unknown Pin: Pin R10B-1
Add Pin To Net: Unknown Pin: Pin R10B-2
Add Pin To Net: Unknown Pin: Pin R10C-1
Add Pin To Net: Unknown Pin: Pin R10C-2
Add Pin To Net: Unknown Pin: Pin R11A-1
Add Pin To Net: Unknown Pin: Pin R11A-2
Add Pin To Net: Unknown Pin: Pin R11B-1
Add Pin To Net: Unknown Pin: Pin R11B-2
Add Pin To Net: Unknown Pin: Pin R11C-1
Add Pin To Net: Unknown Pin: Pin R11C-2
Add Pin To Net: Unknown Pin: Pin R12A-1
Add Pin To Net: Unknown Pin: Pin R12A-2
Add Pin To Net: Unknown Pin: Pin R12B-1
Add Pin To Net: Unknown Pin: Pin R12B-2
Add Pin To Net: Unknown Pin: Pin R12C-1
Add Pin To Net: Unknown Pin: Pin R12C-2
Add Pin To Net: Unknown Pin: Pin R13A-1
Add Pin To Net: Unknown Pin: Pin R13A-2
Add Pin To Net: Unknown Pin: Pin R13B-1
Add Pin To Net: Unknown Pin: Pin R13B-2
Add Pin To Net: Unknown Pin: Pin R13C-1
Add Pin To Net: Unknown Pin: Pin R13C-2
Add Pin To Net: Unknown Pin: Pin R14A-1
Add Pin To Net: Unknown Pin: Pin R14A-2
Add Pin To Net: Unknown Pin: Pin R14B-1
Add Pin To Net: Unknown Pin: Pin R14B-2
Add Pin To Net: Unknown Pin: Pin R14C-1
Add Pin To Net: Unknown Pin: Pin R14C-2
Add Pin To Net: Unknown Pin: Pin R15A-1
Add Pin To Net: Unknown Pin: Pin R15A-2
Add Pin To Net: Unknown Pin: Pin R15B-1
Add Pin To Net: Unknown Pin: Pin R15B-2
Add Pin To Net: Unknown Pin: Pin R15C-1
Add Pin To Net: Unknown Pin: Pin R15C-2
Add Pin To Net: Unknown Pin: Pin R16A-1
Add Pin To Net: Unknown Pin: Pin R16A-2
Add Pin To Net: Unknown Pin: Pin R16B-1
Add Pin To Net: Unknown Pin: Pin R16B-2
Add Pin To Net: Unknown Pin: Pin R16C-1
Add Pin To Net: Unknown Pin: Pin R16C-2
Add Pin To Net: Unknown Pin: Pin R17A-1
Add Pin To Net: Unknown Pin: Pin R17A-2
Add Pin To Net: Unknown Pin: Pin R17B-1
Add Pin To Net: Unknown Pin: Pin R17B-2
Add Pin To Net: Unknown Pin: Pin R17C-1
Add Pin To Net: Unknown Pin: Pin R17C-2
Add Pin To Net: Unknown Pin: Pin R18A-1
Add Pin To Net: Unknown Pin: Pin R18A-2
Add Pin To Net: Unknown Pin: Pin R18B-1
Add Pin To Net: Unknown Pin: Pin R18B-2
Add Pin To Net: Unknown Pin: Pin R18C-1
Add Pin To Net: Unknown Pin: Pin R18C-2
Add Pin To Net: Unknown Pin: Pin R19A-1
Add Pin To Net: Unknown Pin: Pin R19A-2
Add Pin To Net: Unknown Pin: Pin R19B-1
Add Pin To Net: Unknown Pin: Pin R19B-2
Add Pin To Net: Unknown Pin: Pin R19C-1
Add Pin To Net: Unknown Pin: Pin R19C-2
Add Pin To Net: Unknown Pin: Pin R20A-1
Add Pin To Net: Unknown Pin: Pin R20A-2
Add Pin To Net: Unknown Pin: Pin R20B-1
Add Pin To Net: Unknown Pin: Pin R20B-2
Add Pin To Net: Unknown Pin: Pin R20C-1
Add Pin To Net: Unknown Pin: Pin R20C-2
Add Pin To Net: Unknown Pin: Pin R21A-1
Add Pin To Net: Unknown Pin: Pin R21A-2
Add Pin To Net: Unknown Pin: Pin R21B-1
Add Pin To Net: Unknown Pin: Pin R21B-2
Add Pin To Net: Unknown Pin: Pin R21C-1
Add Pin To Net: Unknown Pin: Pin R21C-2
Add Pin To Net: Unknown Pin: Pin R22A-1
Add Pin To Net: Unknown Pin: Pin R22A-2
Add Pin To Net: Unknown Pin: Pin R22B-1
Add Pin To Net: Unknown Pin: Pin R22B-2
Add Pin To Net: Unknown Pin: Pin R22C-1
Add Pin To Net: Unknown Pin: Pin R22C-2
Add Pin To Net: Unknown Pin: Pin R23A-1
Add Pin To Net: Unknown Pin: Pin R23A-2
Add Pin To Net: Unknown Pin: Pin R23B-1
Add Pin To Net: Unknown Pin: Pin R23B-2
Add Pin To Net: Unknown Pin: Pin R23C-1
Add Pin To Net: Unknown Pin: Pin R23C-2
Add Pin To Net: Unknown Pin: Pin R24A-1
Add Pin To Net: Unknown Pin: Pin R24A-2
Add Pin To Net: Unknown Pin: Pin R24B-1
Add Pin To Net: Unknown Pin: Pin R24B-2
Add Pin To Net: Unknown Pin: Pin R24C-1
Add Pin To Net: Unknown Pin: Pin R24C-2
Add Pin To Net: Unknown Pin: Pin R25A-1
Add Pin To Net: Unknown Pin: Pin R25A-2
Add Pin To Net: Unknown Pin: Pin R25B-1
Add Pin To Net: Unknown Pin: Pin R25B-2
Add Pin To Net: Unknown Pin: Pin R25C-1
Add Pin To Net: Unknown Pin: Pin R25C-2
Add Pin To Net: Unknown Pin: Pin R26A-1
Add Pin To Net: Unknown Pin: Pin R26A-2
Add Pin To Net: Unknown Pin: Pin R26B-1
Add Pin To Net: Unknown Pin: Pin R26B-2
Add Pin To Net: Unknown Pin: Pin R26C-1
Add Pin To Net: Unknown Pin: Pin R26C-2
Add Pin To Net: Unknown Pin: Pin R27A-1
Add Pin To Net: Unknown Pin: Pin R27A-2
Add Pin To Net: Unknown Pin: Pin R27B-1
Add Pin To Net: Unknown Pin: Pin R27B-2
Add Pin To Net: Unknown Pin: Pin R27C-1
Add Pin To Net: Unknown Pin: Pin R27C-2
Add Pin To Net: Unknown Pin: Pin R28A-1
Add Pin To Net: Unknown Pin: Pin R28A-2
Add Pin To Net: Unknown Pin: Pin R28B-1
Add Pin To Net: Unknown Pin: Pin R28B-2
Add Pin To Net: Unknown Pin: Pin R28C-1
Add Pin To Net: Unknown Pin: Pin R28C-2
Add Pin To Net: Unknown Pin: Pin R29A-1
Add Pin To Net: Unknown Pin: Pin R29A-2
Add Pin To Net: Unknown Pin: Pin R29B-1
Add Pin To Net: Unknown Pin: Pin R29B-2
Add Pin To Net: Unknown Pin: Pin R29C-1
Add Pin To Net: Unknown Pin: Pin R29C-2
Add Pin To Net: Unknown Pin: Pin R30A-1
Add Pin To Net: Unknown Pin: Pin R30A-2
Add Pin To Net: Unknown Pin: Pin R30B-1
Add Pin To Net: Unknown Pin: Pin R30B-2
Add Pin To Net: Unknown Pin: Pin R30C-1
Add Pin To Net: Unknown Pin: Pin R30C-2
Add Pin To Net: Unknown Pin: Pin R31A-1
Add Pin To Net: Unknown Pin: Pin R31A-2
Add Pin To Net: Unknown Pin: Pin R31B-1
Add Pin To Net: Unknown Pin: Pin R31B-2
Add Pin To Net: Unknown Pin: Pin R31C-1
Add Pin To Net: Unknown Pin: Pin R31C-2
Add Pin To Net: Unknown Pin: Pin R32A-1
Add Pin To Net: Unknown Pin: Pin R32A-2
Add Pin To Net: Unknown Pin: Pin R32B-1
Add Pin To Net: Unknown Pin: Pin R32B-2
Add Pin To Net: Unknown Pin: Pin R32C-1
Add Pin To Net: Unknown Pin: Pin R32C-2
Add Pin To Net: Unknown Pin: Pin R33A-1
Add Pin To Net: Unknown Pin: Pin R33A-2
Add Pin To Net: Unknown Pin: Pin R33B-1
Add Pin To Net: Unknown Pin: Pin R33B-2
Add Pin To Net: Unknown Pin: Pin R33C-1
Add Pin To Net: Unknown Pin: Pin R33C-2
Add Pin To Net: Unknown Pin: Pin R34A-1
Add Pin To Net: Unknown Pin: Pin R34A-2
Add Pin To Net: Unknown Pin: Pin R34B-1
Add Pin To Net: Unknown Pin: Pin R34B-2
Add Pin To Net: Unknown Pin: Pin R34C-1
Add Pin To Net: Unknown Pin: Pin R34C-2
Add Pin To Net: Unknown Pin: Pin R35A-1
Add Pin To Net: Unknown Pin: Pin R35A-2
Add Pin To Net: Unknown Pin: Pin R35B-1
Add Pin To Net: Unknown Pin: Pin R35B-2
Add Pin To Net: Unknown Pin: Pin R35C-1
Add Pin To Net: Unknown Pin: Pin R35C-2
Add Pin To Net: Unknown Pin: Pin R36A-1
Add Pin To Net: Unknown Pin: Pin R36A-2
Add Pin To Net: Unknown Pin: Pin R36B-1
Add Pin To Net: Unknown Pin: Pin R36B-2
Add Pin To Net: Unknown Pin: Pin R36C-1
Add Pin To Net: Unknown Pin: Pin R36C-2
Add Pin To Net: Unknown Pin: Pin R37A-1
Add Pin To Net: Unknown Pin: Pin R37A-2
Add Pin To Net: Unknown Pin: Pin R37B-1
Add Pin To Net: Unknown Pin: Pin R37B-2
Add Pin To Net: Unknown Pin: Pin R37C-1
Add Pin To Net: Unknown Pin: Pin R37C-2
Add Pin To Net: Unknown Pin: Pin R38A-1
Add Pin To Net: Unknown Pin: Pin R38A-2
Add Pin To Net: Unknown Pin: Pin R38B-1
Add Pin To Net: Unknown Pin: Pin R38B-2
Add Pin To Net: Unknown Pin: Pin R38C-1
Add Pin To Net: Unknown Pin: Pin R38C-2
Add Pin To Net: Unknown Pin: Pin R39A-1
Add Pin To Net: Unknown Pin: Pin R39A-2
Add Pin To Net: Unknown Pin: Pin R39B-1
Add Pin To Net: Unknown Pin: Pin R39B-2
Add Pin To Net: Unknown Pin: Pin R39C-1
Add Pin To Net: Unknown Pin: Pin R39C-2
Add Pin To Net: Unknown Pin: Pin R40A-1
Add Pin To Net: Unknown Pin: Pin R40A-2
Add Pin To Net: Unknown Pin: Pin R40B-1
Add Pin To Net: Unknown Pin: Pin R40B-2
Add Pin To Net: Unknown Pin: Pin R40C-1
Add Pin To Net: Unknown Pin: Pin R40C-2
Add Pin To Net: Unknown Pin: Pin R41A-1
Add Pin To Net: Unknown Pin: Pin R41A-2
Add Pin To Net: Unknown Pin: Pin R41B-1
Add Pin To Net: Unknown Pin: Pin R41B-2
Add Pin To Net: Unknown Pin: Pin R41C-1
Add Pin To Net: Unknown Pin: Pin R41C-2
Add Pin To Net: Unknown Pin: Pin R42A-1
Add Pin To Net: Unknown Pin: Pin R42A-2
Add Pin To Net: Unknown Pin: Pin R42B-1
Add Pin To Net: Unknown Pin: Pin R42B-2
Add Pin To Net: Unknown Pin: Pin R42C-1
Add Pin To Net: Unknown Pin: Pin R42C-2
Add Pin To Net: Unknown Pin: Pin R43A-1
Add Pin To Net: Unknown Pin: Pin R43A-2
Add Pin To Net: Unknown Pin: Pin R43B-1
Add Pin To Net: Unknown Pin: Pin R43B-2
Add Pin To Net: Unknown Pin: Pin R43C-1
Add Pin To Net: Unknown Pin: Pin R43C-2
Add Pin To Net: Unknown Pin: Pin R44A-1
Add Pin To Net: Unknown Pin: Pin R44A-2
Add Pin To Net: Unknown Pin: Pin R44B-1
Add Pin To Net: Unknown Pin: Pin R44B-2
Add Pin To Net: Unknown Pin: Pin R44C-1
Add Pin To Net: Unknown Pin: Pin R44C-2
Add Pin To Net: Unknown Pin: Pin R45A-1
Add Pin To Net: Unknown Pin: Pin R45A-2
Add Pin To Net: Unknown Pin: Pin R45B-1
Add Pin To Net: Unknown Pin: Pin R45B-2
Add Pin To Net: Unknown Pin: Pin R45C-1
Add Pin To Net: Unknown Pin: Pin R45C-2
Add Pin To Net: Unknown Pin: Pin R46A-1
Add Pin To Net: Unknown Pin: Pin R46A-2
Add Pin To Net: Unknown Pin: Pin R46B-1
Add Pin To Net: Unknown Pin: Pin R46B-2
Add Pin To Net: Unknown Pin: Pin R46C-1
Add Pin To Net: Unknown Pin: Pin R46C-2
Add Pin To Net: Unknown Pin: Pin U1A-1
Add Pin To Net: Unknown Pin: Pin U1A-2
Add Pin To Net: Unknown Pin: Pin U1A-3
Add Pin To Net: Unknown Pin: Pin U1A-4
Add Pin To Net: Unknown Pin: Pin U1A-5
Add Pin To Net: Unknown Pin: Pin U1A-6
Add Pin To Net: Unknown Pin: Pin U1A-7
Add Pin To Net: Unknown Pin: Pin U1A-8
Add Pin To Net: Unknown Pin: Pin U1A-9
Add Pin To Net: Unknown Pin: Pin U1A-10
Add Pin To Net: Unknown Pin: Pin U1A-11
Add Pin To Net: Unknown Pin: Pin U1A-12
Add Pin To Net: Unknown Pin: Pin U1A-13
Add Pin To Net: Unknown Pin: Pin U1A-18
Add Pin To Net: Unknown Pin: Pin U1A-19
Add Pin To Net: Unknown Pin: Pin U1A-33
Add Pin To Net: Unknown Pin: Pin U1A-36
Add Pin To Net: Unknown Pin: Pin U1A-37
Add Pin To Net: Unknown Pin: Pin U1A-38
Add Pin To Net: Unknown Pin: Pin U1A-39
Add Pin To Net: Unknown Pin: Pin U1A-40
Add Pin To Net: Unknown Pin: Pin U1A-41
Add Pin To Net: Unknown Pin: Pin U1A-42
Add Pin To Net: Unknown Pin: Pin U1A-43
Add Pin To Net: Unknown Pin: Pin U1A-44
Add Pin To Net: Unknown Pin: Pin U1A-45
Add Pin To Net: Unknown Pin: Pin U1A-46
Add Pin To Net: Unknown Pin: Pin U1A-48
Add Pin To Net: Unknown Pin: Pin U1B-1
Add Pin To Net: Unknown Pin: Pin U1B-2
Add Pin To Net: Unknown Pin: Pin U1B-3
Add Pin To Net: Unknown Pin: Pin U1B-4
Add Pin To Net: Unknown Pin: Pin U1B-5
Add Pin To Net: Unknown Pin: Pin U1B-6
Add Pin To Net: Unknown Pin: Pin U1B-7
Add Pin To Net: Unknown Pin: Pin U1B-8
Add Pin To Net: Unknown Pin: Pin U1B-9
Add Pin To Net: Unknown Pin: Pin U1B-10
Add Pin To Net: Unknown Pin: Pin U1B-11
Add Pin To Net: Unknown Pin: Pin U1B-12
Add Pin To Net: Unknown Pin: Pin U1B-13
Add Pin To Net: Unknown Pin: Pin U1B-18
Add Pin To Net: Unknown Pin: Pin U1B-19
Add Pin To Net: Unknown Pin: Pin U1B-33
Add Pin To Net: Unknown Pin: Pin U1B-36
Add Pin To Net: Unknown Pin: Pin U1B-37
Add Pin To Net: Unknown Pin: Pin U1B-38
Add Pin To Net: Unknown Pin: Pin U1B-39
Add Pin To Net: Unknown Pin: Pin U1B-40
Add Pin To Net: Unknown Pin: Pin U1B-41
Add Pin To Net: Unknown Pin: Pin U1B-42
Add Pin To Net: Unknown Pin: Pin U1B-43
Add Pin To Net: Unknown Pin: Pin U1B-44
Add Pin To Net: Unknown Pin: Pin U1B-45
Add Pin To Net: Unknown Pin: Pin U1B-46
Add Pin To Net: Unknown Pin: Pin U1B-48
Add Pin To Net: Unknown Pin: Pin U1C-1
Add Pin To Net: Unknown Pin: Pin U1C-2
Add Pin To Net: Unknown Pin: Pin U1C-3
Add Pin To Net: Unknown Pin: Pin U1C-4
Add Pin To Net: Unknown Pin: Pin U1C-5
Add Pin To Net: Unknown Pin: Pin U1C-6
Add Pin To Net: Unknown Pin: Pin U1C-7
Add Pin To Net: Unknown Pin: Pin U1C-8
Add Pin To Net: Unknown Pin: Pin U1C-9
Add Pin To Net: Unknown Pin: Pin U1C-10
Add Pin To Net: Unknown Pin: Pin U1C-11
Add Pin To Net: Unknown Pin: Pin U1C-12
Add Pin To Net: Unknown Pin: Pin U1C-13
Add Pin To Net: Unknown Pin: Pin U1C-18
Add Pin To Net: Unknown Pin: Pin U1C-19
Add Pin To Net: Unknown Pin: Pin U1C-33
Add Pin To Net: Unknown Pin: Pin U1C-36
Add Pin To Net: Unknown Pin: Pin U1C-37
Add Pin To Net: Unknown Pin: Pin U1C-38
Add Pin To Net: Unknown Pin: Pin U1C-39
Add Pin To Net: Unknown Pin: Pin U1C-40
Add Pin To Net: Unknown Pin: Pin U1C-41
Add Pin To Net: Unknown Pin: Pin U1C-42
Add Pin To Net: Unknown Pin: Pin U1C-43
Add Pin To Net: Unknown Pin: Pin U1C-44
Add Pin To Net: Unknown Pin: Pin U1C-45
Add Pin To Net: Unknown Pin: Pin U1C-46
Add Pin To Net: Unknown Pin: Pin U1C-48
Add Pin To Net: Unknown Pin: Pin U2A-1
Add Pin To Net: Unknown Pin: Pin U2A-2
Add Pin To Net: Unknown Pin: Pin U2A-4
Add Pin To Net: Unknown Pin: Pin U2A-5
Add Pin To Net: Unknown Pin: Pin U2B-1
Add Pin To Net: Unknown Pin: Pin U2B-2
Add Pin To Net: Unknown Pin: Pin U2B-4
Add Pin To Net: Unknown Pin: Pin U2B-5
Add Pin To Net: Unknown Pin: Pin U2C-1
Add Pin To Net: Unknown Pin: Pin U2C-2
Add Pin To Net: Unknown Pin: Pin U2C-4
Add Pin To Net: Unknown Pin: Pin U2C-5
Add Pin To Net: Unknown Pin: Pin U3A-1
Add Pin To Net: Unknown Pin: Pin U3A-2
Add Pin To Net: Unknown Pin: Pin U3A-3
Add Pin To Net: Unknown Pin: Pin U3A-4
Add Pin To Net: Unknown Pin: Pin U3A-5
Add Pin To Net: Unknown Pin: Pin U3A-6
Add Pin To Net: Unknown Pin: Pin U3A-7
Add Pin To Net: Unknown Pin: Pin U3A-8
Add Pin To Net: Unknown Pin: Pin U3B-1
Add Pin To Net: Unknown Pin: Pin U3B-2
Add Pin To Net: Unknown Pin: Pin U3B-3
Add Pin To Net: Unknown Pin: Pin U3B-4
Add Pin To Net: Unknown Pin: Pin U3B-5
Add Pin To Net: Unknown Pin: Pin U3B-6
Add Pin To Net: Unknown Pin: Pin U3B-7
Add Pin To Net: Unknown Pin: Pin U3B-8
Add Pin To Net: Unknown Pin: Pin U3C-1
Add Pin To Net: Unknown Pin: Pin U3C-2
Add Pin To Net: Unknown Pin: Pin U3C-3
Add Pin To Net: Unknown Pin: Pin U3C-4
Add Pin To Net: Unknown Pin: Pin U3C-5
Add Pin To Net: Unknown Pin: Pin U3C-6
Add Pin To Net: Unknown Pin: Pin U3C-7
Add Pin To Net: Unknown Pin: Pin U3C-8
Add Pin To Net: Unknown Pin: Pin U4A-1
Add Pin To Net: Unknown Pin: Pin U4A-2
Add Pin To Net: Unknown Pin: Pin U4A-3
Add Pin To Net: Unknown Pin: Pin U4A-4
Add Pin To Net: Unknown Pin: Pin U4A-5
Add Pin To Net: Unknown Pin: Pin U4A-6
Add Pin To Net: Unknown Pin: Pin U4A-7
Add Pin To Net: Unknown Pin: Pin U4A-8
Add Pin To Net: Unknown Pin: Pin U4A-9
Add Pin To Net: Unknown Pin: Pin U4A-10
Add Pin To Net: Unknown Pin: Pin U4A-11
Add Pin To Net: Unknown Pin: Pin U4A-12
Add Pin To Net: Unknown Pin: Pin U4A-13
Add Pin To Net: Unknown Pin: Pin U4A-14
Add Pin To Net: Unknown Pin: Pin U4B-1
Add Pin To Net: Unknown Pin: Pin U4B-2
Add Pin To Net: Unknown Pin: Pin U4B-3
Add Pin To Net: Unknown Pin: Pin U4B-4
Add Pin To Net: Unknown Pin: Pin U4B-5
Add Pin To Net: Unknown Pin: Pin U4B-6
Add Pin To Net: Unknown Pin: Pin U4B-7
Add Pin To Net: Unknown Pin: Pin U4B-8
Add Pin To Net: Unknown Pin: Pin U4B-9
Add Pin To Net: Unknown Pin: Pin U4B-10
Add Pin To Net: Unknown Pin: Pin U4B-11
Add Pin To Net: Unknown Pin: Pin U4B-12
Add Pin To Net: Unknown Pin: Pin U4B-13
Add Pin To Net: Unknown Pin: Pin U4B-14
Add Pin To Net: Unknown Pin: Pin U4C-1
Add Pin To Net: Unknown Pin: Pin U4C-2
Add Pin To Net: Unknown Pin: Pin U4C-3
Add Pin To Net: Unknown Pin: Pin U4C-4
Add Pin To Net: Unknown Pin: Pin U4C-5
Add Pin To Net: Unknown Pin: Pin U4C-6
Add Pin To Net: Unknown Pin: Pin U4C-7
Add Pin To Net: Unknown Pin: Pin U4C-8
Add Pin To Net: Unknown Pin: Pin U4C-9
Add Pin To Net: Unknown Pin: Pin U4C-10
Add Pin To Net: Unknown Pin: Pin U4C-11
Add Pin To Net: Unknown Pin: Pin U4C-12
Add Pin To Net: Unknown Pin: Pin U4C-13
Add Pin To Net: Unknown Pin: Pin U4C-14
Add Pin To Net: Unknown Pin: Pin X3A-1
Add Pin To Net: Unknown Pin: Pin X3A-2
Add Pin To Net: Unknown Pin: Pin X3A-3
Add Pin To Net: Unknown Pin: Pin X3A-4
Add Pin To Net: Unknown Pin: Pin X3A-5
Add Pin To Net: Unknown Pin: Pin X3A-6
Add Pin To Net: Unknown Pin: Pin X3B-1
Add Pin To Net: Unknown Pin: Pin X3B-2
Add Pin To Net: Unknown Pin: Pin X3B-3
Add Pin To Net: Unknown Pin: Pin X3B-4
Add Pin To Net: Unknown Pin: Pin X3B-5
Add Pin To Net: Unknown Pin: Pin X3B-6
Add Pin To Net: Unknown Pin: Pin X3C-1
Add Pin To Net: Unknown Pin: Pin X3C-2
Add Pin To Net: Unknown Pin: Pin X3C-3
Add Pin To Net: Unknown Pin: Pin X3C-4
Add Pin To Net: Unknown Pin: Pin X3C-5
Add Pin To Net: Unknown Pin: Pin X3C-6
Add Pin To Net: Unknown Pin: Pin XT1A-1
Add Pin To Net: Unknown Pin: Pin XT1A-2
Add Pin To Net: Unknown Pin: Pin XT1A-3
Add Pin To Net: Unknown Pin: Pin XT1A-4
Add Pin To Net: Unknown Pin: Pin XT1B-1
Add Pin To Net: Unknown Pin: Pin XT1B-2
Add Pin To Net: Unknown Pin: Pin XT1B-3
Add Pin To Net: Unknown Pin: Pin XT1B-4
Add Pin To Net: Unknown Pin: Pin XT1C-1
Add Pin To Net: Unknown Pin: Pin XT1C-2
Add Pin To Net: Unknown Pin: Pin XT1C-3
Add Pin To Net: Unknown Pin: Pin XT1C-4
Add Class Member: Failed to add class member : Component BS1A (BS1) HI1206T500R-10
Add Class Member: Failed to add class member : Component BS1B (BS1) HI1206T500R-10
Add Class Member: Failed to add class member : Component BS1C (BS1) HI1206T500R-10
Add Class Member: Failed to add class member : Component BS2A (BS2) HI1206T500R-10
Add Class Member: Failed to add class member : Component BS2B (BS2) HI1206T500R-10
Add Class Member: Failed to add class member : Component BS2C (BS2) HI1206T500R-10
Add Class Member: Failed to add class member : Component C1A (C1) 4.7uF
Add Class Member: Failed to add class member : Component C1B (C1) 4.7uF
Add Class Member: Failed to add class member : Component C1C (C1) 4.7uF
Add Class Member: Failed to add class member : Component C2A (C2) 10nF
Add Class Member: Failed to add class member : Component C2B (C2) 10nF
Add Class Member: Failed to add class member : Component C2C (C2) 10nF
Add Class Member: Failed to add class member : Component C3A (C3) 20pF
Add Class Member: Failed to add class member : Component C3B (C3) 20pF
Add Class Member: Failed to add class member : Component C3C (C3) 20pF
Add Class Member: Failed to add class member : Component C4A (C4) 20pF
Add Class Member: Failed to add class member : Component C4B (C4) 20pF
Add Class Member: Failed to add class member : Component C4C (C4) 20pF
Add Class Member: Failed to add class member : Component C5A (C5) 10uF
Add Class Member: Failed to add class member : Component C5B (C5) 10uF
Add Class Member: Failed to add class member : Component C5C (C5) 10uF
Add Class Member: Failed to add class member : Component C6A (C6) 10nF
Add Class Member: Failed to add class member : Component C6B (C6) 10nF
Add Class Member: Failed to add class member : Component C6C (C6) 10nF
Add Class Member: Failed to add class member : Component C7A (C7) 10nF
Add Class Member: Failed to add class member : Component C7B (C7) 10nF
Add Class Member: Failed to add class member : Component C7C (C7) 10nF
Add Class Member: Failed to add class member : Component C8A (C8) 10nF
Add Class Member: Failed to add class member : Component C8B (C8) 10nF
Add Class Member: Failed to add class member : Component C8C (C8) 10nF
Add Class Member: Failed to add class member : Component C9A (C9) 4.7uF
Add Class Member: Failed to add class member : Component C9B (C9) 4.7uF
Add Class Member: Failed to add class member : Component C9C (C9) 4.7uF
Add Class Member: Failed to add class member : Component C10A (C10) 4.7uF
Add Class Member: Failed to add class member : Component C10B (C10) 4.7uF
Add Class Member: Failed to add class member : Component C10C (C10) 4.7uF
Add Class Member: Failed to add class member : Component C11A (C11) 1uF
Add Class Member: Failed to add class member : Component C11B (C11) 1uF
Add Class Member: Failed to add class member : Component C11C (C11) 1uF
Add Class Member: Failed to add class member : Component C12A (C12) 100nF
Add Class Member: Failed to add class member : Component C12B (C12) 100nF
Add Class Member: Failed to add class member : Component C12C (C12) 100nF
Add Class Member: Failed to add class member : Component C13A (C13) 2.2uF
Add Class Member: Failed to add class member : Component C13B (C13) 2.2uF
Add Class Member: Failed to add class member : Component C13C (C13) 2.2uF
Add Class Member: Failed to add class member : Component C14A (C14) 120pF
Add Class Member: Failed to add class member : Component C14B (C14) 120pF
Add Class Member: Failed to add class member : Component C14C (C14) 120pF
Add Class Member: Failed to add class member : Component C15A (C15) 120pF
Add Class Member: Failed to add class member : Component C15B (C15) 120pF
Add Class Member: Failed to add class member : Component C15C (C15) 120pF
Add Class Member: Failed to add class member : Component C16A (C16) 100pF
Add Class Member: Failed to add class member : Component C16B (C16) 100pF
Add Class Member: Failed to add class member : Component C16C (C16) 100pF
Add Class Member: Failed to add class member : Component C17A (C17) 100pF
Add Class Member: Failed to add class member : Component C17B (C17) 100pF
Add Class Member: Failed to add class member : Component C17C (C17) 100pF
Add Class Member: Failed to add class member : Component C18A (C18) 100pF
Add Class Member: Failed to add class member : Component C18B (C18) 100pF
Add Class Member: Failed to add class member : Component C18C (C18) 100pF
Add Class Member: Failed to add class member : Component C19A (C19) 100pF
Add Class Member: Failed to add class member : Component C19B (C19) 100pF
Add Class Member: Failed to add class member : Component C19C (C19) 100pF
Add Class Member: Failed to add class member : Component C20A (C20) 1nF
Add Class Member: Failed to add class member : Component C20B (C20) 1nF
Add Class Member: Failed to add class member : Component C20C (C20) 1nF
Add Class Member: Failed to add class member : Component C21A (C21) 1nF
Add Class Member: Failed to add class member : Component C21B (C21) 1nF
Add Class Member: Failed to add class member : Component C21C (C21) 1nF
Add Class Member: Failed to add class member : Component C22A (C22) 1nF
Add Class Member: Failed to add class member : Component C22B (C22) 1nF
Add Class Member: Failed to add class member : Component C22C (C22) 1nF
Add Class Member: Failed to add class member : Component C23A (C23) 1nF
Add Class Member: Failed to add class member : Component C23B (C23) 1nF
Add Class Member: Failed to add class member : Component C23C (C23) 1nF
Add Class Member: Failed to add class member : Component C24A (C24) 100nF
Add Class Member: Failed to add class member : Component C24B (C24) 100nF
Add Class Member: Failed to add class member : Component C24C (C24) 100nF
Add Class Member: Failed to add class member : Component C25A (C25) 1nF
Add Class Member: Failed to add class member : Component C25B (C25) 1nF
Add Class Member: Failed to add class member : Component C25C (C25) 1nF
Add Class Member: Failed to add class member : Component C26A (C26) 1nF
Add Class Member: Failed to add class member : Component C26B (C26) 1nF
Add Class Member: Failed to add class member : Component C26C (C26) 1nF
Add Class Member: Failed to add class member : Component C27A (C27) 1nF
Add Class Member: Failed to add class member : Component C27B (C27) 1nF
Add Class Member: Failed to add class member : Component C27C (C27) 1nF
Add Class Member: Failed to add class member : Component C28A (C28) 1nF
Add Class Member: Failed to add class member : Component C28B (C28) 1nF
Add Class Member: Failed to add class member : Component C28C (C28) 1nF
Add Class Member: Failed to add class member : Component D1A (D1) BAV99,235
Add Class Member: Failed to add class member : Component D1B (D1) BAV99,235
Add Class Member: Failed to add class member : Component D1C (D1) BAV99,235
Add Class Member: Failed to add class member : Component D2A (D2) BAV99,235
Add Class Member: Failed to add class member : Component D2B (D2) BAV99,235
Add Class Member: Failed to add class member : Component D2C (D2) BAV99,235
Add Class Member: Failed to add class member : Component D3A (D3) SBAS70-04LT1G
Add Class Member: Failed to add class member : Component D3B (D3) SBAS70-04LT1G
Add Class Member: Failed to add class member : Component D3C (D3) SBAS70-04LT1G
Add Class Member: Failed to add class member : Component D4A (D4) SBAS70-04LT1G
Add Class Member: Failed to add class member : Component D4B (D4) SBAS70-04LT1G
Add Class Member: Failed to add class member : Component D4C (D4) SBAS70-04LT1G
Add Class Member: Failed to add class member : Component D5A (D5) SBAS70-04LT1G
Add Class Member: Failed to add class member : Component D5B (D5) SBAS70-04LT1G
Add Class Member: Failed to add class member : Component D5C (D5) SBAS70-04LT1G
Add Class Member: Failed to add class member : Component D6A (D6) SBAS70-04LT1G
Add Class Member: Failed to add class member : Component D6B (D6) SBAS70-04LT1G
Add Class Member: Failed to add class member : Component D6C (D6) SBAS70-04LT1G
Add Class Member: Failed to add class member : Component LED1 150060BS75000
Add Class Member: Failed to add class member : Component LED2 150060RS75000
Add Class Member: Failed to add class member : Component LED3 150060GS75000
Add Class Member: Failed to add class member : Component Q1A (Q1) BC846BLT3G
Add Class Member: Failed to add class member : Component Q1B (Q1) BC846BLT3G
Add Class Member: Failed to add class member : Component Q1C (Q1) BC846BLT3G
Add Class Member: Failed to add class member : Component Q2A (Q2) BC856B,215
Add Class Member: Failed to add class member : Component Q2B (Q2) BC856B,215
Add Class Member: Failed to add class member : Component Q2C (Q2) BC856B,215
Add Class Member: Failed to add class member : Component Q3A (Q3) BC846BLT3G
Add Class Member: Failed to add class member : Component Q3B (Q3) BC846BLT3G
Add Class Member: Failed to add class member : Component Q3C (Q3) BC846BLT3G
Add Class Member: Failed to add class member : Component Q4A (Q4) BC856B,215
Add Class Member: Failed to add class member : Component Q4B (Q4) BC856B,215
Add Class Member: Failed to add class member : Component Q4C (Q4) BC856B,215
Add Class Member: Failed to add class member : Component R3 24.9k
Add Class Member: Failed to add class member : Component R4 3.01k
Add Class Member: Failed to add class member : Component R5 1.3k
Add Class Member: Failed to add class member : Component R6A (R6) 10k
Add Class Member: Failed to add class member : Component R6B (R6) 10k
Add Class Member: Failed to add class member : Component R6C (R6) 10k
Add Class Member: Failed to add class member : Component R7A (R7) 10k
Add Class Member: Failed to add class member : Component R7B (R7) 10k
Add Class Member: Failed to add class member : Component R7C (R7) 10k
Add Class Member: Failed to add class member : Component R8A (R8) 15k
Add Class Member: Failed to add class member : Component R8B (R8) 15k
Add Class Member: Failed to add class member : Component R8C (R8) 15k
Add Class Member: Failed to add class member : Component R9A (R9) 10k
Add Class Member: Failed to add class member : Component R9B (R9) 10k
Add Class Member: Failed to add class member : Component R9C (R9) 10k
Add Class Member: Failed to add class member : Component R10A (R10) 10k
Add Class Member: Failed to add class member : Component R10B (R10) 10k
Add Class Member: Failed to add class member : Component R10C (R10) 10k
Add Class Member: Failed to add class member : Component R11A (R11) 10k
Add Class Member: Failed to add class member : Component R11B (R11) 10k
Add Class Member: Failed to add class member : Component R11C (R11) 10k
Add Class Member: Failed to add class member : Component R12A (R12) 10k
Add Class Member: Failed to add class member : Component R12B (R12) 10k
Add Class Member: Failed to add class member : Component R12C (R12) 10k
Add Class Member: Failed to add class member : Component R13A (R13) 15k
Add Class Member: Failed to add class member : Component R13B (R13) 15k
Add Class Member: Failed to add class member : Component R13C (R13) 15k
Add Class Member: Failed to add class member : Component R14A (R14) 10k
Add Class Member: Failed to add class member : Component R14B (R14) 10k
Add Class Member: Failed to add class member : Component R14C (R14) 10k
Add Class Member: Failed to add class member : Component R15A (R15) 10k
Add Class Member: Failed to add class member : Component R15B (R15) 10k
Add Class Member: Failed to add class member : Component R15C (R15) 10k
Add Class Member: Failed to add class member : Component R16A (R16) 10k
Add Class Member: Failed to add class member : Component R16B (R16) 10k
Add Class Member: Failed to add class member : Component R16C (R16) 10k
Add Class Member: Failed to add class member : Component R17A (R17) 10k
Add Class Member: Failed to add class member : Component R17B (R17) 10k
Add Class Member: Failed to add class member : Component R17C (R17) 10k
Add Class Member: Failed to add class member : Component R18A (R18) 10k
Add Class Member: Failed to add class member : Component R18B (R18) 10k
Add Class Member: Failed to add class member : Component R18C (R18) 10k
Add Class Member: Failed to add class member : Component R19A (R19) 10k
Add Class Member: Failed to add class member : Component R19B (R19) 10k
Add Class Member: Failed to add class member : Component R19C (R19) 10k
Add Class Member: Failed to add class member : Component R20A (R20) 7.5k
Add Class Member: Failed to add class member : Component R20B (R20) 7.5k
Add Class Member: Failed to add class member : Component R20C (R20) 7.5k
Add Class Member: Failed to add class member : Component R21A (R21) 22k
Add Class Member: Failed to add class member : Component R21B (R21) 22k
Add Class Member: Failed to add class member : Component R21C (R21) 22k
Add Class Member: Failed to add class member : Component R22A (R22) 10k
Add Class Member: Failed to add class member : Component R22B (R22) 10k
Add Class Member: Failed to add class member : Component R22C (R22) 10k
Add Class Member: Failed to add class member : Component R23A (R23) 10k
Add Class Member: Failed to add class member : Component R23B (R23) 10k
Add Class Member: Failed to add class member : Component R23C (R23) 10k
Add Class Member: Failed to add class member : Component R24A (R24) 10k
Add Class Member: Failed to add class member : Component R24B (R24) 10k
Add Class Member: Failed to add class member : Component R24C (R24) 10k
Add Class Member: Failed to add class member : Component R25A (R25) 15.4k
Add Class Member: Failed to add class member : Component R25B (R25) 15.4k
Add Class Member: Failed to add class member : Component R25C (R25) 15.4k
Add Class Member: Failed to add class member : Component R26A (R26) 15.4k
Add Class Member: Failed to add class member : Component R26B (R26) 15.4k
Add Class Member: Failed to add class member : Component R26C (R26) 15.4k
Add Class Member: Failed to add class member : Component R27A (R27) 2.2k
Add Class Member: Failed to add class member : Component R27B (R27) 2.2k
Add Class Member: Failed to add class member : Component R27C (R27) 2.2k
Add Class Member: Failed to add class member : Component R28A (R28) 3.3
Add Class Member: Failed to add class member : Component R28B (R28) 3.3
Add Class Member: Failed to add class member : Component R28C (R28) 3.3
Add Class Member: Failed to add class member : Component R29A (R29) 3.3
Add Class Member: Failed to add class member : Component R29B (R29) 3.3
Add Class Member: Failed to add class member : Component R29C (R29) 3.3
Add Class Member: Failed to add class member : Component R30A (R30) 2.2k
Add Class Member: Failed to add class member : Component R30B (R30) 2.2k
Add Class Member: Failed to add class member : Component R30C (R30) 2.2k
Add Class Member: Failed to add class member : Component R31A (R31) 2.2k
Add Class Member: Failed to add class member : Component R31B (R31) 2.2k
Add Class Member: Failed to add class member : Component R31C (R31) 2.2k
Add Class Member: Failed to add class member : Component R32A (R32) 3.3
Add Class Member: Failed to add class member : Component R32B (R32) 3.3
Add Class Member: Failed to add class member : Component R32C (R32) 3.3
Add Class Member: Failed to add class member : Component R33A (R33) 3.3
Add Class Member: Failed to add class member : Component R33B (R33) 3.3
Add Class Member: Failed to add class member : Component R33C (R33) 3.3
Add Class Member: Failed to add class member : Component R34A (R34) 2.2k
Add Class Member: Failed to add class member : Component R34B (R34) 2.2k
Add Class Member: Failed to add class member : Component R34C (R34) 2.2k
Add Class Member: Failed to add class member : Component R35A (R35) 4.7
Add Class Member: Failed to add class member : Component R35B (R35) 4.7
Add Class Member: Failed to add class member : Component R35C (R35) 4.7
Add Class Member: Failed to add class member : Component R36A (R36) 4.7
Add Class Member: Failed to add class member : Component R36B (R36) 4.7
Add Class Member: Failed to add class member : Component R36C (R36) 4.7
Add Class Member: Failed to add class member : Component R37A (R37) 4.7
Add Class Member: Failed to add class member : Component R37B (R37) 4.7
Add Class Member: Failed to add class member : Component R37C (R37) 4.7
Add Class Member: Failed to add class member : Component R38A (R38) 4.7
Add Class Member: Failed to add class member : Component R38B (R38) 4.7
Add Class Member: Failed to add class member : Component R38C (R38) 4.7
Add Class Member: Failed to add class member : Component R39A (R39) 100
Add Class Member: Failed to add class member : Component R39B (R39) 100
Add Class Member: Failed to add class member : Component R39C (R39) 100
Add Class Member: Failed to add class member : Component R40A (R40) 100
Add Class Member: Failed to add class member : Component R40B (R40) 100
Add Class Member: Failed to add class member : Component R40C (R40) 100
Add Class Member: Failed to add class member : Component R41A (R41) 100
Add Class Member: Failed to add class member : Component R41B (R41) 100
Add Class Member: Failed to add class member : Component R41C (R41) 100
Add Class Member: Failed to add class member : Component R42A (R42) 100
Add Class Member: Failed to add class member : Component R42B (R42) 100
Add Class Member: Failed to add class member : Component R42C (R42) 100
Add Class Member: Failed to add class member : Component R43A (R43) 4.7k
Add Class Member: Failed to add class member : Component R43B (R43) 4.7k
Add Class Member: Failed to add class member : Component R43C (R43) 4.7k
Add Class Member: Failed to add class member : Component R44A (R44) 4.7k
Add Class Member: Failed to add class member : Component R44B (R44) 4.7k
Add Class Member: Failed to add class member : Component R44C (R44) 4.7k
Add Class Member: Failed to add class member : Component R45A (R45) 4.7k
Add Class Member: Failed to add class member : Component R45B (R45) 4.7k
Add Class Member: Failed to add class member : Component R45C (R45) 4.7k
Add Class Member: Failed to add class member : Component R46A (R46) 4.7k
Add Class Member: Failed to add class member : Component R46B (R46) 4.7k
Add Class Member: Failed to add class member : Component R46C (R46) 4.7k
Add Class Member: Failed to add class member : Component U1A (U1) AD2S1210
Add Class Member: Failed to add class member : Component U1B (U1) AD2S1210
Add Class Member: Failed to add class member : Component U1C (U1) AD2S1210
Add Class Member: Failed to add class member : Component U2A (U2) PDS1-S24-S12-M-TR
Add Class Member: Failed to add class member : Component U2B (U2) PDS1-S24-S12-M-TR
Add Class Member: Failed to add class member : Component U2C (U2) PDS1-S24-S12-M-TR
Add Class Member: Failed to add class member : Component U3A (U3A) AD8662ARZ
Add Class Member: Failed to add class member : Component U3B (U3A) AD8662ARZ
Add Class Member: Failed to add class member : Component U3C (U3A) AD8662ARZ
Add Class Member: Failed to add class member : Component U4A (U4A) LT1639HS#PBF
Add Class Member: Failed to add class member : Component U4B (U4A) LT1639HS#PBF
Add Class Member: Failed to add class member : Component U4C (U4A) LT1639HS#PBF
Add Class Member: Failed to add class member : Component X3A (X3) IPL1-103-01-L-D-RA-K
Add Class Member: Failed to add class member : Component X3B (X3) IPL1-103-01-L-D-RA-K
Add Class Member: Failed to add class member : Component X3C (X3) IPL1-103-01-L-D-RA-K
Add Class Member: Failed to add class member : Component XT1A (XT1) ECS-80-18-30B-AGN-TR
Add Class Member: Failed to add class member : Component XT1B (XT1) ECS-80-18-30B-AGN-TR
Add Class Member: Failed to add class member : Component XT1C (XT1) ECS-80-18-30B-AGN-TR
