Removed Pin From Net: NetName=N_SAMPLE2 Pin=X1-18
Removed Pin From Net: NetName=N_SAMPLE3 Pin=X1-21
Removed Pin From Net: NetName=Resolver_SDI1 Pin=X1-22
Removed Pin From Net: NetName=Resolver_SDI2 Pin=X1-25
Removed Pin From Net: NetName=A1_Resolver1 Pin=X1-26
Removed Pin From Net: NetName=A0_Resolver1 Pin=X1-29
Removed Pin From Net: NetName=FSYNC2 Pin=X1-30
Removed Pin From Net: NetName=FSYNC3 Pin=X1-33
Removed Pin From Net: NetName=Resolver_SCLK1 Pin=X1-34
Removed Pin From Net: NetName=Resolver_SCLK2 Pin=X1-37
Removed Pin From Net: NetName=Resolver_SCLK3 Pin=X1-38
Removed Pin From Net: NetName=\Reset_Resolver1 Pin=X1-41
Removed Pin From Net: NetName=A1_Resolver2 Pin=X1-45
Removed Pin From Net: NetName=A0_Resolver2 Pin=X1-46
Removed Pin From Net: NetName=Resolver_SDI3 Pin=X1-49
Removed Pin From Net: NetName=FSYNC1 Pin=X1-50
Removed Pin From Net: NetName=\Reset_Resolver3 Pin=X1-53
Removed Pin From Net: NetName=\Resolver_CS3 Pin=X1-54
Removed Pin From Net: NetName=Resolver_SDO1 Pin=X1-57
Removed Pin From Net: NetName=\Resolver_CS1 Pin=X1-58
Removed Pin From Net: NetName=\Resolver_CS2 Pin=X1-61
Removed Pin From Net: NetName=A1_Resolver3 Pin=X1-62
Removed Pin From Net: NetName=A0_Resolver3 Pin=X1-65
Removed Pin From Net: NetName=Resolver_SDO2 Pin=X1-66
Removed Pin From Net: NetName=GND Pin=X2-3
Removed Pin From Net: NetName=GND Pin=X2-7
Removed Pin From Net: NetName=GND Pin=X2-11
Added Pin To Net: NetName=Resolver_SDI1 Pin=X1-18
Added Pin To Net: NetName=FSYNC1 Pin=X1-21
Added Pin To Net: NetName=Resolver_SCLK1 Pin=X1-22
Added Pin To Net: NetName=\Reset_Resolver1 Pin=X1-25
Added Pin To Net: NetName=A0_Resolver2 Pin=X1-26
Added Pin To Net: NetName=N_SAMPLE3 Pin=X1-29
Added Pin To Net: NetName=\Resolver_CS1 Pin=X1-30
Added Pin To Net: NetName=Resolver_SDO1 Pin=X1-33
Added Pin To Net: NetName=N_SAMPLE2 Pin=X1-34
Added Pin To Net: NetName=Resolver_SDI2 Pin=X1-37
Added Pin To Net: NetName=FSYNC2 Pin=X1-38
Added Pin To Net: NetName=Resolver_SCLK2 Pin=X1-41
Added Pin To Net: NetName=\Resolver_CS2 Pin=X1-45
Added Pin To Net: NetName=Resolver_SDI3 Pin=X1-46
Added Pin To Net: NetName=A1_Resolver1 Pin=X1-49
Added Pin To Net: NetName=A0_Resolver1 Pin=X1-50
Added Pin To Net: NetName=A1_Resolver2 Pin=X1-53
Added Pin To Net: NetName=A1_Resolver3 Pin=X1-54
Added Pin To Net: NetName=A0_Resolver3 Pin=X1-57
Added Pin To Net: NetName=Resolver_SCLK3 Pin=X1-58
Added Pin To Net: NetName=\Reset_Resolver3 Pin=X1-61
Added Pin To Net: NetName=Resolver_SDO2 Pin=X1-62
Added Pin To Net: NetName=FSYNC3 Pin=X1-65
Added Pin To Net: NetName=\Resolver_CS3 Pin=X1-66
Added Pin To Net: NetName=DIG_IO_29 Pin=X2-3
Added Pin To Net: NetName=DIG_IO_28 Pin=X2-7
Added Pin To Net: NetName=DIG_IO_27 Pin=X2-11
