Removed Pin From Net: NetName=AGND_RESOLVER Pin=BS1A-1
Removed Pin From Net: NetName=AGND_RESOLVER Pin=BS1B-1
Removed Pin From Net: NetName=+5V_Resolver Pin=BS2A-1
Removed Pin From Net: NetName=+5V_Resolver Pin=BS2B-1
Removed Pin From Net: NetName=+5V_Resolver Pin=C1A-2
Removed Pin From Net: NetName=+5V_Resolver Pin=C1B-2
Removed Pin From Net: NetName=+5V_Resolver Pin=C2A-2
Removed Pin From Net: NetName=+5V_Resolver Pin=C2B-2
Removed Pin From Net: NetName=AGND_RESOLVER Pin=C5A-1
Removed Pin From Net: NetName=AGND_RESOLVER Pin=C5B-1
Removed Pin From Net: NetName=AGND_RESOLVER Pin=C6A-2
Removed Pin From Net: NetName=AGND_RESOLVER Pin=C6B-2
Removed Pin From Net: NetName=+5V_Resolver Pin=C8A-1
Removed Pin From Net: NetName=AGND_RESOLVER Pin=C8A-2
Removed Pin From Net: NetName=+5V_Resolver Pin=C8B-1
Removed Pin From Net: NetName=AGND_RESOLVER Pin=C8B-2
Removed Pin From Net: NetName=+5V_Resolver Pin=C9A-1
Removed Pin From Net: NetName=AGND_RESOLVER Pin=C9A-2
Removed Pin From Net: NetName=+5V_Resolver Pin=C9B-1
Removed Pin From Net: NetName=AGND_RESOLVER Pin=C9B-2
Removed Pin From Net: NetName=+12V Pin=C12B-1
Removed Pin From Net: NetName=+12V Pin=C12C-1
Removed Pin From Net: NetName=+12V Pin=C13B-1
Removed Pin From Net: NetName=+12V Pin=C13C-1
Removed Pin From Net: NetName=+5V_Resolver Pin=C24A-1
Removed Pin From Net: NetName=+5V_Resolver Pin=C24B-1
Removed Pin From Net: NetName=+5V_Resolver Pin=D10A-2
Removed Pin From Net: NetName=+5V_Resolver Pin=D10B-2
Removed Pin From Net: NetName=+5V_Resolver Pin=D11A-2
Removed Pin From Net: NetName=+5V_Resolver Pin=D11B-2
Removed Pin From Net: NetName=+5V_Resolver Pin=D12A-2
Removed Pin From Net: NetName=+5V_Resolver Pin=D12B-2
Removed Pin From Net: NetName=+5V_Resolver Pin=D13A-2
Removed Pin From Net: NetName=+5V_Resolver Pin=D13B-2
Removed Pin From Net: NetName=+12V Pin=Q1B-3
Removed Pin From Net: NetName=+12V Pin=Q1C-3
Removed Pin From Net: NetName=+12V Pin=Q3B-3
Removed Pin From Net: NetName=+12V Pin=Q3C-3
Removed Pin From Net: NetName=+5V_Resolver Pin=R20A-2
Removed Pin From Net: NetName=+5V_Resolver Pin=R20B-2
Removed Pin From Net: NetName=VREF_Resolver Pin=R28B-1
Removed Pin From Net: NetName=+12V Pin=R28B-2
Removed Pin From Net: NetName=VREF_Resolver Pin=R28C-1
Removed Pin From Net: NetName=+12V Pin=R28C-2
Removed Pin From Net: NetName=VREF_Resolver Pin=R29B-2
Removed Pin From Net: NetName=VREF_Resolver Pin=R29C-2
Removed Pin From Net: NetName=+12V Pin=R34B-2
Removed Pin From Net: NetName=+12V Pin=R34C-2
Removed Pin From Net: NetName=+12V Pin=R38B-2
Removed Pin From Net: NetName=+12V Pin=R38C-2
Removed Pin From Net: NetName=+12V Pin=TP11B-1
Removed Pin From Net: NetName=+12V Pin=TP11C-1
Removed Pin From Net: NetName=+5V_Resolver Pin=U1A-6
Removed Pin From Net: NetName=AGND_RESOLVER Pin=U1A-40
Removed Pin From Net: NetName=+5V_Resolver Pin=U1A-43
Removed Pin From Net: NetName=+5V_Resolver Pin=U1B-6
Removed Pin From Net: NetName=AGND_RESOLVER Pin=U1B-40
Removed Pin From Net: NetName=+5V_Resolver Pin=U1B-43
Removed Pin From Net: NetName=+12V Pin=U2B-5
Removed Pin From Net: NetName=+12V Pin=U2C-5
Removed Pin From Net: NetName=VREF_Resolver Pin=U3B-3
Removed Pin From Net: NetName=VREF_Resolver Pin=U3B-5
Removed Pin From Net: NetName=+12V Pin=U3B-8
Removed Pin From Net: NetName=VREF_Resolver Pin=U3C-3
Removed Pin From Net: NetName=VREF_Resolver Pin=U3C-5
Removed Pin From Net: NetName=+12V Pin=U3C-8
Removed Pin From Net: NetName=+5V_Resolver Pin=U4A-4
Removed Pin From Net: NetName=+5V_Resolver Pin=U4B-4
Removed Member From Class: ClassName=Buffer_EXCA Member=D12A
Removed Member From Class: ClassName=Buffer_EXCB Member=D12B
Removed Member From Class: ClassName=Buffer_EXCC Member=D12C
Removed Member From Class: ClassName=Buffer_EXCA Member=D13A
Removed Member From Class: ClassName=Buffer_EXCB Member=D13B
Removed Member From Class: ClassName=Buffer_EXCC Member=D13C
Removed Member From Class: ClassName=U_ResolverA Member=R39A
Removed Member From Class: ClassName=U_ResolverC Member=R39C
Removed Member From Class: ClassName=U_ResolverB Member=R40B
Removed Member From Class: ClassName=U_ResolverA Member=R41A
Removed Member From Class: ClassName=U_ResolverC Member=R41C
Removed Member From Class: ClassName=U_ResolverB Member=R42B
Removed Member From Class: ClassName=Buffer_EXCA Member=R50A
Removed Member From Class: ClassName=U_ResolverA Member=R50A
Removed Member From Class: ClassName=Buffer_EXCC Member=R50C
Removed Member From Class: ClassName=U_ResolverC Member=R50C
Removed Member From Class: ClassName=Buffer_EXCA Member=R51A
Removed Member From Class: ClassName=Buffer_EXCB Member=R51B
Removed Member From Class: ClassName=U_ResolverB Member=R51B
Removed Member From Class: ClassName=Buffer_EXCC Member=R51C
Removed Member From Class: ClassName=Buffer_EXCA Member=R52A
Removed Member From Class: ClassName=U_ResolverA Member=R52A
Removed Member From Class: ClassName=Buffer_EXCB Member=R52B
Removed Member From Class: ClassName=Buffer_EXCC Member=R52C
Removed Member From Class: ClassName=U_ResolverC Member=R52C
Removed Member From Class: ClassName=Buffer_EXCA Member=R53A
Removed Member From Class: ClassName=Buffer_EXCB Member=R53B
Removed Member From Class: ClassName=U_ResolverB Member=R53B
Removed Member From Class: ClassName=Buffer_EXCC Member=R53C
Change Component Designator: OldDesignator=R50 NewDesignator=R5
Change Component Designator: OldDesignator=R51 NewDesignator=R6
Change Component Designator: OldDesignator=R52 NewDesignator=R11
Change Component Designator: OldDesignator=R53 NewDesignator=R12
Add Component: Footprint Not Found SERIAL
Change Net Name : Old Net Name=+5V_Resolver New Net Name=+5V_ResolverC
Change Net Name : Old Net Name=+12V New Net Name=+12VA
Change Net Name : Old Net Name=AGND_RESOLVER New Net Name=AGND_RESOLVERC
Change Net Name : Old Net Name=VREF_Resolver New Net Name=VREF_ResolverA
Added Pin To Net: NetName=+5V_ResolverA Pin=BS2A-1
Added Pin To Net: NetName=+5V_ResolverA Pin=C1A-2
Added Pin To Net: NetName=+5V_ResolverA Pin=C2A-2
Added Pin To Net: NetName=+5V_ResolverA Pin=C8A-1
Added Pin To Net: NetName=+5V_ResolverA Pin=C9A-1
Added Pin To Net: NetName=+5V_ResolverA Pin=C24A-1
Added Pin To Net: NetName=+5V_ResolverA Pin=D10A-2
Added Pin To Net: NetName=+5V_ResolverA Pin=D11A-2
Added Pin To Net: NetName=+5V_ResolverA Pin=D12A-2
Added Pin To Net: NetName=+5V_ResolverA Pin=D13A-2
Added Pin To Net: NetName=+5V_ResolverA Pin=R20A-2
Added Pin To Net: NetName=+5V_ResolverA Pin=U1A-6
Added Pin To Net: NetName=+5V_ResolverA Pin=U1A-43
Added Pin To Net: NetName=+5V_ResolverA Pin=U4A-4
Added Net: Name=+5V_ResolverA
Added Pin To Net: NetName=+5V_ResolverB Pin=BS2B-1
Added Pin To Net: NetName=+5V_ResolverB Pin=C1B-2
Added Pin To Net: NetName=+5V_ResolverB Pin=C2B-2
Added Pin To Net: NetName=+5V_ResolverB Pin=C8B-1
Added Pin To Net: NetName=+5V_ResolverB Pin=C9B-1
Added Pin To Net: NetName=+5V_ResolverB Pin=C24B-1
Added Pin To Net: NetName=+5V_ResolverB Pin=D10B-2
Added Pin To Net: NetName=+5V_ResolverB Pin=D11B-2
Added Pin To Net: NetName=+5V_ResolverB Pin=D12B-2
Added Pin To Net: NetName=+5V_ResolverB Pin=D13B-2
Added Pin To Net: NetName=+5V_ResolverB Pin=R20B-2
Added Pin To Net: NetName=+5V_ResolverB Pin=U1B-6
Added Pin To Net: NetName=+5V_ResolverB Pin=U1B-43
Added Pin To Net: NetName=+5V_ResolverB Pin=U4B-4
Added Net: Name=+5V_ResolverB
Added Pin To Net: NetName=+12VB Pin=C12B-1
Added Pin To Net: NetName=+12VB Pin=C13B-1
Added Pin To Net: NetName=+12VB Pin=Q1B-3
Added Pin To Net: NetName=+12VB Pin=Q3B-3
Added Pin To Net: NetName=+12VB Pin=R28B-2
Added Pin To Net: NetName=+12VB Pin=R34B-2
Added Pin To Net: NetName=+12VB Pin=R38B-2
Added Pin To Net: NetName=+12VB Pin=TP11B-1
Added Pin To Net: NetName=+12VB Pin=U2B-5
Added Pin To Net: NetName=+12VB Pin=U3B-8
Added Net: Name=+12VB
Added Pin To Net: NetName=+12VC Pin=C12C-1
Added Pin To Net: NetName=+12VC Pin=C13C-1
Added Pin To Net: NetName=+12VC Pin=Q1C-3
Added Pin To Net: NetName=+12VC Pin=Q3C-3
Added Pin To Net: NetName=+12VC Pin=R28C-2
Added Pin To Net: NetName=+12VC Pin=R34C-2
Added Pin To Net: NetName=+12VC Pin=R38C-2
Added Pin To Net: NetName=+12VC Pin=TP11C-1
Added Pin To Net: NetName=+12VC Pin=U2C-5
Added Pin To Net: NetName=+12VC Pin=U3C-8
Added Net: Name=+12VC
Added Pin To Net: NetName=AGND_RESOLVERA Pin=BS1A-1
Added Pin To Net: NetName=AGND_RESOLVERA Pin=C5A-1
Added Pin To Net: NetName=AGND_RESOLVERA Pin=C6A-2
Added Pin To Net: NetName=AGND_RESOLVERA Pin=C8A-2
Added Pin To Net: NetName=AGND_RESOLVERA Pin=C9A-2
Added Pin To Net: NetName=AGND_RESOLVERA Pin=U1A-40
Added Net: Name=AGND_RESOLVERA
Added Pin To Net: NetName=AGND_RESOLVERB Pin=BS1B-1
Added Pin To Net: NetName=AGND_RESOLVERB Pin=C5B-1
Added Pin To Net: NetName=AGND_RESOLVERB Pin=C6B-2
Added Pin To Net: NetName=AGND_RESOLVERB Pin=C8B-2
Added Pin To Net: NetName=AGND_RESOLVERB Pin=C9B-2
Added Pin To Net: NetName=AGND_RESOLVERB Pin=U1B-40
Added Net: Name=AGND_RESOLVERB
Added Pin To Net: NetName=VREF_ResolverB Pin=R28B-1
Added Pin To Net: NetName=VREF_ResolverB Pin=R29B-2
Added Pin To Net: NetName=VREF_ResolverB Pin=U3B-3
Added Pin To Net: NetName=VREF_ResolverB Pin=U3B-5
Added Net: Name=VREF_ResolverB
Added Pin To Net: NetName=VREF_ResolverC Pin=R28C-1
Added Pin To Net: NetName=VREF_ResolverC Pin=R29C-2
Added Pin To Net: NetName=VREF_ResolverC Pin=U3C-3
Added Pin To Net: NetName=VREF_ResolverC Pin=U3C-5
Added Net: Name=VREF_ResolverC
Added Member To Class: ClassName=DigitalCarrierJack Member=Component D3 150060RS86000
Added Member To Class: ClassName=Buffer_EXCA Member=Component D8A (D8) BAV99,235
Added Member To Class: ClassName=Buffer_EXCB Member=Component D8B (D8) BAV99,235
Added Member To Class: ClassName=Buffer_EXCC Member=Component D8C (D8) BAV99,235
Added Member To Class: ClassName=Buffer_EXCA Member=Component D9A (D9) BAV99,235
Added Member To Class: ClassName=Buffer_EXCB Member=Component D9B (D9) BAV99,235
Added Member To Class: ClassName=Buffer_EXCC Member=Component D9C (D9) BAV99,235
Added Member To Class: ClassName=DigitalCarrierJack Member=Component F3 Littelfuse_PTC_1812
Added Member To Class: ClassName=DigitalCarrierJack Member=Component R8 0R
Added Member To Class: ClassName=U_ResolverA Member=Component R13A (R13) 10k
Added Member To Class: ClassName=U_ResolverB Member=Component R13B (R13) 10k
Added Member To Class: ClassName=U_ResolverC Member=Component R13C (R13) 10k
Added Member To Class: ClassName=U_ResolverA Member=Component R14A (R14) 10k
Added Member To Class: ClassName=U_ResolverB Member=Component R14B (R14) 10k
Added Member To Class: ClassName=U_ResolverC Member=Component R14C (R14) 10k
Added Member To Class: ClassName=U_ResolverA Member=Component R15A (R15) 15k
Added Member To Class: ClassName=U_ResolverB Member=Component R15B (R15) 15k
Added Member To Class: ClassName=U_ResolverC Member=Component R15C (R15) 15k
Added Member To Class: ClassName=U_ResolverA Member=Component R16A (R16) 10k
Added Member To Class: ClassName=U_ResolverB Member=Component R16B (R16) 10k
Added Member To Class: ClassName=U_ResolverC Member=Component R16C (R16) 10k
Added Member To Class: ClassName=U_ResolverA Member=Component R17A (R17) 10k
Added Member To Class: ClassName=U_ResolverB Member=Component R17B (R17) 10k
Added Member To Class: ClassName=U_ResolverC Member=Component R17C (R17) 10k
Added Member To Class: ClassName=U_ResolverB Member=Component R18B (R18) 10k
Added Member To Class: ClassName=U_ResolverA Member=Component R19A (R19) 10k
Added Member To Class: ClassName=U_ResolverC Member=Component R19C (R19) 10k
Added Member To Class: ClassName=U_ResolverB Member=Component R20B (R20) 15k
Added Member To Class: ClassName=U_ResolverA Member=Component R21A (R21) 10k
Added Member To Class: ClassName=U_ResolverC Member=Component R21C (R21) 10k
Added Member To Class: ClassName=U_ResolverA Member=Component R22A (R22) 10k
Added Member To Class: ClassName=U_ResolverB Member=Component R22B (R22) 10k
Added Member To Class: ClassName=U_ResolverC Member=Component R22C (R22) 10k
Added Member To Class: ClassName=U_ResolverA Member=Component R23A (R23) 10k
Added Member To Class: ClassName=U_ResolverB Member=Component R23B (R23) 10k
Added Member To Class: ClassName=U_ResolverC Member=Component R23C (R23) 10k
Added Member To Class: ClassName=U_ResolverA Member=Component R24A (R24) 10k
Added Member To Class: ClassName=U_ResolverB Member=Component R24B (R24) 10k
Added Member To Class: ClassName=U_ResolverC Member=Component R24C (R24) 10k
Added Member To Class: ClassName=U_ResolverA Member=Component R25A (R25) 10k
Added Member To Class: ClassName=U_ResolverB Member=Component R25B (R25) 10k
Added Member To Class: ClassName=U_ResolverC Member=Component R25C (R25) 10k
Added Member To Class: ClassName=U_ResolverA Member=Component R26A (R26) 10k
Added Member To Class: ClassName=U_ResolverB Member=Component R26B (R26) 10k
Added Member To Class: ClassName=U_ResolverC Member=Component R26C (R26) 10k
Added Member To Class: ClassName=U_ResolverA Member=Component R27A (R27) 7.5k
Added Member To Class: ClassName=U_ResolverB Member=Component R27B (R27) 7.5k
Added Member To Class: ClassName=U_ResolverC Member=Component R27C (R27) 7.5k
Added Member To Class: ClassName=Buffer_EXCA Member=Component R28A (R28) 22k
Added Member To Class: ClassName=Buffer_EXCB Member=Component R28B (R28) 22k
Added Member To Class: ClassName=Buffer_EXCC Member=Component R28C (R28) 22k
Added Member To Class: ClassName=Buffer_EXCA Member=Component R29A (R29) 10k
Added Member To Class: ClassName=Buffer_EXCB Member=Component R29B (R29) 10k
Added Member To Class: ClassName=Buffer_EXCC Member=Component R29C (R29) 10k
Added Member To Class: ClassName=Buffer_EXCA Member=Component R30A (R30) 10k
Added Member To Class: ClassName=Buffer_EXCB Member=Component R30B (R30) 10k
Added Member To Class: ClassName=Buffer_EXCC Member=Component R30C (R30) 10k
Added Member To Class: ClassName=Buffer_EXCA Member=Component R31A (R31) 10k
Added Member To Class: ClassName=Buffer_EXCB Member=Component R31B (R31) 10k
Added Member To Class: ClassName=Buffer_EXCC Member=Component R31C (R31) 10k
Added Member To Class: ClassName=Buffer_EXCA Member=Component R32A (R32) 15.4k
Added Member To Class: ClassName=Buffer_EXCB Member=Component R32B (R32) 15.4k
Added Member To Class: ClassName=Buffer_EXCC Member=Component R32C (R32) 15.4k
Added Member To Class: ClassName=Buffer_EXCA Member=Component R33A (R33) 15.4k
Added Member To Class: ClassName=Buffer_EXCB Member=Component R33B (R33) 15.4k
Added Member To Class: ClassName=Buffer_EXCC Member=Component R33C (R33) 15.4k
Added Member To Class: ClassName=Buffer_EXCA Member=Component R34A (R34) 2.2k
Added Member To Class: ClassName=Buffer_EXCB Member=Component R34B (R34) 2.2k
Added Member To Class: ClassName=Buffer_EXCC Member=Component R34C (R34) 2.2k
Added Member To Class: ClassName=Buffer_EXCA Member=Component R35A (R35) 3.3
Added Member To Class: ClassName=Buffer_EXCB Member=Component R35B (R35) 3.3
Added Member To Class: ClassName=Buffer_EXCC Member=Component R35C (R35) 3.3
Added Member To Class: ClassName=Buffer_EXCA Member=Component R36A (R36) 3.3
Added Member To Class: ClassName=Buffer_EXCB Member=Component R36B (R36) 3.3
Added Member To Class: ClassName=Buffer_EXCC Member=Component R36C (R36) 3.3
Added Member To Class: ClassName=Buffer_EXCA Member=Component R37A (R37) 2.2k
Added Member To Class: ClassName=Buffer_EXCB Member=Component R37B (R37) 2.2k
Added Member To Class: ClassName=Buffer_EXCC Member=Component R37C (R37) 2.2k
Added Member To Class: ClassName=Buffer_EXCA Member=Component R38A (R38) 2.2k
Added Member To Class: ClassName=Buffer_EXCB Member=Component R38B (R38) 2.2k
Added Member To Class: ClassName=Buffer_EXCC Member=Component R38C (R38) 2.2k
Added Member To Class: ClassName=Buffer_EXCB Member=Component R39B (R39) 3.3
Added Member To Class: ClassName=Buffer_EXCA Member=Component R40A (R40) 3.3
Added Member To Class: ClassName=Buffer_EXCC Member=Component R40C (R40) 3.3
Added Member To Class: ClassName=Buffer_EXCB Member=Component R41B (R41) 2.2k
Added Member To Class: ClassName=Buffer_EXCA Member=Component R42A (R42) 4.7
Added Member To Class: ClassName=Buffer_EXCC Member=Component R42C (R42) 4.7
Added Member To Class: ClassName=Buffer_EXCA Member=Component R43A (R43) 4.7
Added Member To Class: ClassName=Buffer_EXCB Member=Component R43B (R43) 4.7
Added Member To Class: ClassName=Buffer_EXCC Member=Component R43C (R43) 4.7
Added Member To Class: ClassName=Buffer_EXCA Member=Component R44A (R44) 4.7
Added Member To Class: ClassName=Buffer_EXCB Member=Component R44B (R44) 4.7
Added Member To Class: ClassName=Buffer_EXCC Member=Component R44C (R44) 4.7
Added Member To Class: ClassName=Buffer_EXCA Member=Component R45A (R45) 4.7
Added Member To Class: ClassName=Buffer_EXCB Member=Component R45B (R45) 4.7
Added Member To Class: ClassName=Buffer_EXCC Member=Component R45C (R45) 4.7
Added Member To Class: ClassName=Impedance ConverterA Member=Component R46A (R46) 100
Added Member To Class: ClassName=Impedance ConverterB Member=Component R46B (R46) 100
Added Member To Class: ClassName=Impedance ConverterC Member=Component R46C (R46) 100
Added Member To Class: ClassName=Impedance ConverterA Member=Component R47A (R47) 100
Added Member To Class: ClassName=Impedance ConverterB Member=Component R47B (R47) 100
Added Member To Class: ClassName=Impedance ConverterC Member=Component R47C (R47) 100
Added Member To Class: ClassName=Impedance ConverterA Member=Component R48A (R48) 100
Added Member To Class: ClassName=Impedance ConverterB Member=Component R48B (R48) 100
Added Member To Class: ClassName=Impedance ConverterC Member=Component R48C (R48) 100
Added Member To Class: ClassName=Impedance ConverterA Member=Component R49A (R49) 100
Added Member To Class: ClassName=Impedance ConverterB Member=Component R49B (R49) 100
Added Member To Class: ClassName=Impedance ConverterC Member=Component R49C (R49) 100
